<?xml version="1.0" encoding="utf-8"?>
<CoverageSession xmlns:xsd="http://www.w3.org/2001/XMLSchema" xmlns:xsi="http://www.w3.org/2001/XMLSchema-instance">
  <Summary numSequencePoints="415" visitedSequencePoints="415" numBranchPoints="108" visitedBranchPoints="107" sequenceCoverage="100" branchCoverage="99.07" maxCyclomaticComplexity="8" minCyclomaticComplexity="1" visitedClasses="30" numClasses="30" visitedMethods="70" numMethods="70" />
  <Modules>
    <Module skippedDueTo="Filter" hash="8C-EE-96-50-DC-F5-86-B6-94-CD-56-42-83-AA-50-4C-48-84-1B-D2">
      <ModulePath>C:\Windows\Microsoft.Net\assembly\GAC_64\mscorlib\v4.0_4.0.0.0__b77a5c561934e089\mscorlib.dll</ModulePath>
      <ModuleTime>2016-11-30T06:27:46.5737994Z</ModuleTime>
      <ModuleName>mscorlib</ModuleName>
      <Classes />
    </Module>
    <Module skippedDueTo="MissingPdb" hash="70-0A-8C-00-26-D7-8E-3A-41-3C-43-6D-01-3C-09-CC-C9-73-85-C0">
      <ModulePath>D:\git\tsqllint\packages\NUnit.ConsoleRunner.3.6.1\tools\nunit3-console.exe</ModulePath>
      <ModuleTime>2017-06-30T12:11:38.843727Z</ModuleTime>
      <ModuleName>nunit3-console</ModuleName>
      <Classes />
    </Module>
    <Module skippedDueTo="Filter" hash="9E-A8-D1-57-B6-3B-86-2E-8C-02-F2-54-6C-52-59-FE-F4-15-49-3E">
      <ModulePath>C:\Windows\Microsoft.Net\assembly\GAC_MSIL\System\v4.0_4.0.0.0__b77a5c561934e089\System.dll</ModulePath>
      <ModuleTime>2017-03-27T03:33:36Z</ModuleTime>
      <ModuleName>System</ModuleName>
      <Classes />
    </Module>
    <Module skippedDueTo="MissingPdb" hash="90-A5-CB-F1-B1-A1-C2-DE-2A-BF-0B-6F-28-E9-82-CA-41-44-09-3A">
      <ModulePath>D:\git\tsqllint\packages\NUnit.ConsoleRunner.3.6.1\tools\nunit.engine.api.dll</ModulePath>
      <ModuleTime>2017-06-30T12:11:38.8367261Z</ModuleTime>
      <ModuleName>nunit.engine.api</ModuleName>
      <Classes />
    </Module>
    <Module skippedDueTo="MissingPdb" hash="96-DE-EF-3F-02-DC-0C-37-07-3E-B9-1D-D2-EF-F9-A2-D3-8E-11-00">
      <ModulePath>D:\git\tsqllint\packages\NUnit.ConsoleRunner.3.6.1\tools\nunit.engine.dll</ModulePath>
      <ModuleTime>2017-06-30T12:11:38.8397265Z</ModuleTime>
      <ModuleName>nunit.engine</ModuleName>
      <Classes />
    </Module>
    <Module skippedDueTo="MissingPdb" hash="96-DE-EF-3F-02-DC-0C-37-07-3E-B9-1D-D2-EF-F9-A2-D3-8E-11-00">
      <ModulePath>D:\git\tsqllint\packages\NUnit.ConsoleRunner.3.6.1\tools\nunit.engine.dll</ModulePath>
      <ModuleTime>2017-06-30T12:11:38.8397265Z</ModuleTime>
      <ModuleName>nunit.engine</ModuleName>
      <Classes />
    </Module>
    <Module skippedDueTo="Filter" hash="1A-0D-72-44-61-32-2D-54-98-83-81-C0-BD-43-07-DA-2F-35-5E-35">
      <ModulePath>C:\Windows\Microsoft.Net\assembly\GAC_MSIL\System.Xml\v4.0_4.0.0.0__b77a5c561934e089\System.Xml.dll</ModulePath>
      <ModuleTime>2016-11-30T06:34:16Z</ModuleTime>
      <ModuleName>System.Xml</ModuleName>
      <Classes />
    </Module>
    <Module skippedDueTo="Filter" hash="CC-B1-6B-7E-07-79-C2-06-C2-F8-66-21-A6-0D-24-64-C3-8F-0B-D8">
      <ModulePath>C:\Windows\Microsoft.Net\assembly\GAC_64\System.Web\v4.0_4.0.0.0__b03f5f7f11d50a3a\System.Web.dll</ModulePath>
      <ModuleTime>2016-11-30T06:27:46.5894255Z</ModuleTime>
      <ModuleName>System.Web</ModuleName>
      <Classes />
    </Module>
    <Module skippedDueTo="MissingPdb" hash="8A-2E-8F-D6-9D-39-02-4A-2F-30-FC-06-42-F7-0F-A8-32-69-07-72">
      <ModulePath>D:\git\tsqllint\packages\NUnit.ConsoleRunner.3.6.1\tools\Mono.Cecil.dll</ModulePath>
      <ModuleTime>2017-06-30T12:11:38.8277256Z</ModuleTime>
      <ModuleName>Mono.Cecil</ModuleName>
      <Classes />
    </Module>
    <Module skippedDueTo="Filter" hash="3F-13-FA-77-77-83-38-BD-C5-E4-6C-2B-34-36-8E-07-BF-E7-9F-CA">
      <ModulePath>C:\Windows\Microsoft.Net\assembly\GAC_MSIL\System.Runtime.Remoting\v4.0_4.0.0.0__b77a5c561934e089\System.Runtime.Remoting.dll</ModulePath>
      <ModuleTime>2016-11-30T06:34:16Z</ModuleTime>
      <ModuleName>System.Runtime.Remoting</ModuleName>
      <Classes />
    </Module>
    <Module skippedDueTo="Filter" hash="E6-43-68-4E-1F-39-56-94-26-B3-14-DF-37-27-49-5B-21-24-D7-42">
      <ModulePath>C:\Windows\Microsoft.Net\assembly\GAC_MSIL\System.Configuration\v4.0_4.0.0.0__b03f5f7f11d50a3a\System.Configuration.dll</ModulePath>
      <ModuleTime>2016-11-30T06:34:16Z</ModuleTime>
      <ModuleName>System.Configuration</ModuleName>
      <Classes />
    </Module>
    <Module skippedDueTo="Filter" hash="8C-EE-96-50-DC-F5-86-B6-94-CD-56-42-83-AA-50-4C-48-84-1B-D2">
      <ModulePath>C:\Windows\Microsoft.Net\assembly\GAC_64\mscorlib\v4.0_4.0.0.0__b77a5c561934e089\mscorlib.dll</ModulePath>
      <ModuleTime>2016-11-30T06:27:46.5737994Z</ModuleTime>
      <ModuleName>mscorlib</ModuleName>
      <Classes />
    </Module>
    <Module skippedDueTo="MissingPdb" hash="75-5F-1A-C1-0E-E6-C9-A3-EC-A1-F0-6E-89-B4-98-86-0B-A8-B2-AD">
      <ModulePath>D:\git\tsqllint\packages\NUnit.ConsoleRunner.3.6.1\tools\nunit-agent.exe</ModulePath>
      <ModuleTime>2017-06-30T12:11:38.832726Z</ModuleTime>
      <ModuleName>nunit-agent</ModuleName>
      <Classes />
    </Module>
    <Module skippedDueTo="MissingPdb" hash="96-DE-EF-3F-02-DC-0C-37-07-3E-B9-1D-D2-EF-F9-A2-D3-8E-11-00">
      <ModulePath>D:\git\tsqllint\packages\NUnit.ConsoleRunner.3.6.1\tools\nunit.engine.dll</ModulePath>
      <ModuleTime>2017-06-30T12:11:38.8397265Z</ModuleTime>
      <ModuleName>nunit.engine</ModuleName>
      <Classes />
    </Module>
    <Module skippedDueTo="MissingPdb" hash="90-A5-CB-F1-B1-A1-C2-DE-2A-BF-0B-6F-28-E9-82-CA-41-44-09-3A">
      <ModulePath>D:\git\tsqllint\packages\NUnit.ConsoleRunner.3.6.1\tools\nunit.engine.api.dll</ModulePath>
      <ModuleTime>2017-06-30T12:11:38.8367261Z</ModuleTime>
      <ModuleName>nunit.engine.api</ModuleName>
      <Classes />
    </Module>
    <Module skippedDueTo="Filter" hash="9E-A8-D1-57-B6-3B-86-2E-8C-02-F2-54-6C-52-59-FE-F4-15-49-3E">
      <ModulePath>C:\Windows\Microsoft.Net\assembly\GAC_MSIL\System\v4.0_4.0.0.0__b77a5c561934e089\System.dll</ModulePath>
      <ModuleTime>2017-03-27T03:33:36Z</ModuleTime>
      <ModuleName>System</ModuleName>
      <Classes />
    </Module>
    <Module skippedDueTo="Filter" hash="3F-13-FA-77-77-83-38-BD-C5-E4-6C-2B-34-36-8E-07-BF-E7-9F-CA">
      <ModulePath>C:\Windows\Microsoft.Net\assembly\GAC_MSIL\System.Runtime.Remoting\v4.0_4.0.0.0__b77a5c561934e089\System.Runtime.Remoting.dll</ModulePath>
      <ModuleTime>2016-11-30T06:34:16Z</ModuleTime>
      <ModuleName>System.Runtime.Remoting</ModuleName>
      <Classes />
    </Module>
    <Module skippedDueTo="Filter" hash="1A-0D-72-44-61-32-2D-54-98-83-81-C0-BD-43-07-DA-2F-35-5E-35">
      <ModulePath>C:\Windows\Microsoft.Net\assembly\GAC_MSIL\System.Xml\v4.0_4.0.0.0__b77a5c561934e089\System.Xml.dll</ModulePath>
      <ModuleTime>2016-11-30T06:34:16Z</ModuleTime>
      <ModuleName>System.Xml</ModuleName>
      <Classes />
    </Module>
    <Module skippedDueTo="Filter" hash="CC-B1-6B-7E-07-79-C2-06-C2-F8-66-21-A6-0D-24-64-C3-8F-0B-D8">
      <ModulePath>C:\Windows\Microsoft.Net\assembly\GAC_64\System.Web\v4.0_4.0.0.0__b03f5f7f11d50a3a\System.Web.dll</ModulePath>
      <ModuleTime>2016-11-30T06:27:46.5894255Z</ModuleTime>
      <ModuleName>System.Web</ModuleName>
      <Classes />
    </Module>
    <Module skippedDueTo="MissingPdb" hash="8A-2E-8F-D6-9D-39-02-4A-2F-30-FC-06-42-F7-0F-A8-32-69-07-72">
      <ModulePath>D:\git\tsqllint\packages\NUnit.ConsoleRunner.3.6.1\tools\Mono.Cecil.dll</ModulePath>
      <ModuleTime>2017-06-30T12:11:38.8277256Z</ModuleTime>
      <ModuleName>Mono.Cecil</ModuleName>
      <Classes />
    </Module>
    <Module skippedDueTo="Filter" hash="E6-43-68-4E-1F-39-56-94-26-B3-14-DF-37-27-49-5B-21-24-D7-42">
      <ModulePath>C:\Windows\Microsoft.Net\assembly\GAC_MSIL\System.Configuration\v4.0_4.0.0.0__b03f5f7f11d50a3a\System.Configuration.dll</ModulePath>
      <ModuleTime>2016-11-30T06:34:16Z</ModuleTime>
      <ModuleName>System.Configuration</ModuleName>
      <Classes />
    </Module>
    <Module skippedDueTo="MissingPdb" hash="DE-6F-4F-B5-38-CC-77-7B-8C-2C-DD-D4-82-02-87-E2-91-2C-AE-6A">
      <ModulePath>D:\git\tsqllint\TSQLLINT_TESTS\bin\Debug\nunit.framework.dll</ModulePath>
      <ModuleTime>2017-06-29T18:49:43.1529964Z</ModuleTime>
      <ModuleName>nunit.framework</ModuleName>
      <Classes />
    </Module>
    <Module skippedDueTo="Filter" hash="9E-A8-D1-57-B6-3B-86-2E-8C-02-F2-54-6C-52-59-FE-F4-15-49-3E">
      <ModulePath>C:\Windows\Microsoft.Net\assembly\GAC_MSIL\System\v4.0_4.0.0.0__b77a5c561934e089\System.dll</ModulePath>
      <ModuleTime>2017-03-27T03:33:36Z</ModuleTime>
      <ModuleName>System</ModuleName>
      <Classes />
    </Module>
    <Module skippedDueTo="Filter" hash="2A-73-17-F7-F2-F7-21-07-74-F0-AF-A2-C8-0A-2D-34-E1-76-F3-24">
      <ModulePath>C:\Windows\Microsoft.Net\assembly\GAC_MSIL\System.Core\v4.0_4.0.0.0__b77a5c561934e089\System.Core.dll</ModulePath>
      <ModuleTime>2017-03-27T03:33:36Z</ModuleTime>
      <ModuleName>System.Core</ModuleName>
      <Classes />
    </Module>
    <Module skippedDueTo="Filter" hash="CC-B1-6B-7E-07-79-C2-06-C2-F8-66-21-A6-0D-24-64-C3-8F-0B-D8">
      <ModulePath>C:\Windows\Microsoft.Net\assembly\GAC_64\System.Web\v4.0_4.0.0.0__b03f5f7f11d50a3a\System.Web.dll</ModulePath>
      <ModuleTime>2016-11-30T06:27:46.5894255Z</ModuleTime>
      <ModuleName>System.Web</ModuleName>
      <Classes />
    </Module>
    <Module hash="9E-5E-A4-49-92-78-66-FD-8F-C1-4E-5B-BE-4E-E6-25-5B-4A-37-28">
      <Summary numSequencePoints="178" visitedSequencePoints="178" numBranchPoints="32" visitedBranchPoints="32" sequenceCoverage="100" branchCoverage="100" maxCyclomaticComplexity="4" minCyclomaticComplexity="1" visitedClasses="18" numClasses="18" visitedMethods="32" numMethods="32" />
      <ModulePath>D:\git\tsqllint\TSQLLINT_TESTS\bin\Debug\TSQLLINT_LIB_TESTS.dll</ModulePath>
      <ModuleTime>2017-06-30T01:30:51.0691115Z</ModuleTime>
      <ModuleName>TSQLLINT_LIB_TESTS</ModuleName>
      <Files>
        <File uid="1" fullPath="d:\git\tsqllint\TSQLLINT_TESTS\Integration Tests\ExceptionalCases\invalid-lint-file-path\invalid-lint-file-path-test.cs" />
        <File uid="2" fullPath="d:\git\tsqllint\TSQLLINT_TESTS\Integration Tests\ExceptionalCases\invalid-syntax\invalid-syntax-test.cs" />
        <File uid="4" fullPath="d:\git\tsqllint\TSQLLINT_TESTS\TestHelper.cs" />
        <File uid="5" fullPath="d:\git\tsqllint\TSQLLINT_TESTS\Unit Tests\Config\ConfigReaderTests.cs" />
        <File uid="6" fullPath="d:\git\tsqllint\TSQLLINT_TESTS\Integration Tests\HappyPath\happy-path-test.cs" />
        <File uid="9" fullPath="d:\git\tsqllint\TSQLLINT_TESTS\Unit Tests\Rules\schema-qualify\schema-qualify-rule-tests.cs" />
        <File uid="11" fullPath="d:\git\tsqllint\TSQLLINT_TESTS\Unit Tests\Rules\statement-semicolon-termination\statement-semicolon-termination-rule-tests.cs" />
        <File uid="13" fullPath="d:\git\tsqllint\TSQLLINT_TESTS\Unit Tests\Rules\set-transaction-isolation-level\set-transaction-isolation-level-rule-tests.cs" />
        <File uid="15" fullPath="d:\git\tsqllint\TSQLLINT_TESTS\Unit Tests\Rules\set-nocount\set-nocount-rule-tests.cs" />
        <File uid="17" fullPath="d:\git\tsqllint\TSQLLINT_TESTS\Unit Tests\Rules\select-star\select-star-rule-tests.cs" />
      </Files>
      <Classes>
        <Class>
          <Summary numSequencePoints="0" visitedSequencePoints="0" numBranchPoints="0" visitedBranchPoints="0" sequenceCoverage="0" branchCoverage="0" maxCyclomaticComplexity="0" minCyclomaticComplexity="0" visitedClasses="0" numClasses="0" visitedMethods="0" numMethods="0" />
          <FullName>&lt;Module&gt;</FullName>
          <Methods />
        </Class>
        <Class>
          <Summary numSequencePoints="7" visitedSequencePoints="7" numBranchPoints="1" visitedBranchPoints="1" sequenceCoverage="100" branchCoverage="100" maxCyclomaticComplexity="1" minCyclomaticComplexity="1" visitedClasses="1" numClasses="1" visitedMethods="1" numMethods="1" />
          <FullName>TSQLLINT_LIB_TESTS.Integration_Tests.ExceptionalCases.InvalidLintTargetTests</FullName>
          <Methods>
            <Method visited="true" cyclomaticComplexity="1" nPathComplexity="0" sequenceCoverage="100" branchCoverage="100" isConstructor="false" isStatic="false" isGetter="false" isSetter="false">
              <Summary numSequencePoints="7" visitedSequencePoints="7" numBranchPoints="1" visitedBranchPoints="1" sequenceCoverage="100" branchCoverage="100" maxCyclomaticComplexity="1" minCyclomaticComplexity="1" visitedClasses="0" numClasses="0" visitedMethods="1" numMethods="1" />
              <MetadataToken>100663297</MetadataToken>
              <Name>System.Void TSQLLINT_LIB_TESTS.Integration_Tests.ExceptionalCases.InvalidLintTargetTests::InvalidLintPath()</Name>
              <FileRef uid="1" />
              <SequencePoints>
                <SequencePoint vc="1" uspid="1" ordinal="0" offset="0" sl="14" sc="9" el="14" ec="10" bec="0" bev="0" fileid="1" />
                <SequencePoint vc="1" uspid="2" ordinal="1" offset="1" sl="15" sc="13" el="15" ec="158" bec="0" bev="0" fileid="1" />
                <SequencePoint vc="1" uspid="3" ordinal="2" offset="22" sl="17" sc="13" el="17" ec="108" bec="0" bev="0" fileid="1" />
                <SequencePoint vc="1" uspid="4" ordinal="3" offset="39" sl="18" sc="13" el="18" ec="61" bec="0" bev="0" fileid="1" />
                <SequencePoint vc="1" uspid="5" ordinal="4" offset="45" sl="19" sc="13" el="19" ec="81" bec="0" bev="0" fileid="1" />
                <SequencePoint vc="1" uspid="6" ordinal="5" offset="53" sl="21" sc="13" el="21" ec="50" bec="0" bev="0" fileid="1" />
                <SequencePoint vc="1" uspid="7" ordinal="6" offset="65" sl="22" sc="9" el="22" ec="10" bec="0" bev="0" fileid="1" />
              </SequencePoints>
              <BranchPoints />
              <MethodPoint xsi:type="SequencePoint" vc="1" uspid="1" ordinal="0" offset="0" sl="14" sc="9" el="14" ec="10" bec="0" bev="0" fileid="1" />
            </Method>
            <Method visited="true" cyclomaticComplexity="1" nPathComplexity="0" sequenceCoverage="0" branchCoverage="0" isConstructor="true" isStatic="false" isGetter="false" isSetter="false">
              <Summary numSequencePoints="0" visitedSequencePoints="0" numBranchPoints="0" visitedBranchPoints="0" sequenceCoverage="0" branchCoverage="0" maxCyclomaticComplexity="1" minCyclomaticComplexity="1" visitedClasses="0" numClasses="0" visitedMethods="0" numMethods="0" />
              <MetadataToken>100663298</MetadataToken>
              <Name>System.Void TSQLLINT_LIB_TESTS.Integration_Tests.ExceptionalCases.InvalidLintTargetTests::.ctor()</Name>
              <SequencePoints />
              <BranchPoints />
              <MethodPoint vc="1" uspid="8" ordinal="0" offset="0" />
            </Method>
          </Methods>
        </Class>
        <Class>
          <Summary numSequencePoints="7" visitedSequencePoints="7" numBranchPoints="1" visitedBranchPoints="1" sequenceCoverage="100" branchCoverage="100" maxCyclomaticComplexity="1" minCyclomaticComplexity="1" visitedClasses="1" numClasses="1" visitedMethods="1" numMethods="1" />
          <FullName>TSQLLINT_LIB_TESTS.Integration_Tests.ExceptionalCases.IntegrationExceptionalCases</FullName>
          <Methods>
            <Method visited="true" cyclomaticComplexity="1" nPathComplexity="0" sequenceCoverage="100" branchCoverage="100" isConstructor="false" isStatic="false" isGetter="false" isSetter="false">
              <Summary numSequencePoints="7" visitedSequencePoints="7" numBranchPoints="1" visitedBranchPoints="1" sequenceCoverage="100" branchCoverage="100" maxCyclomaticComplexity="1" minCyclomaticComplexity="1" visitedClasses="0" numClasses="0" visitedMethods="1" numMethods="1" />
              <MetadataToken>100663299</MetadataToken>
              <Name>System.Void TSQLLINT_LIB_TESTS.Integration_Tests.ExceptionalCases.IntegrationExceptionalCases::RuleValidationTest()</Name>
              <FileRef uid="2" />
              <SequencePoints>
                <SequencePoint vc="1" uspid="9" ordinal="0" offset="6" sl="14" sc="9" el="14" ec="10" bec="0" bev="0" fileid="2" />
                <SequencePoint vc="1" uspid="10" ordinal="1" offset="7" sl="15" sc="13" el="15" ec="148" bec="0" bev="0" fileid="2" />
                <SequencePoint vc="1" uspid="11" ordinal="2" offset="33" sl="17" sc="13" el="17" ec="108" bec="0" bev="0" fileid="2" />
                <SequencePoint vc="1" uspid="12" ordinal="3" offset="55" sl="18" sc="13" el="18" ec="61" bec="0" bev="0" fileid="2" />
                <SequencePoint vc="1" uspid="13" ordinal="4" offset="61" sl="19" sc="13" el="19" ec="81" bec="0" bev="0" fileid="2" />
                <SequencePoint vc="1" uspid="14" ordinal="5" offset="74" sl="21" sc="13" el="21" ec="83" bec="0" bev="0" fileid="2" />
                <SequencePoint vc="1" uspid="15" ordinal="6" offset="92" sl="22" sc="9" el="22" ec="10" bec="0" bev="0" fileid="2" />
              </SequencePoints>
              <BranchPoints />
              <MethodPoint vc="1" uspid="16" ordinal="0" offset="0" />
            </Method>
            <Method visited="true" cyclomaticComplexity="1" nPathComplexity="0" sequenceCoverage="0" branchCoverage="0" isConstructor="true" isStatic="false" isGetter="false" isSetter="false">
              <Summary numSequencePoints="0" visitedSequencePoints="0" numBranchPoints="0" visitedBranchPoints="0" sequenceCoverage="0" branchCoverage="0" maxCyclomaticComplexity="1" minCyclomaticComplexity="1" visitedClasses="0" numClasses="0" visitedMethods="0" numMethods="0" />
              <MetadataToken>100663300</MetadataToken>
              <Name>System.Void TSQLLINT_LIB_TESTS.Integration_Tests.ExceptionalCases.IntegrationExceptionalCases::.ctor()</Name>
              <SequencePoints />
              <BranchPoints />
              <MethodPoint vc="1" uspid="17" ordinal="0" offset="0" />
            </Method>
          </Methods>
        </Class>
        <Class>
          <Summary numSequencePoints="1" visitedSequencePoints="1" numBranchPoints="1" visitedBranchPoints="1" sequenceCoverage="100" branchCoverage="100" maxCyclomaticComplexity="1" minCyclomaticComplexity="1" visitedClasses="1" numClasses="1" visitedMethods="1" numMethods="1" />
          <FullName>TSQLLINT_LIB_TESTS.Integration_Tests.ExceptionalCases.IntegrationExceptionalCases/&lt;&gt;c__DisplayClass1</FullName>
          <Methods>
            <Method visited="true" cyclomaticComplexity="1" nPathComplexity="0" sequenceCoverage="0" branchCoverage="0" isConstructor="true" isStatic="false" isGetter="false" isSetter="false">
              <Summary numSequencePoints="0" visitedSequencePoints="0" numBranchPoints="0" visitedBranchPoints="0" sequenceCoverage="0" branchCoverage="0" maxCyclomaticComplexity="1" minCyclomaticComplexity="1" visitedClasses="0" numClasses="0" visitedMethods="0" numMethods="0" />
              <MetadataToken>100663329</MetadataToken>
              <Name>System.Void TSQLLINT_LIB_TESTS.Integration_Tests.ExceptionalCases.IntegrationExceptionalCases/&lt;&gt;c__DisplayClass1::.ctor()</Name>
              <SequencePoints />
              <BranchPoints />
              <MethodPoint vc="1" uspid="18" ordinal="0" offset="0" />
            </Method>
            <Method visited="true" cyclomaticComplexity="1" nPathComplexity="0" sequenceCoverage="100" branchCoverage="100" isConstructor="false" isStatic="false" isGetter="false" isSetter="false">
              <Summary numSequencePoints="1" visitedSequencePoints="1" numBranchPoints="1" visitedBranchPoints="1" sequenceCoverage="100" branchCoverage="100" maxCyclomaticComplexity="1" minCyclomaticComplexity="1" visitedClasses="0" numClasses="0" visitedMethods="1" numMethods="1" />
              <MetadataToken>100663330</MetadataToken>
              <Name>System.Void TSQLLINT_LIB_TESTS.Integration_Tests.ExceptionalCases.IntegrationExceptionalCases/&lt;&gt;c__DisplayClass1::&lt;RuleValidationTest&gt;b__0()</Name>
              <FileRef uid="2" />
              <SequencePoints>
                <SequencePoint vc="1" uspid="19" ordinal="0" offset="0" sl="21" sc="44" el="21" ec="81" bec="0" bev="0" fileid="2" />
              </SequencePoints>
              <BranchPoints />
              <MethodPoint xsi:type="SequencePoint" vc="1" uspid="19" ordinal="0" offset="0" sl="21" sc="44" el="21" ec="81" bec="0" bev="0" fileid="2" />
            </Method>
          </Methods>
        </Class>
        <Class>
          <Summary numSequencePoints="8" visitedSequencePoints="8" numBranchPoints="2" visitedBranchPoints="2" sequenceCoverage="100" branchCoverage="100" maxCyclomaticComplexity="1" minCyclomaticComplexity="1" visitedClasses="1" numClasses="1" visitedMethods="2" numMethods="2" />
          <FullName>TSQLLINT_LIB_TESTS.TestHelper</FullName>
          <Methods>
            <Method visited="true" cyclomaticComplexity="1" nPathComplexity="0" sequenceCoverage="100" branchCoverage="100" isConstructor="true" isStatic="false" isGetter="false" isSetter="false">
              <Summary numSequencePoints="4" visitedSequencePoints="4" numBranchPoints="1" visitedBranchPoints="1" sequenceCoverage="100" branchCoverage="100" maxCyclomaticComplexity="1" minCyclomaticComplexity="1" visitedClasses="0" numClasses="0" visitedMethods="1" numMethods="1" />
              <MetadataToken>100663301</MetadataToken>
              <Name>System.Void TSQLLINT_LIB_TESTS.TestHelper::.ctor(System.String)</Name>
              <FileRef uid="4" />
              <SequencePoints>
                <SequencePoint vc="5" uspid="20" ordinal="0" offset="0" sl="10" sc="9" el="10" ec="51" bec="0" bev="0" fileid="4" />
                <SequencePoint vc="5" uspid="21" ordinal="1" offset="7" sl="11" sc="9" el="11" ec="10" bec="0" bev="0" fileid="4" />
                <SequencePoint vc="5" uspid="22" ordinal="2" offset="8" sl="12" sc="13" el="12" ec="49" bec="0" bev="0" fileid="4" />
                <SequencePoint vc="5" uspid="23" ordinal="3" offset="15" sl="13" sc="9" el="13" ec="10" bec="0" bev="0" fileid="4" />
              </SequencePoints>
              <BranchPoints />
              <MethodPoint xsi:type="SequencePoint" vc="5" uspid="20" ordinal="0" offset="0" sl="10" sc="9" el="10" ec="51" bec="0" bev="0" fileid="4" />
            </Method>
            <Method visited="true" cyclomaticComplexity="1" nPathComplexity="0" sequenceCoverage="100" branchCoverage="100" isConstructor="false" isStatic="false" isGetter="false" isSetter="false">
              <Summary numSequencePoints="4" visitedSequencePoints="4" numBranchPoints="1" visitedBranchPoints="1" sequenceCoverage="100" branchCoverage="100" maxCyclomaticComplexity="1" minCyclomaticComplexity="1" visitedClasses="0" numClasses="0" visitedMethods="1" numMethods="1" />
              <MetadataToken>100663302</MetadataToken>
              <Name>System.String TSQLLINT_LIB_TESTS.TestHelper::GetTestFile(System.String)</Name>
              <FileRef uid="4" />
              <SequencePoints>
                <SequencePoint vc="18" uspid="24" ordinal="0" offset="0" sl="16" sc="9" el="16" ec="10" bec="0" bev="0" fileid="4" />
                <SequencePoint vc="18" uspid="25" ordinal="1" offset="1" sl="17" sc="13" el="17" ec="129" bec="0" bev="0" fileid="4" />
                <SequencePoint vc="18" uspid="26" ordinal="2" offset="29" sl="18" sc="13" el="18" ec="43" bec="0" bev="0" fileid="4" />
                <SequencePoint vc="18" uspid="27" ordinal="3" offset="38" sl="19" sc="9" el="19" ec="10" bec="0" bev="0" fileid="4" />
              </SequencePoints>
              <BranchPoints />
              <MethodPoint xsi:type="SequencePoint" vc="18" uspid="24" ordinal="0" offset="0" sl="16" sc="9" el="16" ec="10" bec="0" bev="0" fileid="4" />
            </Method>
          </Methods>
        </Class>
        <Class>
          <Summary numSequencePoints="11" visitedSequencePoints="11" numBranchPoints="3" visitedBranchPoints="3" sequenceCoverage="100" branchCoverage="100" maxCyclomaticComplexity="2" minCyclomaticComplexity="1" visitedClasses="1" numClasses="1" visitedMethods="3" numMethods="3" />
          <FullName>TSQLLINT_LIB_TESTS.Unit_Tests.Config.ConfigReaderTests</FullName>
          <Methods>
            <Method visited="true" cyclomaticComplexity="1" nPathComplexity="0" sequenceCoverage="100" branchCoverage="100" isConstructor="false" isStatic="false" isGetter="false" isSetter="false">
              <Summary numSequencePoints="6" visitedSequencePoints="6" numBranchPoints="1" visitedBranchPoints="1" sequenceCoverage="100" branchCoverage="100" maxCyclomaticComplexity="1" minCyclomaticComplexity="1" visitedClasses="0" numClasses="0" visitedMethods="1" numMethods="1" />
              <MetadataToken>100663303</MetadataToken>
              <Name>System.Void TSQLLINT_LIB_TESTS.Unit_Tests.Config.ConfigReaderTests::ReaderTests()</Name>
              <FileRef uid="5" />
              <SequencePoints>
                <SequencePoint vc="1" uspid="28" ordinal="0" offset="0" sl="13" sc="9" el="13" ec="10" bec="0" bev="0" fileid="5" />
                <SequencePoint vc="1" uspid="29" ordinal="1" offset="1" sl="14" sc="13" el="14" ec="133" bec="0" bev="0" fileid="5" />
                <SequencePoint vc="1" uspid="30" ordinal="2" offset="22" sl="15" sc="13" el="15" ec="69" bec="0" bev="0" fileid="5" />
                <SequencePoint vc="1" uspid="31" ordinal="3" offset="29" sl="16" sc="13" el="16" ec="103" bec="0" bev="0" fileid="5" />
                <SequencePoint vc="1" uspid="32" ordinal="4" offset="57" sl="17" sc="13" el="17" ec="125" bec="0" bev="0" fileid="5" />
                <SequencePoint vc="1" uspid="33" ordinal="5" offset="85" sl="18" sc="9" el="18" ec="10" bec="0" bev="0" fileid="5" />
              </SequencePoints>
              <BranchPoints />
              <MethodPoint xsi:type="SequencePoint" vc="1" uspid="28" ordinal="0" offset="0" sl="13" sc="9" el="13" ec="10" bec="0" bev="0" fileid="5" />
            </Method>
            <Method visited="true" cyclomaticComplexity="2" nPathComplexity="0" sequenceCoverage="100" branchCoverage="100" isConstructor="false" isStatic="false" isGetter="false" isSetter="false">
              <Summary numSequencePoints="3" visitedSequencePoints="3" numBranchPoints="1" visitedBranchPoints="1" sequenceCoverage="100" branchCoverage="100" maxCyclomaticComplexity="2" minCyclomaticComplexity="2" visitedClasses="0" numClasses="0" visitedMethods="1" numMethods="1" />
              <MetadataToken>100663304</MetadataToken>
              <Name>System.Void TSQLLINT_LIB_TESTS.Unit_Tests.Config.ConfigReaderTests::ConfigReadEmptyFile()</Name>
              <FileRef uid="5" />
              <SequencePoints>
                <SequencePoint vc="1" uspid="34" ordinal="0" offset="0" sl="22" sc="9" el="22" ec="10" bec="0" bev="0" fileid="5" />
                <SequencePoint vc="1" uspid="35" ordinal="1" offset="1" sl="23" sc="13" el="23" ec="75" bec="0" bev="0" fileid="5" />
                <SequencePoint vc="1" uspid="36" ordinal="2" offset="38" sl="24" sc="9" el="24" ec="10" bec="0" bev="0" fileid="5" />
              </SequencePoints>
              <BranchPoints />
              <MethodPoint xsi:type="SequencePoint" vc="1" uspid="34" ordinal="0" offset="0" sl="22" sc="9" el="22" ec="10" bec="0" bev="0" fileid="5" />
            </Method>
            <Method visited="true" cyclomaticComplexity="1" nPathComplexity="0" sequenceCoverage="0" branchCoverage="0" isConstructor="true" isStatic="false" isGetter="false" isSetter="false">
              <Summary numSequencePoints="0" visitedSequencePoints="0" numBranchPoints="0" visitedBranchPoints="0" sequenceCoverage="0" branchCoverage="0" maxCyclomaticComplexity="1" minCyclomaticComplexity="1" visitedClasses="0" numClasses="0" visitedMethods="0" numMethods="0" />
              <MetadataToken>100663305</MetadataToken>
              <Name>System.Void TSQLLINT_LIB_TESTS.Unit_Tests.Config.ConfigReaderTests::.ctor()</Name>
              <SequencePoints />
              <BranchPoints />
              <MethodPoint vc="1" uspid="39" ordinal="0" offset="0" />
            </Method>
            <Method visited="true" cyclomaticComplexity="1" nPathComplexity="0" sequenceCoverage="100" branchCoverage="100" isConstructor="false" isStatic="true" isGetter="false" isSetter="false">
              <Summary numSequencePoints="2" visitedSequencePoints="2" numBranchPoints="1" visitedBranchPoints="1" sequenceCoverage="100" branchCoverage="100" maxCyclomaticComplexity="1" minCyclomaticComplexity="1" visitedClasses="0" numClasses="0" visitedMethods="1" numMethods="1" />
              <MetadataToken>100663306</MetadataToken>
              <Name>System.Void TSQLLINT_LIB_TESTS.Unit_Tests.Config.ConfigReaderTests::&lt;ConfigReadEmptyFile&gt;b__0()</Name>
              <FileRef uid="5" />
              <SequencePoints>
                <SequencePoint vc="1" uspid="40" ordinal="0" offset="0" sl="23" sc="44" el="23" ec="45" bec="0" bev="0" fileid="5" />
                <SequencePoint vc="1" uspid="41" ordinal="1" offset="1" sl="23" sc="46" el="23" ec="71" bec="0" bev="0" fileid="5" />
              </SequencePoints>
              <BranchPoints />
              <MethodPoint xsi:type="SequencePoint" vc="1" uspid="40" ordinal="0" offset="0" sl="23" sc="44" el="23" ec="45" bec="0" bev="0" fileid="5" />
            </Method>
          </Methods>
        </Class>
        <Class>
          <Summary numSequencePoints="19" visitedSequencePoints="19" numBranchPoints="2" visitedBranchPoints="2" sequenceCoverage="100" branchCoverage="100" maxCyclomaticComplexity="1" minCyclomaticComplexity="1" visitedClasses="1" numClasses="1" visitedMethods="2" numMethods="2" />
          <FullName>TSQLLINT_LIB_TESTS.Integration_Tests.HappyPath.IntegrationHappyPathCases</FullName>
          <Methods>
            <Method visited="true" cyclomaticComplexity="1" nPathComplexity="0" sequenceCoverage="100" branchCoverage="100" isConstructor="false" isStatic="false" isGetter="false" isSetter="false">
              <Summary numSequencePoints="9" visitedSequencePoints="9" numBranchPoints="1" visitedBranchPoints="1" sequenceCoverage="100" branchCoverage="100" maxCyclomaticComplexity="1" minCyclomaticComplexity="1" visitedClasses="0" numClasses="0" visitedMethods="1" numMethods="1" />
              <MetadataToken>100663307</MetadataToken>
              <Name>System.Void TSQLLINT_LIB_TESTS.Integration_Tests.HappyPath.IntegrationHappyPathCases::HappyPathLintDirectory()</Name>
              <FileRef uid="6" />
              <SequencePoints>
                <SequencePoint vc="1" uspid="42" ordinal="0" offset="0" sl="17" sc="9" el="17" ec="10" bec="0" bev="0" fileid="6" />
                <SequencePoint vc="1" uspid="43" ordinal="1" offset="1" sl="18" sc="13" el="18" ec="125" bec="0" bev="0" fileid="6" />
                <SequencePoint vc="1" uspid="44" ordinal="2" offset="22" sl="20" sc="13" el="20" ec="108" bec="0" bev="0" fileid="6" />
                <SequencePoint vc="1" uspid="45" ordinal="3" offset="39" sl="21" sc="13" el="21" ec="61" bec="0" bev="0" fileid="6" />
                <SequencePoint vc="1" uspid="46" ordinal="4" offset="45" sl="22" sc="13" el="22" ec="85" bec="0" bev="0" fileid="6" />
                <SequencePoint vc="1" uspid="47" ordinal="5" offset="51" sl="23" sc="13" el="23" ec="81" bec="0" bev="0" fileid="6" />
                <SequencePoint vc="1" uspid="48" ordinal="6" offset="60" sl="25" sc="13" el="25" ec="51" bec="0" bev="0" fileid="6" />
                <SequencePoint vc="1" uspid="49" ordinal="7" offset="69" sl="26" sc="13" el="26" ec="64" bec="0" bev="0" fileid="6" />
                <SequencePoint vc="1" uspid="50" ordinal="8" offset="82" sl="27" sc="9" el="27" ec="10" bec="0" bev="0" fileid="6" />
              </SequencePoints>
              <BranchPoints />
              <MethodPoint xsi:type="SequencePoint" vc="1" uspid="42" ordinal="0" offset="0" sl="17" sc="9" el="17" ec="10" bec="0" bev="0" fileid="6" />
            </Method>
            <Method visited="true" cyclomaticComplexity="1" nPathComplexity="0" sequenceCoverage="100" branchCoverage="100" isConstructor="false" isStatic="false" isGetter="false" isSetter="false">
              <Summary numSequencePoints="10" visitedSequencePoints="10" numBranchPoints="1" visitedBranchPoints="1" sequenceCoverage="100" branchCoverage="100" maxCyclomaticComplexity="1" minCyclomaticComplexity="1" visitedClasses="0" numClasses="0" visitedMethods="1" numMethods="1" />
              <MetadataToken>100663308</MetadataToken>
              <Name>System.Void TSQLLINT_LIB_TESTS.Integration_Tests.HappyPath.IntegrationHappyPathCases::HappyPathLintFile()</Name>
              <FileRef uid="6" />
              <SequencePoints>
                <SequencePoint vc="1" uspid="51" ordinal="0" offset="0" sl="46" sc="9" el="46" ec="10" bec="0" bev="0" fileid="6" />
                <SequencePoint vc="1" uspid="52" ordinal="1" offset="1" sl="47" sc="13" el="47" ec="125" bec="0" bev="0" fileid="6" />
                <SequencePoint vc="1" uspid="53" ordinal="2" offset="22" sl="49" sc="13" el="49" ec="108" bec="0" bev="0" fileid="6" />
                <SequencePoint vc="1" uspid="54" ordinal="3" offset="39" sl="50" sc="13" el="50" ec="61" bec="0" bev="0" fileid="6" />
                <SequencePoint vc="1" uspid="55" ordinal="4" offset="45" sl="51" sc="13" el="51" ec="80" bec="0" bev="0" fileid="6" />
                <SequencePoint vc="1" uspid="56" ordinal="5" offset="51" sl="52" sc="13" el="52" ec="81" bec="0" bev="0" fileid="6" />
                <SequencePoint vc="1" uspid="57" ordinal="6" offset="60" sl="54" sc="13" el="54" ec="155" bec="0" bev="0" fileid="6" />
                <SequencePoint vc="1" uspid="58" ordinal="7" offset="82" sl="55" sc="13" el="55" ec="49" bec="0" bev="0" fileid="6" />
                <SequencePoint vc="1" uspid="59" ordinal="8" offset="92" sl="56" sc="13" el="56" ec="64" bec="0" bev="0" fileid="6" />
                <SequencePoint vc="1" uspid="60" ordinal="9" offset="105" sl="57" sc="9" el="57" ec="10" bec="0" bev="0" fileid="6" />
              </SequencePoints>
              <BranchPoints />
              <MethodPoint xsi:type="SequencePoint" vc="1" uspid="51" ordinal="0" offset="0" sl="46" sc="9" el="46" ec="10" bec="0" bev="0" fileid="6" />
            </Method>
            <Method visited="true" cyclomaticComplexity="1" nPathComplexity="0" sequenceCoverage="0" branchCoverage="0" isConstructor="true" isStatic="false" isGetter="false" isSetter="false">
              <Summary numSequencePoints="0" visitedSequencePoints="0" numBranchPoints="0" visitedBranchPoints="0" sequenceCoverage="0" branchCoverage="0" maxCyclomaticComplexity="1" minCyclomaticComplexity="1" visitedClasses="0" numClasses="0" visitedMethods="0" numMethods="0" />
              <MetadataToken>100663309</MetadataToken>
              <Name>System.Void TSQLLINT_LIB_TESTS.Integration_Tests.HappyPath.IntegrationHappyPathCases::.ctor()</Name>
              <SequencePoints />
              <BranchPoints />
              <MethodPoint vc="1" uspid="61" ordinal="0" offset="0" />
            </Method>
          </Methods>
        </Class>
        <Class>
          <Summary numSequencePoints="11" visitedSequencePoints="11" numBranchPoints="4" visitedBranchPoints="4" sequenceCoverage="100" branchCoverage="100" maxCyclomaticComplexity="4" minCyclomaticComplexity="1" visitedClasses="1" numClasses="1" visitedMethods="4" numMethods="4" />
          <FullName>TSQLLINT_LIB_TESTS.Integration_Tests.HappyPath.IntegrationHappyPathCases/HappyPathLintDirectoryTestReporter</FullName>
          <Methods>
            <Method visited="true" cyclomaticComplexity="4" nPathComplexity="0" sequenceCoverage="100" branchCoverage="100" isConstructor="false" isStatic="false" isGetter="false" isSetter="false">
              <Summary numSequencePoints="8" visitedSequencePoints="8" numBranchPoints="1" visitedBranchPoints="1" sequenceCoverage="100" branchCoverage="100" maxCyclomaticComplexity="4" minCyclomaticComplexity="4" visitedClasses="0" numClasses="0" visitedMethods="1" numMethods="1" />
              <MetadataToken>100663310</MetadataToken>
              <Name>System.Void TSQLLINT_LIB_TESTS.Integration_Tests.HappyPath.IntegrationHappyPathCases/HappyPathLintDirectoryTestReporter::ReportResults(System.Collections.Generic.List`1&lt;TSQLLINT_LIB.Rules.RuleViolations.RuleViolation&gt;)</Name>
              <FileRef uid="6" />
              <SequencePoints>
                <SequencePoint vc="1" uspid="62" ordinal="0" offset="0" sl="32" sc="13" el="32" ec="14" bec="0" bev="0" fileid="6" />
                <SequencePoint vc="1" uspid="63" ordinal="1" offset="1" sl="33" sc="17" el="33" ec="95" bec="0" bev="0" fileid="6" />
                <SequencePoint vc="1" uspid="64" ordinal="2" offset="39" sl="34" sc="17" el="34" ec="111" bec="0" bev="0" fileid="6" />
                <SequencePoint vc="1" uspid="65" ordinal="3" offset="73" sl="36" sc="17" el="36" ec="114" bec="0" bev="0" fileid="6" />
                <SequencePoint vc="1" uspid="66" ordinal="4" offset="111" sl="37" sc="17" el="37" ec="109" bec="0" bev="0" fileid="6" />
                <SequencePoint vc="1" uspid="67" ordinal="5" offset="145" sl="39" sc="17" el="39" ec="111" bec="0" bev="0" fileid="6" />
                <SequencePoint vc="1" uspid="68" ordinal="6" offset="183" sl="40" sc="17" el="40" ec="130" bec="0" bev="0" fileid="6" />
                <SequencePoint vc="1" uspid="69" ordinal="7" offset="217" sl="41" sc="13" el="41" ec="14" bec="0" bev="0" fileid="6" />
              </SequencePoints>
              <BranchPoints />
              <MethodPoint xsi:type="SequencePoint" vc="1" uspid="62" ordinal="0" offset="0" sl="32" sc="13" el="32" ec="14" bec="0" bev="0" fileid="6" />
            </Method>
            <Method visited="true" cyclomaticComplexity="1" nPathComplexity="0" sequenceCoverage="0" branchCoverage="0" isConstructor="true" isStatic="false" isGetter="false" isSetter="false">
              <Summary numSequencePoints="0" visitedSequencePoints="0" numBranchPoints="0" visitedBranchPoints="0" sequenceCoverage="0" branchCoverage="0" maxCyclomaticComplexity="1" minCyclomaticComplexity="1" visitedClasses="0" numClasses="0" visitedMethods="0" numMethods="0" />
              <MetadataToken>100663311</MetadataToken>
              <Name>System.Void TSQLLINT_LIB_TESTS.Integration_Tests.HappyPath.IntegrationHappyPathCases/HappyPathLintDirectoryTestReporter::.ctor()</Name>
              <SequencePoints />
              <BranchPoints />
              <MethodPoint vc="1" uspid="76" ordinal="0" offset="0" />
            </Method>
            <Method visited="true" cyclomaticComplexity="1" nPathComplexity="0" sequenceCoverage="100" branchCoverage="100" isConstructor="false" isStatic="true" isGetter="false" isSetter="false">
              <Summary numSequencePoints="1" visitedSequencePoints="1" numBranchPoints="1" visitedBranchPoints="1" sequenceCoverage="100" branchCoverage="100" maxCyclomaticComplexity="1" minCyclomaticComplexity="1" visitedClasses="0" numClasses="0" visitedMethods="1" numMethods="1" />
              <MetadataToken>100663312</MetadataToken>
              <Name>System.Boolean TSQLLINT_LIB_TESTS.Integration_Tests.HappyPath.IntegrationHappyPathCases/HappyPathLintDirectoryTestReporter::&lt;ReportResults&gt;b__0(TSQLLINT_LIB.Rules.RuleViolations.RuleViolation)</Name>
              <FileRef uid="6" />
              <SequencePoints>
                <SequencePoint vc="5" uspid="77" ordinal="0" offset="0" sl="33" sc="66" el="33" ec="93" bec="0" bev="0" fileid="6" />
              </SequencePoints>
              <BranchPoints />
              <MethodPoint xsi:type="SequencePoint" vc="5" uspid="77" ordinal="0" offset="0" sl="33" sc="66" el="33" ec="93" bec="0" bev="0" fileid="6" />
            </Method>
            <Method visited="true" cyclomaticComplexity="1" nPathComplexity="0" sequenceCoverage="100" branchCoverage="100" isConstructor="false" isStatic="true" isGetter="false" isSetter="false">
              <Summary numSequencePoints="1" visitedSequencePoints="1" numBranchPoints="1" visitedBranchPoints="1" sequenceCoverage="100" branchCoverage="100" maxCyclomaticComplexity="1" minCyclomaticComplexity="1" visitedClasses="0" numClasses="0" visitedMethods="1" numMethods="1" />
              <MetadataToken>100663313</MetadataToken>
              <Name>System.Boolean TSQLLINT_LIB_TESTS.Integration_Tests.HappyPath.IntegrationHappyPathCases/HappyPathLintDirectoryTestReporter::&lt;ReportResults&gt;b__1(TSQLLINT_LIB.Rules.RuleViolations.RuleViolation)</Name>
              <FileRef uid="6" />
              <SequencePoints>
                <SequencePoint vc="5" uspid="78" ordinal="0" offset="0" sl="36" sc="65" el="36" ec="112" bec="0" bev="0" fileid="6" />
              </SequencePoints>
              <BranchPoints />
              <MethodPoint xsi:type="SequencePoint" vc="5" uspid="78" ordinal="0" offset="0" sl="36" sc="65" el="36" ec="112" bec="0" bev="0" fileid="6" />
            </Method>
            <Method visited="true" cyclomaticComplexity="1" nPathComplexity="0" sequenceCoverage="100" branchCoverage="100" isConstructor="false" isStatic="true" isGetter="false" isSetter="false">
              <Summary numSequencePoints="1" visitedSequencePoints="1" numBranchPoints="1" visitedBranchPoints="1" sequenceCoverage="100" branchCoverage="100" maxCyclomaticComplexity="1" minCyclomaticComplexity="1" visitedClasses="0" numClasses="0" visitedMethods="1" numMethods="1" />
              <MetadataToken>100663314</MetadataToken>
              <Name>System.Boolean TSQLLINT_LIB_TESTS.Integration_Tests.HappyPath.IntegrationHappyPathCases/HappyPathLintDirectoryTestReporter::&lt;ReportResults&gt;b__2(TSQLLINT_LIB.Rules.RuleViolations.RuleViolation)</Name>
              <FileRef uid="6" />
              <SequencePoints>
                <SequencePoint vc="5" uspid="79" ordinal="0" offset="0" sl="39" sc="62" el="39" ec="109" bec="0" bev="0" fileid="6" />
              </SequencePoints>
              <BranchPoints />
              <MethodPoint xsi:type="SequencePoint" vc="5" uspid="79" ordinal="0" offset="0" sl="39" sc="62" el="39" ec="109" bec="0" bev="0" fileid="6" />
            </Method>
          </Methods>
        </Class>
        <Class>
          <Summary numSequencePoints="9" visitedSequencePoints="9" numBranchPoints="3" visitedBranchPoints="3" sequenceCoverage="100" branchCoverage="100" maxCyclomaticComplexity="3" minCyclomaticComplexity="1" visitedClasses="1" numClasses="1" visitedMethods="3" numMethods="3" />
          <FullName>TSQLLINT_LIB_TESTS.Integration_Tests.HappyPath.IntegrationHappyPathCases/HappyPathLintFileTestReporter</FullName>
          <Methods>
            <Method visited="true" cyclomaticComplexity="3" nPathComplexity="0" sequenceCoverage="100" branchCoverage="100" isConstructor="false" isStatic="false" isGetter="false" isSetter="false">
              <Summary numSequencePoints="7" visitedSequencePoints="7" numBranchPoints="1" visitedBranchPoints="1" sequenceCoverage="100" branchCoverage="100" maxCyclomaticComplexity="3" minCyclomaticComplexity="3" visitedClasses="0" numClasses="0" visitedMethods="1" numMethods="1" />
              <MetadataToken>100663315</MetadataToken>
              <Name>System.Void TSQLLINT_LIB_TESTS.Integration_Tests.HappyPath.IntegrationHappyPathCases/HappyPathLintFileTestReporter::ReportResults(System.Collections.Generic.List`1&lt;TSQLLINT_LIB.Rules.RuleViolations.RuleViolation&gt;)</Name>
              <FileRef uid="6" />
              <SequencePoints>
                <SequencePoint vc="1" uspid="80" ordinal="0" offset="0" sl="62" sc="13" el="62" ec="14" bec="0" bev="0" fileid="6" />
                <SequencePoint vc="1" uspid="81" ordinal="1" offset="1" sl="63" sc="17" el="63" ec="54" bec="0" bev="0" fileid="6" />
                <SequencePoint vc="1" uspid="82" ordinal="2" offset="24" sl="65" sc="17" el="65" ec="114" bec="0" bev="0" fileid="6" />
                <SequencePoint vc="1" uspid="83" ordinal="3" offset="62" sl="66" sc="17" el="66" ec="109" bec="0" bev="0" fileid="6" />
                <SequencePoint vc="1" uspid="84" ordinal="4" offset="96" sl="68" sc="17" el="68" ec="111" bec="0" bev="0" fileid="6" />
                <SequencePoint vc="1" uspid="85" ordinal="5" offset="134" sl="69" sc="17" el="69" ec="130" bec="0" bev="0" fileid="6" />
                <SequencePoint vc="1" uspid="86" ordinal="6" offset="168" sl="71" sc="13" el="71" ec="14" bec="0" bev="0" fileid="6" />
              </SequencePoints>
              <BranchPoints />
              <MethodPoint xsi:type="SequencePoint" vc="1" uspid="80" ordinal="0" offset="0" sl="62" sc="13" el="62" ec="14" bec="0" bev="0" fileid="6" />
            </Method>
            <Method visited="true" cyclomaticComplexity="1" nPathComplexity="0" sequenceCoverage="0" branchCoverage="0" isConstructor="true" isStatic="false" isGetter="false" isSetter="false">
              <Summary numSequencePoints="0" visitedSequencePoints="0" numBranchPoints="0" visitedBranchPoints="0" sequenceCoverage="0" branchCoverage="0" maxCyclomaticComplexity="1" minCyclomaticComplexity="1" visitedClasses="0" numClasses="0" visitedMethods="0" numMethods="0" />
              <MetadataToken>100663316</MetadataToken>
              <Name>System.Void TSQLLINT_LIB_TESTS.Integration_Tests.HappyPath.IntegrationHappyPathCases/HappyPathLintFileTestReporter::.ctor()</Name>
              <SequencePoints />
              <BranchPoints />
              <MethodPoint vc="1" uspid="91" ordinal="0" offset="0" />
            </Method>
            <Method visited="true" cyclomaticComplexity="1" nPathComplexity="0" sequenceCoverage="100" branchCoverage="100" isConstructor="false" isStatic="true" isGetter="false" isSetter="false">
              <Summary numSequencePoints="1" visitedSequencePoints="1" numBranchPoints="1" visitedBranchPoints="1" sequenceCoverage="100" branchCoverage="100" maxCyclomaticComplexity="1" minCyclomaticComplexity="1" visitedClasses="0" numClasses="0" visitedMethods="1" numMethods="1" />
              <MetadataToken>100663317</MetadataToken>
              <Name>System.Boolean TSQLLINT_LIB_TESTS.Integration_Tests.HappyPath.IntegrationHappyPathCases/HappyPathLintFileTestReporter::&lt;ReportResults&gt;b__6(TSQLLINT_LIB.Rules.RuleViolations.RuleViolation)</Name>
              <FileRef uid="6" />
              <SequencePoints>
                <SequencePoint vc="2" uspid="92" ordinal="0" offset="0" sl="65" sc="65" el="65" ec="112" bec="0" bev="0" fileid="6" />
              </SequencePoints>
              <BranchPoints />
              <MethodPoint xsi:type="SequencePoint" vc="2" uspid="92" ordinal="0" offset="0" sl="65" sc="65" el="65" ec="112" bec="0" bev="0" fileid="6" />
            </Method>
            <Method visited="true" cyclomaticComplexity="1" nPathComplexity="0" sequenceCoverage="100" branchCoverage="100" isConstructor="false" isStatic="true" isGetter="false" isSetter="false">
              <Summary numSequencePoints="1" visitedSequencePoints="1" numBranchPoints="1" visitedBranchPoints="1" sequenceCoverage="100" branchCoverage="100" maxCyclomaticComplexity="1" minCyclomaticComplexity="1" visitedClasses="0" numClasses="0" visitedMethods="1" numMethods="1" />
              <MetadataToken>100663318</MetadataToken>
              <Name>System.Boolean TSQLLINT_LIB_TESTS.Integration_Tests.HappyPath.IntegrationHappyPathCases/HappyPathLintFileTestReporter::&lt;ReportResults&gt;b__7(TSQLLINT_LIB.Rules.RuleViolations.RuleViolation)</Name>
              <FileRef uid="6" />
              <SequencePoints>
                <SequencePoint vc="2" uspid="93" ordinal="0" offset="0" sl="68" sc="62" el="68" ec="109" bec="0" bev="0" fileid="6" />
              </SequencePoints>
              <BranchPoints />
              <MethodPoint xsi:type="SequencePoint" vc="2" uspid="93" ordinal="0" offset="0" sl="68" sc="62" el="68" ec="109" bec="0" bev="0" fileid="6" />
            </Method>
          </Methods>
        </Class>
        <Class>
          <Summary numSequencePoints="19" visitedSequencePoints="19" numBranchPoints="2" visitedBranchPoints="2" sequenceCoverage="100" branchCoverage="100" maxCyclomaticComplexity="2" minCyclomaticComplexity="1" visitedClasses="1" numClasses="1" visitedMethods="2" numMethods="2" />
          <FullName>TSQLLINT_LIB_TESTS.Unit_Tests.Rules.SchemaQualifyTests</FullName>
          <Methods>
            <Method visited="true" cyclomaticComplexity="2" nPathComplexity="0" sequenceCoverage="100" branchCoverage="100" isConstructor="false" isStatic="false" isGetter="false" isSetter="false">
              <Summary numSequencePoints="18" visitedSequencePoints="18" numBranchPoints="1" visitedBranchPoints="1" sequenceCoverage="100" branchCoverage="100" maxCyclomaticComplexity="2" minCyclomaticComplexity="2" visitedClasses="0" numClasses="0" visitedMethods="1" numMethods="1" />
              <MetadataToken>100663319</MetadataToken>
              <Name>System.Void TSQLLINT_LIB_TESTS.Unit_Tests.Rules.SchemaQualifyTests::SelectStarRuleVisitorTests(System.String,System.Int32)</Name>
              <FileRef uid="9" />
              <SequencePoints>
                <SequencePoint vc="4" uspid="94" ordinal="0" offset="7" sl="22" sc="9" el="22" ec="10" bec="0" bev="0" fileid="9" />
                <SequencePoint vc="4" uspid="95" ordinal="1" offset="8" sl="24" sc="13" el="24" ec="127" bec="0" bev="0" fileid="9" />
                <SequencePoint vc="4" uspid="96" ordinal="2" offset="31" sl="26" sc="13" el="26" ec="56" bec="0" bev="0" fileid="9" />
                <SequencePoint vc="4" uspid="97" ordinal="3" offset="37" sl="27" sc="13" el="27" ec="60" bec="0" bev="0" fileid="9" />
                <SequencePoint vc="4" uspid="98" ordinal="4" offset="49" sl="29" sc="13" el="32" ec="15" bec="0" bev="0" fileid="9" />
                <SequencePoint vc="4" uspid="99" ordinal="5" offset="63" sl="34" sc="13" el="34" ec="64" bec="0" bev="0" fileid="9" />
                <SequencePoint vc="4" uspid="100" ordinal="6" offset="70" sl="35" sc="13" el="35" ec="76" bec="0" bev="0" fileid="9" />
                <SequencePoint vc="4" uspid="101" ordinal="7" offset="78" sl="38" sc="13" el="38" ec="61" bec="0" bev="0" fileid="9" />
                <SequencePoint vc="4" uspid="102" ordinal="8" offset="88" sl="41" sc="13" el="41" ec="67" bec="0" bev="0" fileid="9" />
                <SequencePoint vc="4" uspid="103" ordinal="9" offset="117" sl="43" sc="13" el="43" ec="20" bec="0" bev="0" fileid="9" />
                <SequencePoint vc="4" uspid="104" ordinal="10" offset="118" sl="43" sc="43" el="43" ec="57" bec="0" bev="0" fileid="9" />
                <SequencePoint vc="4" uspid="105" ordinal="11" offset="134" sl="43" sc="22" el="43" ec="39" bec="0" bev="0" fileid="9" />
                <SequencePoint vc="4" uspid="106" ordinal="12" offset="143" sl="44" sc="13" el="44" ec="14" bec="0" bev="0" fileid="9" />
                <SequencePoint vc="4" uspid="107" ordinal="13" offset="144" sl="45" sc="17" el="45" ec="75" bec="0" bev="0" fileid="9" />
                <SequencePoint vc="4" uspid="108" ordinal="14" offset="162" sl="46" sc="17" el="46" ec="88" bec="0" bev="0" fileid="9" />
                <SequencePoint vc="4" uspid="109" ordinal="15" offset="180" sl="47" sc="13" el="47" ec="14" bec="0" bev="0" fileid="9" />
                <SequencePoint vc="8" uspid="110" ordinal="16" offset="181" sl="43" sc="40" el="43" ec="42" bec="0" bev="0" fileid="9" />
                <SequencePoint vc="4" uspid="111" ordinal="17" offset="212" sl="48" sc="9" el="48" ec="10" bec="0" bev="0" fileid="9" />
              </SequencePoints>
              <BranchPoints />
              <MethodPoint vc="4" uspid="114" ordinal="0" offset="0" />
            </Method>
            <Method visited="true" cyclomaticComplexity="1" nPathComplexity="0" sequenceCoverage="100" branchCoverage="100" isConstructor="true" isStatic="false" isGetter="false" isSetter="false">
              <Summary numSequencePoints="1" visitedSequencePoints="1" numBranchPoints="1" visitedBranchPoints="1" sequenceCoverage="100" branchCoverage="100" maxCyclomaticComplexity="1" minCyclomaticComplexity="1" visitedClasses="0" numClasses="0" visitedMethods="1" numMethods="1" />
              <MetadataToken>100663320</MetadataToken>
              <Name>System.Void TSQLLINT_LIB_TESTS.Unit_Tests.Rules.SchemaQualifyTests::.ctor()</Name>
              <FileRef uid="9" />
              <SequencePoints>
                <SequencePoint vc="1" uspid="115" ordinal="0" offset="0" sl="15" sc="9" el="15" ec="107" bec="0" bev="0" fileid="9" />
              </SequencePoints>
              <BranchPoints />
              <MethodPoint xsi:type="SequencePoint" vc="1" uspid="115" ordinal="0" offset="0" sl="15" sc="9" el="15" ec="107" bec="0" bev="0" fileid="9" />
            </Method>
          </Methods>
        </Class>
        <Class>
          <Summary numSequencePoints="2" visitedSequencePoints="2" numBranchPoints="1" visitedBranchPoints="1" sequenceCoverage="100" branchCoverage="100" maxCyclomaticComplexity="1" minCyclomaticComplexity="1" visitedClasses="1" numClasses="1" visitedMethods="1" numMethods="1" />
          <FullName>TSQLLINT_LIB_TESTS.Unit_Tests.Rules.SchemaQualifyTests/&lt;&gt;c__DisplayClass1</FullName>
          <Methods>
            <Method visited="true" cyclomaticComplexity="1" nPathComplexity="0" sequenceCoverage="0" branchCoverage="0" isConstructor="true" isStatic="false" isGetter="false" isSetter="false">
              <Summary numSequencePoints="0" visitedSequencePoints="0" numBranchPoints="0" visitedBranchPoints="0" sequenceCoverage="0" branchCoverage="0" maxCyclomaticComplexity="1" minCyclomaticComplexity="1" visitedClasses="0" numClasses="0" visitedMethods="0" numMethods="0" />
              <MetadataToken>100663331</MetadataToken>
              <Name>System.Void TSQLLINT_LIB_TESTS.Unit_Tests.Rules.SchemaQualifyTests/&lt;&gt;c__DisplayClass1::.ctor()</Name>
              <SequencePoints />
              <BranchPoints />
              <MethodPoint vc="4" uspid="116" ordinal="0" offset="0" />
            </Method>
            <Method visited="true" cyclomaticComplexity="1" nPathComplexity="0" sequenceCoverage="100" branchCoverage="100" isConstructor="false" isStatic="false" isGetter="false" isSetter="false">
              <Summary numSequencePoints="2" visitedSequencePoints="2" numBranchPoints="1" visitedBranchPoints="1" sequenceCoverage="100" branchCoverage="100" maxCyclomaticComplexity="1" minCyclomaticComplexity="1" visitedClasses="0" numClasses="0" visitedMethods="1" numMethods="1" />
              <MetadataToken>100663332</MetadataToken>
              <Name>System.Void TSQLLINT_LIB_TESTS.Unit_Tests.Rules.SchemaQualifyTests/&lt;&gt;c__DisplayClass1::&lt;SelectStarRuleVisitorTests&gt;b__0(System.String,System.String,Microsoft.SqlServer.TransactSql.ScriptDom.TSqlFragment)</Name>
              <FileRef uid="9" />
              <SequencePoints>
                <SequencePoint vc="4" uspid="117" ordinal="0" offset="0" sl="30" sc="13" el="30" ec="14" bec="0" bev="0" fileid="9" />
                <SequencePoint vc="4" uspid="118" ordinal="1" offset="1" sl="31" sc="17" el="31" ec="123" bec="0" bev="0" fileid="9" />
              </SequencePoints>
              <BranchPoints />
              <MethodPoint xsi:type="SequencePoint" vc="4" uspid="117" ordinal="0" offset="0" sl="30" sc="13" el="30" ec="14" bec="0" bev="0" fileid="9" />
            </Method>
          </Methods>
        </Class>
        <Class>
          <Summary numSequencePoints="19" visitedSequencePoints="19" numBranchPoints="2" visitedBranchPoints="2" sequenceCoverage="100" branchCoverage="100" maxCyclomaticComplexity="2" minCyclomaticComplexity="1" visitedClasses="1" numClasses="1" visitedMethods="2" numMethods="2" />
          <FullName>TSQLLINT_LIB_TESTS.Unit_Tests.Rules.StatementSemicolonTermination</FullName>
          <Methods>
            <Method visited="true" cyclomaticComplexity="2" nPathComplexity="0" sequenceCoverage="100" branchCoverage="100" isConstructor="false" isStatic="false" isGetter="false" isSetter="false">
              <Summary numSequencePoints="18" visitedSequencePoints="18" numBranchPoints="1" visitedBranchPoints="1" sequenceCoverage="100" branchCoverage="100" maxCyclomaticComplexity="2" minCyclomaticComplexity="2" visitedClasses="0" numClasses="0" visitedMethods="1" numMethods="1" />
              <MetadataToken>100663321</MetadataToken>
              <Name>System.Void TSQLLINT_LIB_TESTS.Unit_Tests.Rules.StatementSemicolonTermination::SelectStarRuleVisitorTests(System.String,System.Int32)</Name>
              <FileRef uid="11" />
              <SequencePoints>
                <SequencePoint vc="4" uspid="119" ordinal="0" offset="7" sl="22" sc="9" el="22" ec="10" bec="0" bev="0" fileid="11" />
                <SequencePoint vc="4" uspid="120" ordinal="1" offset="8" sl="24" sc="13" el="24" ec="144" bec="0" bev="0" fileid="11" />
                <SequencePoint vc="4" uspid="121" ordinal="2" offset="31" sl="26" sc="13" el="26" ec="56" bec="0" bev="0" fileid="11" />
                <SequencePoint vc="4" uspid="122" ordinal="3" offset="37" sl="27" sc="13" el="27" ec="60" bec="0" bev="0" fileid="11" />
                <SequencePoint vc="4" uspid="123" ordinal="4" offset="49" sl="29" sc="13" el="32" ec="15" bec="0" bev="0" fileid="11" />
                <SequencePoint vc="4" uspid="124" ordinal="5" offset="63" sl="34" sc="13" el="34" ec="83" bec="0" bev="0" fileid="11" />
                <SequencePoint vc="4" uspid="125" ordinal="6" offset="70" sl="35" sc="13" el="35" ec="76" bec="0" bev="0" fileid="11" />
                <SequencePoint vc="4" uspid="126" ordinal="7" offset="78" sl="38" sc="13" el="38" ec="61" bec="0" bev="0" fileid="11" />
                <SequencePoint vc="4" uspid="127" ordinal="8" offset="88" sl="41" sc="13" el="41" ec="67" bec="0" bev="0" fileid="11" />
                <SequencePoint vc="4" uspid="128" ordinal="9" offset="117" sl="43" sc="13" el="43" ec="20" bec="0" bev="0" fileid="11" />
                <SequencePoint vc="4" uspid="129" ordinal="10" offset="118" sl="43" sc="43" el="43" ec="57" bec="0" bev="0" fileid="11" />
                <SequencePoint vc="4" uspid="130" ordinal="11" offset="134" sl="43" sc="22" el="43" ec="39" bec="0" bev="0" fileid="11" />
                <SequencePoint vc="4" uspid="131" ordinal="12" offset="143" sl="44" sc="13" el="44" ec="14" bec="0" bev="0" fileid="11" />
                <SequencePoint vc="4" uspid="132" ordinal="13" offset="144" sl="45" sc="17" el="45" ec="92" bec="0" bev="0" fileid="11" />
                <SequencePoint vc="4" uspid="133" ordinal="14" offset="162" sl="46" sc="17" el="46" ec="92" bec="0" bev="0" fileid="11" />
                <SequencePoint vc="4" uspid="134" ordinal="15" offset="180" sl="47" sc="13" el="47" ec="14" bec="0" bev="0" fileid="11" />
                <SequencePoint vc="8" uspid="135" ordinal="16" offset="181" sl="43" sc="40" el="43" ec="42" bec="0" bev="0" fileid="11" />
                <SequencePoint vc="4" uspid="136" ordinal="17" offset="212" sl="48" sc="9" el="48" ec="10" bec="0" bev="0" fileid="11" />
              </SequencePoints>
              <BranchPoints />
              <MethodPoint vc="4" uspid="139" ordinal="0" offset="0" />
            </Method>
            <Method visited="true" cyclomaticComplexity="1" nPathComplexity="0" sequenceCoverage="100" branchCoverage="100" isConstructor="true" isStatic="false" isGetter="false" isSetter="false">
              <Summary numSequencePoints="1" visitedSequencePoints="1" numBranchPoints="1" visitedBranchPoints="1" sequenceCoverage="100" branchCoverage="100" maxCyclomaticComplexity="1" minCyclomaticComplexity="1" visitedClasses="0" numClasses="0" visitedMethods="1" numMethods="1" />
              <MetadataToken>100663322</MetadataToken>
              <Name>System.Void TSQLLINT_LIB_TESTS.Unit_Tests.Rules.StatementSemicolonTermination::.ctor()</Name>
              <FileRef uid="11" />
              <SequencePoints>
                <SequencePoint vc="1" uspid="140" ordinal="0" offset="0" sl="15" sc="9" el="15" ec="107" bec="0" bev="0" fileid="11" />
              </SequencePoints>
              <BranchPoints />
              <MethodPoint xsi:type="SequencePoint" vc="1" uspid="140" ordinal="0" offset="0" sl="15" sc="9" el="15" ec="107" bec="0" bev="0" fileid="11" />
            </Method>
          </Methods>
        </Class>
        <Class>
          <Summary numSequencePoints="2" visitedSequencePoints="2" numBranchPoints="1" visitedBranchPoints="1" sequenceCoverage="100" branchCoverage="100" maxCyclomaticComplexity="1" minCyclomaticComplexity="1" visitedClasses="1" numClasses="1" visitedMethods="1" numMethods="1" />
          <FullName>TSQLLINT_LIB_TESTS.Unit_Tests.Rules.StatementSemicolonTermination/&lt;&gt;c__DisplayClass1</FullName>
          <Methods>
            <Method visited="true" cyclomaticComplexity="1" nPathComplexity="0" sequenceCoverage="0" branchCoverage="0" isConstructor="true" isStatic="false" isGetter="false" isSetter="false">
              <Summary numSequencePoints="0" visitedSequencePoints="0" numBranchPoints="0" visitedBranchPoints="0" sequenceCoverage="0" branchCoverage="0" maxCyclomaticComplexity="1" minCyclomaticComplexity="1" visitedClasses="0" numClasses="0" visitedMethods="0" numMethods="0" />
              <MetadataToken>100663333</MetadataToken>
              <Name>System.Void TSQLLINT_LIB_TESTS.Unit_Tests.Rules.StatementSemicolonTermination/&lt;&gt;c__DisplayClass1::.ctor()</Name>
              <SequencePoints />
              <BranchPoints />
              <MethodPoint vc="4" uspid="141" ordinal="0" offset="0" />
            </Method>
            <Method visited="true" cyclomaticComplexity="1" nPathComplexity="0" sequenceCoverage="100" branchCoverage="100" isConstructor="false" isStatic="false" isGetter="false" isSetter="false">
              <Summary numSequencePoints="2" visitedSequencePoints="2" numBranchPoints="1" visitedBranchPoints="1" sequenceCoverage="100" branchCoverage="100" maxCyclomaticComplexity="1" minCyclomaticComplexity="1" visitedClasses="0" numClasses="0" visitedMethods="1" numMethods="1" />
              <MetadataToken>100663334</MetadataToken>
              <Name>System.Void TSQLLINT_LIB_TESTS.Unit_Tests.Rules.StatementSemicolonTermination/&lt;&gt;c__DisplayClass1::&lt;SelectStarRuleVisitorTests&gt;b__0(System.String,System.String,Microsoft.SqlServer.TransactSql.ScriptDom.TSqlFragment)</Name>
              <FileRef uid="11" />
              <SequencePoints>
                <SequencePoint vc="4" uspid="142" ordinal="0" offset="0" sl="30" sc="13" el="30" ec="14" bec="0" bev="0" fileid="11" />
                <SequencePoint vc="4" uspid="143" ordinal="1" offset="1" sl="31" sc="17" el="31" ec="123" bec="0" bev="0" fileid="11" />
              </SequencePoints>
              <BranchPoints />
              <MethodPoint xsi:type="SequencePoint" vc="4" uspid="142" ordinal="0" offset="0" sl="30" sc="13" el="30" ec="14" bec="0" bev="0" fileid="11" />
            </Method>
          </Methods>
        </Class>
        <Class>
          <Summary numSequencePoints="19" visitedSequencePoints="19" numBranchPoints="2" visitedBranchPoints="2" sequenceCoverage="100" branchCoverage="100" maxCyclomaticComplexity="2" minCyclomaticComplexity="1" visitedClasses="1" numClasses="1" visitedMethods="2" numMethods="2" />
          <FullName>TSQLLINT_LIB_TESTS.Unit_Tests.Rules.SetTransactionIsolationLevelTests</FullName>
          <Methods>
            <Method visited="true" cyclomaticComplexity="2" nPathComplexity="0" sequenceCoverage="100" branchCoverage="100" isConstructor="false" isStatic="false" isGetter="false" isSetter="false">
              <Summary numSequencePoints="18" visitedSequencePoints="18" numBranchPoints="1" visitedBranchPoints="1" sequenceCoverage="100" branchCoverage="100" maxCyclomaticComplexity="2" minCyclomaticComplexity="2" visitedClasses="0" numClasses="0" visitedMethods="1" numMethods="1" />
              <MetadataToken>100663323</MetadataToken>
              <Name>System.Void TSQLLINT_LIB_TESTS.Unit_Tests.Rules.SetTransactionIsolationLevelTests::SelectStarRuleVisitorTests(System.String,System.Int32)</Name>
              <FileRef uid="13" />
              <SequencePoints>
                <SequencePoint vc="3" uspid="144" ordinal="0" offset="7" sl="20" sc="9" el="20" ec="10" bec="0" bev="0" fileid="13" />
                <SequencePoint vc="3" uspid="145" ordinal="1" offset="8" sl="22" sc="13" el="22" ec="144" bec="0" bev="0" fileid="13" />
                <SequencePoint vc="3" uspid="146" ordinal="2" offset="31" sl="24" sc="13" el="24" ec="56" bec="0" bev="0" fileid="13" />
                <SequencePoint vc="3" uspid="147" ordinal="3" offset="37" sl="25" sc="13" el="25" ec="60" bec="0" bev="0" fileid="13" />
                <SequencePoint vc="3" uspid="148" ordinal="4" offset="49" sl="27" sc="13" el="30" ec="15" bec="0" bev="0" fileid="13" />
                <SequencePoint vc="3" uspid="149" ordinal="5" offset="63" sl="32" sc="13" el="32" ec="79" bec="0" bev="0" fileid="13" />
                <SequencePoint vc="3" uspid="150" ordinal="6" offset="70" sl="33" sc="13" el="33" ec="76" bec="0" bev="0" fileid="13" />
                <SequencePoint vc="3" uspid="151" ordinal="7" offset="78" sl="36" sc="13" el="36" ec="61" bec="0" bev="0" fileid="13" />
                <SequencePoint vc="3" uspid="152" ordinal="8" offset="88" sl="39" sc="13" el="39" ec="67" bec="0" bev="0" fileid="13" />
                <SequencePoint vc="3" uspid="153" ordinal="9" offset="117" sl="41" sc="13" el="41" ec="20" bec="0" bev="0" fileid="13" />
                <SequencePoint vc="3" uspid="154" ordinal="10" offset="118" sl="41" sc="43" el="41" ec="57" bec="0" bev="0" fileid="13" />
                <SequencePoint vc="2" uspid="155" ordinal="11" offset="134" sl="41" sc="22" el="41" ec="39" bec="0" bev="0" fileid="13" />
                <SequencePoint vc="2" uspid="156" ordinal="12" offset="143" sl="42" sc="13" el="42" ec="14" bec="0" bev="0" fileid="13" />
                <SequencePoint vc="2" uspid="157" ordinal="13" offset="144" sl="43" sc="17" el="43" ec="92" bec="0" bev="0" fileid="13" />
                <SequencePoint vc="2" uspid="158" ordinal="14" offset="162" sl="44" sc="17" el="44" ec="143" bec="0" bev="0" fileid="13" />
                <SequencePoint vc="2" uspid="159" ordinal="15" offset="180" sl="45" sc="13" el="45" ec="14" bec="0" bev="0" fileid="13" />
                <SequencePoint vc="5" uspid="160" ordinal="16" offset="181" sl="41" sc="40" el="41" ec="42" bec="0" bev="0" fileid="13" />
                <SequencePoint vc="3" uspid="161" ordinal="17" offset="212" sl="46" sc="9" el="46" ec="10" bec="0" bev="0" fileid="13" />
              </SequencePoints>
              <BranchPoints />
              <MethodPoint vc="3" uspid="164" ordinal="0" offset="0" />
            </Method>
            <Method visited="true" cyclomaticComplexity="1" nPathComplexity="0" sequenceCoverage="100" branchCoverage="100" isConstructor="true" isStatic="false" isGetter="false" isSetter="false">
              <Summary numSequencePoints="1" visitedSequencePoints="1" numBranchPoints="1" visitedBranchPoints="1" sequenceCoverage="100" branchCoverage="100" maxCyclomaticComplexity="1" minCyclomaticComplexity="1" visitedClasses="0" numClasses="0" visitedMethods="1" numMethods="1" />
              <MetadataToken>100663324</MetadataToken>
              <Name>System.Void TSQLLINT_LIB_TESTS.Unit_Tests.Rules.SetTransactionIsolationLevelTests::.ctor()</Name>
              <FileRef uid="13" />
              <SequencePoints>
                <SequencePoint vc="1" uspid="165" ordinal="0" offset="0" sl="14" sc="9" el="14" ec="107" bec="0" bev="0" fileid="13" />
              </SequencePoints>
              <BranchPoints />
              <MethodPoint xsi:type="SequencePoint" vc="1" uspid="165" ordinal="0" offset="0" sl="14" sc="9" el="14" ec="107" bec="0" bev="0" fileid="13" />
            </Method>
          </Methods>
        </Class>
        <Class>
          <Summary numSequencePoints="2" visitedSequencePoints="2" numBranchPoints="1" visitedBranchPoints="1" sequenceCoverage="100" branchCoverage="100" maxCyclomaticComplexity="1" minCyclomaticComplexity="1" visitedClasses="1" numClasses="1" visitedMethods="1" numMethods="1" />
          <FullName>TSQLLINT_LIB_TESTS.Unit_Tests.Rules.SetTransactionIsolationLevelTests/&lt;&gt;c__DisplayClass1</FullName>
          <Methods>
            <Method visited="true" cyclomaticComplexity="1" nPathComplexity="0" sequenceCoverage="0" branchCoverage="0" isConstructor="true" isStatic="false" isGetter="false" isSetter="false">
              <Summary numSequencePoints="0" visitedSequencePoints="0" numBranchPoints="0" visitedBranchPoints="0" sequenceCoverage="0" branchCoverage="0" maxCyclomaticComplexity="1" minCyclomaticComplexity="1" visitedClasses="0" numClasses="0" visitedMethods="0" numMethods="0" />
              <MetadataToken>100663335</MetadataToken>
              <Name>System.Void TSQLLINT_LIB_TESTS.Unit_Tests.Rules.SetTransactionIsolationLevelTests/&lt;&gt;c__DisplayClass1::.ctor()</Name>
              <SequencePoints />
              <BranchPoints />
              <MethodPoint vc="3" uspid="166" ordinal="0" offset="0" />
            </Method>
            <Method visited="true" cyclomaticComplexity="1" nPathComplexity="0" sequenceCoverage="100" branchCoverage="100" isConstructor="false" isStatic="false" isGetter="false" isSetter="false">
              <Summary numSequencePoints="2" visitedSequencePoints="2" numBranchPoints="1" visitedBranchPoints="1" sequenceCoverage="100" branchCoverage="100" maxCyclomaticComplexity="1" minCyclomaticComplexity="1" visitedClasses="0" numClasses="0" visitedMethods="1" numMethods="1" />
              <MetadataToken>100663336</MetadataToken>
              <Name>System.Void TSQLLINT_LIB_TESTS.Unit_Tests.Rules.SetTransactionIsolationLevelTests/&lt;&gt;c__DisplayClass1::&lt;SelectStarRuleVisitorTests&gt;b__0(System.String,System.String,Microsoft.SqlServer.TransactSql.ScriptDom.TSqlFragment)</Name>
              <FileRef uid="13" />
              <SequencePoints>
                <SequencePoint vc="2" uspid="167" ordinal="0" offset="0" sl="28" sc="13" el="28" ec="14" bec="0" bev="0" fileid="13" />
                <SequencePoint vc="2" uspid="168" ordinal="1" offset="1" sl="29" sc="17" el="29" ec="123" bec="0" bev="0" fileid="13" />
              </SequencePoints>
              <BranchPoints />
              <MethodPoint xsi:type="SequencePoint" vc="2" uspid="167" ordinal="0" offset="0" sl="28" sc="13" el="28" ec="14" bec="0" bev="0" fileid="13" />
            </Method>
          </Methods>
        </Class>
        <Class>
          <Summary numSequencePoints="19" visitedSequencePoints="19" numBranchPoints="2" visitedBranchPoints="2" sequenceCoverage="100" branchCoverage="100" maxCyclomaticComplexity="2" minCyclomaticComplexity="1" visitedClasses="1" numClasses="1" visitedMethods="2" numMethods="2" />
          <FullName>TSQLLINT_LIB_TESTS.Unit_Tests.Rules.SetNoCount</FullName>
          <Methods>
            <Method visited="true" cyclomaticComplexity="2" nPathComplexity="0" sequenceCoverage="100" branchCoverage="100" isConstructor="false" isStatic="false" isGetter="false" isSetter="false">
              <Summary numSequencePoints="18" visitedSequencePoints="18" numBranchPoints="1" visitedBranchPoints="1" sequenceCoverage="100" branchCoverage="100" maxCyclomaticComplexity="2" minCyclomaticComplexity="2" visitedClasses="0" numClasses="0" visitedMethods="1" numMethods="1" />
              <MetadataToken>100663325</MetadataToken>
              <Name>System.Void TSQLLINT_LIB_TESTS.Unit_Tests.Rules.SetNoCount::SelectStarRuleVisitorTests(System.String,System.Int32)</Name>
              <FileRef uid="15" />
              <SequencePoints>
                <SequencePoint vc="3" uspid="169" ordinal="0" offset="7" sl="20" sc="9" el="20" ec="10" bec="0" bev="0" fileid="15" />
                <SequencePoint vc="3" uspid="170" ordinal="1" offset="8" sl="22" sc="13" el="22" ec="124" bec="0" bev="0" fileid="15" />
                <SequencePoint vc="3" uspid="171" ordinal="2" offset="31" sl="24" sc="13" el="24" ec="56" bec="0" bev="0" fileid="15" />
                <SequencePoint vc="3" uspid="172" ordinal="3" offset="37" sl="25" sc="13" el="25" ec="60" bec="0" bev="0" fileid="15" />
                <SequencePoint vc="3" uspid="173" ordinal="4" offset="49" sl="27" sc="13" el="30" ec="15" bec="0" bev="0" fileid="15" />
                <SequencePoint vc="3" uspid="174" ordinal="5" offset="63" sl="32" sc="13" el="32" ec="61" bec="0" bev="0" fileid="15" />
                <SequencePoint vc="3" uspid="175" ordinal="6" offset="70" sl="33" sc="13" el="33" ec="76" bec="0" bev="0" fileid="15" />
                <SequencePoint vc="3" uspid="176" ordinal="7" offset="78" sl="36" sc="13" el="36" ec="61" bec="0" bev="0" fileid="15" />
                <SequencePoint vc="3" uspid="177" ordinal="8" offset="88" sl="39" sc="13" el="39" ec="67" bec="0" bev="0" fileid="15" />
                <SequencePoint vc="3" uspid="178" ordinal="9" offset="117" sl="41" sc="13" el="41" ec="20" bec="0" bev="0" fileid="15" />
                <SequencePoint vc="3" uspid="179" ordinal="10" offset="118" sl="41" sc="43" el="41" ec="57" bec="0" bev="0" fileid="15" />
                <SequencePoint vc="2" uspid="180" ordinal="11" offset="134" sl="41" sc="22" el="41" ec="39" bec="0" bev="0" fileid="15" />
                <SequencePoint vc="2" uspid="181" ordinal="12" offset="143" sl="42" sc="13" el="42" ec="14" bec="0" bev="0" fileid="15" />
                <SequencePoint vc="2" uspid="182" ordinal="13" offset="144" sl="43" sc="17" el="43" ec="72" bec="0" bev="0" fileid="15" />
                <SequencePoint vc="2" uspid="183" ordinal="14" offset="162" sl="44" sc="17" el="44" ec="86" bec="0" bev="0" fileid="15" />
                <SequencePoint vc="2" uspid="184" ordinal="15" offset="180" sl="45" sc="13" el="45" ec="14" bec="0" bev="0" fileid="15" />
                <SequencePoint vc="5" uspid="185" ordinal="16" offset="181" sl="41" sc="40" el="41" ec="42" bec="0" bev="0" fileid="15" />
                <SequencePoint vc="3" uspid="186" ordinal="17" offset="212" sl="46" sc="9" el="46" ec="10" bec="0" bev="0" fileid="15" />
              </SequencePoints>
              <BranchPoints />
              <MethodPoint vc="3" uspid="189" ordinal="0" offset="0" />
            </Method>
            <Method visited="true" cyclomaticComplexity="1" nPathComplexity="0" sequenceCoverage="100" branchCoverage="100" isConstructor="true" isStatic="false" isGetter="false" isSetter="false">
              <Summary numSequencePoints="1" visitedSequencePoints="1" numBranchPoints="1" visitedBranchPoints="1" sequenceCoverage="100" branchCoverage="100" maxCyclomaticComplexity="1" minCyclomaticComplexity="1" visitedClasses="0" numClasses="0" visitedMethods="1" numMethods="1" />
              <MetadataToken>100663326</MetadataToken>
              <Name>System.Void TSQLLINT_LIB_TESTS.Unit_Tests.Rules.SetNoCount::.ctor()</Name>
              <FileRef uid="15" />
              <SequencePoints>
                <SequencePoint vc="1" uspid="190" ordinal="0" offset="0" sl="14" sc="9" el="14" ec="107" bec="0" bev="0" fileid="15" />
              </SequencePoints>
              <BranchPoints />
              <MethodPoint xsi:type="SequencePoint" vc="1" uspid="190" ordinal="0" offset="0" sl="14" sc="9" el="14" ec="107" bec="0" bev="0" fileid="15" />
            </Method>
          </Methods>
        </Class>
        <Class>
          <Summary numSequencePoints="2" visitedSequencePoints="2" numBranchPoints="1" visitedBranchPoints="1" sequenceCoverage="100" branchCoverage="100" maxCyclomaticComplexity="1" minCyclomaticComplexity="1" visitedClasses="1" numClasses="1" visitedMethods="1" numMethods="1" />
          <FullName>TSQLLINT_LIB_TESTS.Unit_Tests.Rules.SetNoCount/&lt;&gt;c__DisplayClass1</FullName>
          <Methods>
            <Method visited="true" cyclomaticComplexity="1" nPathComplexity="0" sequenceCoverage="0" branchCoverage="0" isConstructor="true" isStatic="false" isGetter="false" isSetter="false">
              <Summary numSequencePoints="0" visitedSequencePoints="0" numBranchPoints="0" visitedBranchPoints="0" sequenceCoverage="0" branchCoverage="0" maxCyclomaticComplexity="1" minCyclomaticComplexity="1" visitedClasses="0" numClasses="0" visitedMethods="0" numMethods="0" />
              <MetadataToken>100663337</MetadataToken>
              <Name>System.Void TSQLLINT_LIB_TESTS.Unit_Tests.Rules.SetNoCount/&lt;&gt;c__DisplayClass1::.ctor()</Name>
              <SequencePoints />
              <BranchPoints />
              <MethodPoint vc="3" uspid="191" ordinal="0" offset="0" />
            </Method>
            <Method visited="true" cyclomaticComplexity="1" nPathComplexity="0" sequenceCoverage="100" branchCoverage="100" isConstructor="false" isStatic="false" isGetter="false" isSetter="false">
              <Summary numSequencePoints="2" visitedSequencePoints="2" numBranchPoints="1" visitedBranchPoints="1" sequenceCoverage="100" branchCoverage="100" maxCyclomaticComplexity="1" minCyclomaticComplexity="1" visitedClasses="0" numClasses="0" visitedMethods="1" numMethods="1" />
              <MetadataToken>100663338</MetadataToken>
              <Name>System.Void TSQLLINT_LIB_TESTS.Unit_Tests.Rules.SetNoCount/&lt;&gt;c__DisplayClass1::&lt;SelectStarRuleVisitorTests&gt;b__0(System.String,System.String,Microsoft.SqlServer.TransactSql.ScriptDom.TSqlFragment)</Name>
              <FileRef uid="15" />
              <SequencePoints>
                <SequencePoint vc="2" uspid="192" ordinal="0" offset="0" sl="28" sc="13" el="28" ec="14" bec="0" bev="0" fileid="15" />
                <SequencePoint vc="2" uspid="193" ordinal="1" offset="1" sl="29" sc="17" el="29" ec="123" bec="0" bev="0" fileid="15" />
              </SequencePoints>
              <BranchPoints />
              <MethodPoint xsi:type="SequencePoint" vc="2" uspid="192" ordinal="0" offset="0" sl="28" sc="13" el="28" ec="14" bec="0" bev="0" fileid="15" />
            </Method>
          </Methods>
        </Class>
        <Class>
          <Summary numSequencePoints="19" visitedSequencePoints="19" numBranchPoints="2" visitedBranchPoints="2" sequenceCoverage="100" branchCoverage="100" maxCyclomaticComplexity="2" minCyclomaticComplexity="1" visitedClasses="1" numClasses="1" visitedMethods="2" numMethods="2" />
          <FullName>TSQLLINT_LIB_TESTS.Unit_Tests.Rules.SelectStarRuleTests</FullName>
          <Methods>
            <Method visited="true" cyclomaticComplexity="2" nPathComplexity="0" sequenceCoverage="100" branchCoverage="100" isConstructor="false" isStatic="false" isGetter="false" isSetter="false">
              <Summary numSequencePoints="18" visitedSequencePoints="18" numBranchPoints="1" visitedBranchPoints="1" sequenceCoverage="100" branchCoverage="100" maxCyclomaticComplexity="2" minCyclomaticComplexity="2" visitedClasses="0" numClasses="0" visitedMethods="1" numMethods="1" />
              <MetadataToken>100663327</MetadataToken>
              <Name>System.Void TSQLLINT_LIB_TESTS.Unit_Tests.Rules.SelectStarRuleTests::SelectStarRuleVisitorTests(System.String,System.Int32)</Name>
              <FileRef uid="17" />
              <SequencePoints>
                <SequencePoint vc="4" uspid="194" ordinal="0" offset="7" sl="22" sc="9" el="22" ec="10" bec="0" bev="0" fileid="17" />
                <SequencePoint vc="4" uspid="195" ordinal="1" offset="8" sl="24" sc="13" el="24" ec="124" bec="0" bev="0" fileid="17" />
                <SequencePoint vc="4" uspid="196" ordinal="2" offset="31" sl="26" sc="13" el="26" ec="56" bec="0" bev="0" fileid="17" />
                <SequencePoint vc="4" uspid="197" ordinal="3" offset="37" sl="27" sc="13" el="27" ec="60" bec="0" bev="0" fileid="17" />
                <SequencePoint vc="4" uspid="198" ordinal="4" offset="49" sl="29" sc="13" el="32" ec="15" bec="0" bev="0" fileid="17" />
                <SequencePoint vc="4" uspid="199" ordinal="5" offset="63" sl="34" sc="13" el="34" ec="61" bec="0" bev="0" fileid="17" />
                <SequencePoint vc="4" uspid="200" ordinal="6" offset="70" sl="35" sc="13" el="35" ec="76" bec="0" bev="0" fileid="17" />
                <SequencePoint vc="4" uspid="201" ordinal="7" offset="78" sl="38" sc="13" el="38" ec="61" bec="0" bev="0" fileid="17" />
                <SequencePoint vc="4" uspid="202" ordinal="8" offset="88" sl="41" sc="13" el="41" ec="67" bec="0" bev="0" fileid="17" />
                <SequencePoint vc="4" uspid="203" ordinal="9" offset="117" sl="43" sc="13" el="43" ec="20" bec="0" bev="0" fileid="17" />
                <SequencePoint vc="4" uspid="204" ordinal="10" offset="118" sl="43" sc="43" el="43" ec="57" bec="0" bev="0" fileid="17" />
                <SequencePoint vc="4" uspid="205" ordinal="11" offset="134" sl="43" sc="22" el="43" ec="39" bec="0" bev="0" fileid="17" />
                <SequencePoint vc="4" uspid="206" ordinal="12" offset="143" sl="44" sc="13" el="44" ec="14" bec="0" bev="0" fileid="17" />
                <SequencePoint vc="4" uspid="207" ordinal="13" offset="144" sl="45" sc="17" el="45" ec="72" bec="0" bev="0" fileid="17" />
                <SequencePoint vc="4" uspid="208" ordinal="14" offset="162" sl="46" sc="17" el="46" ec="87" bec="0" bev="0" fileid="17" />
                <SequencePoint vc="4" uspid="209" ordinal="15" offset="180" sl="47" sc="13" el="47" ec="14" bec="0" bev="0" fileid="17" />
                <SequencePoint vc="8" uspid="210" ordinal="16" offset="181" sl="43" sc="40" el="43" ec="42" bec="0" bev="0" fileid="17" />
                <SequencePoint vc="4" uspid="211" ordinal="17" offset="212" sl="48" sc="9" el="48" ec="10" bec="0" bev="0" fileid="17" />
              </SequencePoints>
              <BranchPoints />
              <MethodPoint vc="4" uspid="214" ordinal="0" offset="0" />
            </Method>
            <Method visited="true" cyclomaticComplexity="1" nPathComplexity="0" sequenceCoverage="100" branchCoverage="100" isConstructor="true" isStatic="false" isGetter="false" isSetter="false">
              <Summary numSequencePoints="1" visitedSequencePoints="1" numBranchPoints="1" visitedBranchPoints="1" sequenceCoverage="100" branchCoverage="100" maxCyclomaticComplexity="1" minCyclomaticComplexity="1" visitedClasses="0" numClasses="0" visitedMethods="1" numMethods="1" />
              <MetadataToken>100663328</MetadataToken>
              <Name>System.Void TSQLLINT_LIB_TESTS.Unit_Tests.Rules.SelectStarRuleTests::.ctor()</Name>
              <FileRef uid="17" />
              <SequencePoints>
                <SequencePoint vc="1" uspid="215" ordinal="0" offset="0" sl="15" sc="9" el="15" ec="107" bec="0" bev="0" fileid="17" />
              </SequencePoints>
              <BranchPoints />
              <MethodPoint xsi:type="SequencePoint" vc="1" uspid="215" ordinal="0" offset="0" sl="15" sc="9" el="15" ec="107" bec="0" bev="0" fileid="17" />
            </Method>
          </Methods>
        </Class>
        <Class>
          <Summary numSequencePoints="2" visitedSequencePoints="2" numBranchPoints="1" visitedBranchPoints="1" sequenceCoverage="100" branchCoverage="100" maxCyclomaticComplexity="1" minCyclomaticComplexity="1" visitedClasses="1" numClasses="1" visitedMethods="1" numMethods="1" />
          <FullName>TSQLLINT_LIB_TESTS.Unit_Tests.Rules.SelectStarRuleTests/&lt;&gt;c__DisplayClass1</FullName>
          <Methods>
            <Method visited="true" cyclomaticComplexity="1" nPathComplexity="0" sequenceCoverage="0" branchCoverage="0" isConstructor="true" isStatic="false" isGetter="false" isSetter="false">
              <Summary numSequencePoints="0" visitedSequencePoints="0" numBranchPoints="0" visitedBranchPoints="0" sequenceCoverage="0" branchCoverage="0" maxCyclomaticComplexity="1" minCyclomaticComplexity="1" visitedClasses="0" numClasses="0" visitedMethods="0" numMethods="0" />
              <MetadataToken>100663339</MetadataToken>
              <Name>System.Void TSQLLINT_LIB_TESTS.Unit_Tests.Rules.SelectStarRuleTests/&lt;&gt;c__DisplayClass1::.ctor()</Name>
              <SequencePoints />
              <BranchPoints />
              <MethodPoint vc="4" uspid="216" ordinal="0" offset="0" />
            </Method>
            <Method visited="true" cyclomaticComplexity="1" nPathComplexity="0" sequenceCoverage="100" branchCoverage="100" isConstructor="false" isStatic="false" isGetter="false" isSetter="false">
              <Summary numSequencePoints="2" visitedSequencePoints="2" numBranchPoints="1" visitedBranchPoints="1" sequenceCoverage="100" branchCoverage="100" maxCyclomaticComplexity="1" minCyclomaticComplexity="1" visitedClasses="0" numClasses="0" visitedMethods="1" numMethods="1" />
              <MetadataToken>100663340</MetadataToken>
              <Name>System.Void TSQLLINT_LIB_TESTS.Unit_Tests.Rules.SelectStarRuleTests/&lt;&gt;c__DisplayClass1::&lt;SelectStarRuleVisitorTests&gt;b__0(System.String,System.String,Microsoft.SqlServer.TransactSql.ScriptDom.TSqlFragment)</Name>
              <FileRef uid="17" />
              <SequencePoints>
                <SequencePoint vc="4" uspid="217" ordinal="0" offset="0" sl="30" sc="13" el="30" ec="14" bec="0" bev="0" fileid="17" />
                <SequencePoint vc="4" uspid="218" ordinal="1" offset="1" sl="31" sc="17" el="31" ec="123" bec="0" bev="0" fileid="17" />
              </SequencePoints>
              <BranchPoints />
              <MethodPoint xsi:type="SequencePoint" vc="4" uspid="217" ordinal="0" offset="0" sl="30" sc="13" el="30" ec="14" bec="0" bev="0" fileid="17" />
            </Method>
          </Methods>
        </Class>
      </Classes>
    </Module>
    <Module hash="94-AF-C8-23-80-5F-02-24-88-D4-E8-A4-29-B6-3A-EF-B9-25-43-BC">
      <Summary numSequencePoints="237" visitedSequencePoints="237" numBranchPoints="76" visitedBranchPoints="75" sequenceCoverage="100" branchCoverage="98.68" maxCyclomaticComplexity="8" minCyclomaticComplexity="1" visitedClasses="12" numClasses="12" visitedMethods="38" numMethods="38" />
      <ModulePath>D:\git\tsqllint\TSQLLINT_TESTS\bin\Debug\TSQLLINT_LIB.dll</ModulePath>
      <ModuleTime>2017-06-30T01:30:49.8050344Z</ModuleTime>
      <ModuleName>TSQLLINT_LIB</ModuleName>
      <Files>
        <File uid="37" fullPath="d:\git\tsqllint\TSQLLINT_LIB\Config\LintConfigReader.cs" />
        <File uid="38" fullPath="d:\git\tsqllint\TSQLLINT_LIB\Parser\SqlFileProcessor.cs" />
        <File uid="39" fullPath="d:\git\tsqllint\TSQLLINT_LIB\Parser\SqlRuleVisitor.cs" />
        <File uid="42" fullPath="d:\git\tsqllint\TSQLLINT_LIB\Rules\RuleViolations\RuleViolation.cs" />
        <File uid="43" fullPath="d:\git\tsqllint\TSQLLINT_LIB\Rules\SchemaQualifyRule.cs" />
        <File uid="44" fullPath="d:\git\tsqllint\TSQLLINT_LIB\Rules\SelectStarRule.cs" />
        <File uid="45" fullPath="d:\git\tsqllint\TSQLLINT_LIB\Rules\SetNoCountRule.cs" />
        <File uid="46" fullPath="d:\git\tsqllint\TSQLLINT_LIB\Rules\SetTransactionIsolationLevelRule.cs" />
        <File uid="47" fullPath="d:\git\tsqllint\TSQLLINT_LIB\Rules\TerminateStatementsWithSemicolonRule.cs" />
        <File uid="48" fullPath="d:\git\tsqllint\TSQLLINT_LIB\Utility.cs" />
      </Files>
      <Classes>
        <Class>
          <Summary numSequencePoints="0" visitedSequencePoints="0" numBranchPoints="0" visitedBranchPoints="0" sequenceCoverage="0" branchCoverage="0" maxCyclomaticComplexity="0" minCyclomaticComplexity="0" visitedClasses="0" numClasses="0" visitedMethods="0" numMethods="0" />
          <FullName>&lt;Module&gt;</FullName>
          <Methods />
        </Class>
        <Class>
          <Summary numSequencePoints="0" visitedSequencePoints="0" numBranchPoints="0" visitedBranchPoints="0" sequenceCoverage="0" branchCoverage="0" maxCyclomaticComplexity="1" minCyclomaticComplexity="1" visitedClasses="0" numClasses="0" visitedMethods="0" numMethods="0" />
          <FullName>TSQLLINT_LIB.Config.LintConfig</FullName>
          <Methods>
            <Method visited="true" cyclomaticComplexity="1" nPathComplexity="0" sequenceCoverage="0" branchCoverage="0" isConstructor="false" isStatic="false" isGetter="true" isSetter="false">
              <Summary numSequencePoints="0" visitedSequencePoints="0" numBranchPoints="0" visitedBranchPoints="0" sequenceCoverage="0" branchCoverage="0" maxCyclomaticComplexity="1" minCyclomaticComplexity="1" visitedClasses="0" numClasses="0" visitedMethods="0" numMethods="0" />
              <MetadataToken>100663299</MetadataToken>
              <Name>TSQLLINT_LIB.Config.LintConfigRules TSQLLINT_LIB.Config.LintConfig::get_Rules()</Name>
              <SequencePoints />
              <BranchPoints />
              <MethodPoint vc="30" uspid="219" ordinal="0" offset="0" />
            </Method>
            <Method visited="true" cyclomaticComplexity="1" nPathComplexity="0" sequenceCoverage="0" branchCoverage="0" isConstructor="false" isStatic="false" isGetter="false" isSetter="true">
              <Summary numSequencePoints="0" visitedSequencePoints="0" numBranchPoints="0" visitedBranchPoints="0" sequenceCoverage="0" branchCoverage="0" maxCyclomaticComplexity="1" minCyclomaticComplexity="1" visitedClasses="0" numClasses="0" visitedMethods="0" numMethods="0" />
              <MetadataToken>100663300</MetadataToken>
              <Name>System.Void TSQLLINT_LIB.Config.LintConfig::set_Rules(TSQLLINT_LIB.Config.LintConfigRules)</Name>
              <SequencePoints />
              <BranchPoints />
              <MethodPoint vc="5" uspid="220" ordinal="0" offset="0" />
            </Method>
            <Method visited="true" cyclomaticComplexity="1" nPathComplexity="0" sequenceCoverage="0" branchCoverage="0" isConstructor="true" isStatic="false" isGetter="false" isSetter="false">
              <Summary numSequencePoints="0" visitedSequencePoints="0" numBranchPoints="0" visitedBranchPoints="0" sequenceCoverage="0" branchCoverage="0" maxCyclomaticComplexity="1" minCyclomaticComplexity="1" visitedClasses="0" numClasses="0" visitedMethods="0" numMethods="0" />
              <MetadataToken>100663301</MetadataToken>
              <Name>System.Void TSQLLINT_LIB.Config.LintConfig::.ctor()</Name>
              <SequencePoints />
              <BranchPoints />
              <MethodPoint vc="5" uspid="221" ordinal="0" offset="0" />
            </Method>
          </Methods>
        </Class>
        <Class>
          <Summary numSequencePoints="29" visitedSequencePoints="29" numBranchPoints="7" visitedBranchPoints="6" sequenceCoverage="100" branchCoverage="85.71" maxCyclomaticComplexity="3" minCyclomaticComplexity="1" visitedClasses="1" numClasses="1" visitedMethods="3" numMethods="3" />
          <FullName>TSQLLINT_LIB.Config.LintConfigReader</FullName>
          <Methods>
            <Method visited="true" cyclomaticComplexity="1" nPathComplexity="0" sequenceCoverage="0" branchCoverage="0" isConstructor="false" isStatic="false" isGetter="true" isSetter="false">
              <Summary numSequencePoints="0" visitedSequencePoints="0" numBranchPoints="0" visitedBranchPoints="0" sequenceCoverage="0" branchCoverage="0" maxCyclomaticComplexity="1" minCyclomaticComplexity="1" visitedClasses="0" numClasses="0" visitedMethods="0" numMethods="0" />
              <MetadataToken>100663302</MetadataToken>
              <Name>System.Collections.Generic.Dictionary`2&lt;System.String,TSQLLINT_LIB.Rules.RuleViolations.RuleViolationSeverity&gt; TSQLLINT_LIB.Config.LintConfigReader::get_Rules()</Name>
              <SequencePoints />
              <BranchPoints />
              <MethodPoint vc="54" uspid="222" ordinal="0" offset="0" />
            </Method>
            <Method visited="true" cyclomaticComplexity="1" nPathComplexity="0" sequenceCoverage="0" branchCoverage="0" isConstructor="false" isStatic="false" isGetter="false" isSetter="true">
              <Summary numSequencePoints="0" visitedSequencePoints="0" numBranchPoints="0" visitedBranchPoints="0" sequenceCoverage="0" branchCoverage="0" maxCyclomaticComplexity="1" minCyclomaticComplexity="1" visitedClasses="0" numClasses="0" visitedMethods="0" numMethods="0" />
              <MetadataToken>100663303</MetadataToken>
              <Name>System.Void TSQLLINT_LIB.Config.LintConfigReader::set_Rules(System.Collections.Generic.Dictionary`2&lt;System.String,TSQLLINT_LIB.Rules.RuleViolations.RuleViolationSeverity&gt;)</Name>
              <SequencePoints />
              <BranchPoints />
              <MethodPoint vc="5" uspid="223" ordinal="0" offset="0" />
            </Method>
            <Method visited="true" cyclomaticComplexity="2" nPathComplexity="2" sequenceCoverage="100" branchCoverage="100" isConstructor="true" isStatic="false" isGetter="false" isSetter="false">
              <Summary numSequencePoints="9" visitedSequencePoints="9" numBranchPoints="3" visitedBranchPoints="3" sequenceCoverage="100" branchCoverage="100" maxCyclomaticComplexity="2" minCyclomaticComplexity="2" visitedClasses="0" numClasses="0" visitedMethods="1" numMethods="1" />
              <MetadataToken>100663304</MetadataToken>
              <Name>System.Void TSQLLINT_LIB.Config.LintConfigReader::.ctor(System.String)</Name>
              <FileRef uid="37" />
              <SequencePoints>
                <SequencePoint vc="6" uspid="224" ordinal="0" offset="0" sl="13" sc="9" el="13" ec="55" bec="0" bev="0" fileid="37" />
                <SequencePoint vc="6" uspid="225" ordinal="1" offset="7" sl="14" sc="9" el="14" ec="10" bec="0" bev="0" fileid="37" />
                <SequencePoint vc="6" uspid="226" ordinal="2" offset="8" sl="15" sc="13" el="15" ec="54" bec="2" bev="2" fileid="37" />
                <SequencePoint vc="1" uspid="227" ordinal="3" offset="21" sl="16" sc="13" el="16" ec="14" bec="0" bev="0" fileid="37" />
                <SequencePoint vc="1" uspid="228" ordinal="4" offset="22" sl="17" sc="17" el="17" ec="62" bec="0" bev="0" fileid="37" />
                <SequencePoint vc="5" uspid="229" ordinal="5" offset="33" sl="21" sc="13" el="21" ec="69" bec="0" bev="0" fileid="37" />
                <SequencePoint vc="5" uspid="230" ordinal="6" offset="45" sl="22" sc="13" el="22" ec="63" bec="0" bev="0" fileid="37" />
                <SequencePoint vc="5" uspid="231" ordinal="7" offset="52" sl="23" sc="13" el="23" ec="36" bec="0" bev="0" fileid="37" />
                <SequencePoint vc="5" uspid="232" ordinal="8" offset="60" sl="24" sc="9" el="24" ec="10" bec="0" bev="0" fileid="37" />
              </SequencePoints>
              <BranchPoints>
                <BranchPoint vc="1" uspid="233" ordinal="0" offset="19" sl="15" path="0" offsetend="21" fileid="37" />
                <BranchPoint vc="5" uspid="234" ordinal="1" offset="19" sl="15" path="1" offsetend="33" fileid="37" />
              </BranchPoints>
              <MethodPoint xsi:type="SequencePoint" vc="6" uspid="224" ordinal="0" offset="0" sl="13" sc="9" el="13" ec="55" bec="0" bev="0" fileid="37" />
            </Method>
            <Method visited="true" cyclomaticComplexity="3" nPathComplexity="0" sequenceCoverage="100" branchCoverage="100" isConstructor="false" isStatic="false" isGetter="false" isSetter="false">
              <Summary numSequencePoints="17" visitedSequencePoints="17" numBranchPoints="1" visitedBranchPoints="1" sequenceCoverage="100" branchCoverage="100" maxCyclomaticComplexity="3" minCyclomaticComplexity="3" visitedClasses="0" numClasses="0" visitedMethods="1" numMethods="1" />
              <MetadataToken>100663305</MetadataToken>
              <Name>System.Void TSQLLINT_LIB.Config.LintConfigReader::SetupRules(System.String)</Name>
              <FileRef uid="37" />
              <SequencePoints>
                <SequencePoint vc="5" uspid="235" ordinal="0" offset="0" sl="27" sc="9" el="27" ec="10" bec="0" bev="0" fileid="37" />
                <SequencePoint vc="5" uspid="236" ordinal="1" offset="1" sl="29" sc="13" el="29" ec="84" bec="0" bev="0" fileid="37" />
                <SequencePoint vc="5" uspid="237" ordinal="2" offset="8" sl="32" sc="13" el="32" ec="20" bec="0" bev="0" fileid="37" />
                <SequencePoint vc="5" uspid="238" ordinal="3" offset="9" sl="32" sc="34" el="32" ec="73" bec="0" bev="0" fileid="37" />
                <SequencePoint vc="25" uspid="239" ordinal="4" offset="31" sl="32" sc="22" el="32" ec="30" bec="0" bev="0" fileid="37" />
                <SequencePoint vc="25" uspid="240" ordinal="5" offset="37" sl="33" sc="13" el="33" ec="14" bec="0" bev="0" fileid="37" />
                <SequencePoint vc="25" uspid="241" ordinal="6" offset="38" sl="34" sc="17" el="34" ec="117" bec="0" bev="0" fileid="37" />
                <SequencePoint vc="25" uspid="242" ordinal="7" offset="61" sl="35" sc="17" el="35" ec="24" bec="0" bev="0" fileid="37" />
                <SequencePoint vc="25" uspid="243" ordinal="8" offset="62" sl="35" sc="38" el="35" ec="43" bec="0" bev="0" fileid="37" />
                <SequencePoint vc="25" uspid="244" ordinal="9" offset="70" sl="35" sc="26" el="35" ec="34" bec="0" bev="0" fileid="37" />
                <SequencePoint vc="25" uspid="245" ordinal="10" offset="76" sl="36" sc="17" el="36" ec="18" bec="0" bev="0" fileid="37" />
                <SequencePoint vc="25" uspid="246" ordinal="11" offset="77" sl="37" sc="21" el="37" ec="106" bec="0" bev="0" fileid="37" />
                <SequencePoint vc="25" uspid="247" ordinal="12" offset="112" sl="38" sc="17" el="38" ec="18" bec="0" bev="0" fileid="37" />
                <SequencePoint vc="50" uspid="248" ordinal="13" offset="119" sl="35" sc="35" el="35" ec="37" bec="0" bev="0" fileid="37" />
                <SequencePoint vc="25" uspid="249" ordinal="14" offset="133" sl="39" sc="13" el="39" ec="14" bec="0" bev="0" fileid="37" />
                <SequencePoint vc="30" uspid="250" ordinal="15" offset="140" sl="32" sc="31" el="32" ec="33" bec="0" bev="0" fileid="37" />
                <SequencePoint vc="5" uspid="251" ordinal="16" offset="154" sl="40" sc="9" el="40" ec="10" bec="0" bev="0" fileid="37" />
              </SequencePoints>
              <BranchPoints />
              <MethodPoint xsi:type="SequencePoint" vc="5" uspid="235" ordinal="0" offset="0" sl="27" sc="9" el="27" ec="10" bec="0" bev="0" fileid="37" />
            </Method>
            <Method visited="true" cyclomaticComplexity="3" nPathComplexity="2" sequenceCoverage="100" branchCoverage="66.67" isConstructor="false" isStatic="false" isGetter="false" isSetter="false">
              <Summary numSequencePoints="3" visitedSequencePoints="3" numBranchPoints="3" visitedBranchPoints="2" sequenceCoverage="100" branchCoverage="66.67" maxCyclomaticComplexity="3" minCyclomaticComplexity="3" visitedClasses="0" numClasses="0" visitedMethods="1" numMethods="1" />
              <MetadataToken>100663306</MetadataToken>
              <Name>TSQLLINT_LIB.Rules.RuleViolations.RuleViolationSeverity TSQLLINT_LIB.Config.LintConfigReader::GetRuleSeverity(System.String)</Name>
              <FileRef uid="37" />
              <SequencePoints>
                <SequencePoint vc="29" uspid="256" ordinal="0" offset="0" sl="43" sc="9" el="43" ec="10" bec="0" bev="0" fileid="37" />
                <SequencePoint vc="29" uspid="257" ordinal="1" offset="1" sl="45" sc="13" el="45" ec="98" bec="2" bev="1" fileid="37" />
                <SequencePoint vc="29" uspid="258" ordinal="2" offset="25" sl="46" sc="9" el="46" ec="10" bec="0" bev="0" fileid="37" />
              </SequencePoints>
              <BranchPoints>
                <BranchPoint vc="0" uspid="259" ordinal="0" offset="15" sl="45" path="0" offsetend="17" fileid="37" />
                <BranchPoint vc="29" uspid="260" ordinal="1" offset="15" sl="45" path="1" offsetend="20" fileid="37" />
              </BranchPoints>
              <MethodPoint xsi:type="SequencePoint" vc="29" uspid="256" ordinal="0" offset="0" sl="43" sc="9" el="43" ec="10" bec="0" bev="0" fileid="37" />
            </Method>
          </Methods>
        </Class>
        <Class>
          <Summary numSequencePoints="0" visitedSequencePoints="0" numBranchPoints="0" visitedBranchPoints="0" sequenceCoverage="0" branchCoverage="0" maxCyclomaticComplexity="1" minCyclomaticComplexity="1" visitedClasses="0" numClasses="0" visitedMethods="0" numMethods="0" />
          <FullName>TSQLLINT_LIB.Config.LintConfigRules</FullName>
          <Methods>
            <Method visited="true" cyclomaticComplexity="1" nPathComplexity="0" sequenceCoverage="0" branchCoverage="0" isConstructor="false" isStatic="false" isGetter="true" isSetter="false">
              <Summary numSequencePoints="0" visitedSequencePoints="0" numBranchPoints="0" visitedBranchPoints="0" sequenceCoverage="0" branchCoverage="0" maxCyclomaticComplexity="1" minCyclomaticComplexity="1" visitedClasses="0" numClasses="0" visitedMethods="0" numMethods="0" />
              <MetadataToken>100663307</MetadataToken>
              <Name>TSQLLINT_LIB.Rules.RuleViolations.RuleViolationSeverity TSQLLINT_LIB.Config.LintConfigRules::get_SelectStar()</Name>
              <SequencePoints />
              <BranchPoints />
              <MethodPoint vc="5" uspid="261" ordinal="0" offset="0" />
            </Method>
            <Method visited="true" cyclomaticComplexity="1" nPathComplexity="0" sequenceCoverage="0" branchCoverage="0" isConstructor="false" isStatic="false" isGetter="false" isSetter="true">
              <Summary numSequencePoints="0" visitedSequencePoints="0" numBranchPoints="0" visitedBranchPoints="0" sequenceCoverage="0" branchCoverage="0" maxCyclomaticComplexity="1" minCyclomaticComplexity="1" visitedClasses="0" numClasses="0" visitedMethods="0" numMethods="0" />
              <MetadataToken>100663308</MetadataToken>
              <Name>System.Void TSQLLINT_LIB.Config.LintConfigRules::set_SelectStar(TSQLLINT_LIB.Rules.RuleViolations.RuleViolationSeverity)</Name>
              <SequencePoints />
              <BranchPoints />
              <MethodPoint vc="5" uspid="262" ordinal="0" offset="0" />
            </Method>
            <Method visited="true" cyclomaticComplexity="1" nPathComplexity="0" sequenceCoverage="0" branchCoverage="0" isConstructor="false" isStatic="false" isGetter="true" isSetter="false">
              <Summary numSequencePoints="0" visitedSequencePoints="0" numBranchPoints="0" visitedBranchPoints="0" sequenceCoverage="0" branchCoverage="0" maxCyclomaticComplexity="1" minCyclomaticComplexity="1" visitedClasses="0" numClasses="0" visitedMethods="0" numMethods="0" />
              <MetadataToken>100663309</MetadataToken>
              <Name>TSQLLINT_LIB.Rules.RuleViolations.RuleViolationSeverity TSQLLINT_LIB.Config.LintConfigRules::get_StatementSemicolon()</Name>
              <SequencePoints />
              <BranchPoints />
              <MethodPoint vc="5" uspid="263" ordinal="0" offset="0" />
            </Method>
            <Method visited="true" cyclomaticComplexity="1" nPathComplexity="0" sequenceCoverage="0" branchCoverage="0" isConstructor="false" isStatic="false" isGetter="false" isSetter="true">
              <Summary numSequencePoints="0" visitedSequencePoints="0" numBranchPoints="0" visitedBranchPoints="0" sequenceCoverage="0" branchCoverage="0" maxCyclomaticComplexity="1" minCyclomaticComplexity="1" visitedClasses="0" numClasses="0" visitedMethods="0" numMethods="0" />
              <MetadataToken>100663310</MetadataToken>
              <Name>System.Void TSQLLINT_LIB.Config.LintConfigRules::set_StatementSemicolon(TSQLLINT_LIB.Rules.RuleViolations.RuleViolationSeverity)</Name>
              <SequencePoints />
              <BranchPoints />
              <MethodPoint vc="5" uspid="264" ordinal="0" offset="0" />
            </Method>
            <Method visited="true" cyclomaticComplexity="1" nPathComplexity="0" sequenceCoverage="0" branchCoverage="0" isConstructor="false" isStatic="false" isGetter="true" isSetter="false">
              <Summary numSequencePoints="0" visitedSequencePoints="0" numBranchPoints="0" visitedBranchPoints="0" sequenceCoverage="0" branchCoverage="0" maxCyclomaticComplexity="1" minCyclomaticComplexity="1" visitedClasses="0" numClasses="0" visitedMethods="0" numMethods="0" />
              <MetadataToken>100663311</MetadataToken>
              <Name>TSQLLINT_LIB.Rules.RuleViolations.RuleViolationSeverity TSQLLINT_LIB.Config.LintConfigRules::get_SetTransactionIsolationLevel()</Name>
              <SequencePoints />
              <BranchPoints />
              <MethodPoint vc="5" uspid="265" ordinal="0" offset="0" />
            </Method>
            <Method visited="true" cyclomaticComplexity="1" nPathComplexity="0" sequenceCoverage="0" branchCoverage="0" isConstructor="false" isStatic="false" isGetter="false" isSetter="true">
              <Summary numSequencePoints="0" visitedSequencePoints="0" numBranchPoints="0" visitedBranchPoints="0" sequenceCoverage="0" branchCoverage="0" maxCyclomaticComplexity="1" minCyclomaticComplexity="1" visitedClasses="0" numClasses="0" visitedMethods="0" numMethods="0" />
              <MetadataToken>100663312</MetadataToken>
              <Name>System.Void TSQLLINT_LIB.Config.LintConfigRules::set_SetTransactionIsolationLevel(TSQLLINT_LIB.Rules.RuleViolations.RuleViolationSeverity)</Name>
              <SequencePoints />
              <BranchPoints />
              <MethodPoint vc="4" uspid="266" ordinal="0" offset="0" />
            </Method>
            <Method visited="true" cyclomaticComplexity="1" nPathComplexity="0" sequenceCoverage="0" branchCoverage="0" isConstructor="false" isStatic="false" isGetter="true" isSetter="false">
              <Summary numSequencePoints="0" visitedSequencePoints="0" numBranchPoints="0" visitedBranchPoints="0" sequenceCoverage="0" branchCoverage="0" maxCyclomaticComplexity="1" minCyclomaticComplexity="1" visitedClasses="0" numClasses="0" visitedMethods="0" numMethods="0" />
              <MetadataToken>100663313</MetadataToken>
              <Name>TSQLLINT_LIB.Rules.RuleViolations.RuleViolationSeverity TSQLLINT_LIB.Config.LintConfigRules::get_SetNoCount()</Name>
              <SequencePoints />
              <BranchPoints />
              <MethodPoint vc="5" uspid="267" ordinal="0" offset="0" />
            </Method>
            <Method visited="false" cyclomaticComplexity="1" nPathComplexity="0" sequenceCoverage="0" branchCoverage="0" isConstructor="false" isStatic="false" isGetter="false" isSetter="true">
              <Summary numSequencePoints="0" visitedSequencePoints="0" numBranchPoints="0" visitedBranchPoints="0" sequenceCoverage="0" branchCoverage="0" maxCyclomaticComplexity="1" minCyclomaticComplexity="1" visitedClasses="0" numClasses="0" visitedMethods="0" numMethods="0" />
              <MetadataToken>100663314</MetadataToken>
              <Name>System.Void TSQLLINT_LIB.Config.LintConfigRules::set_SetNoCount(TSQLLINT_LIB.Rules.RuleViolations.RuleViolationSeverity)</Name>
              <SequencePoints />
              <BranchPoints />
              <MethodPoint vc="0" uspid="268" ordinal="0" offset="0" />
            </Method>
            <Method visited="true" cyclomaticComplexity="1" nPathComplexity="0" sequenceCoverage="0" branchCoverage="0" isConstructor="false" isStatic="false" isGetter="true" isSetter="false">
              <Summary numSequencePoints="0" visitedSequencePoints="0" numBranchPoints="0" visitedBranchPoints="0" sequenceCoverage="0" branchCoverage="0" maxCyclomaticComplexity="1" minCyclomaticComplexity="1" visitedClasses="0" numClasses="0" visitedMethods="0" numMethods="0" />
              <MetadataToken>100663315</MetadataToken>
              <Name>TSQLLINT_LIB.Rules.RuleViolations.RuleViolationSeverity TSQLLINT_LIB.Config.LintConfigRules::get_SchemaQualify()</Name>
              <SequencePoints />
              <BranchPoints />
              <MethodPoint vc="5" uspid="269" ordinal="0" offset="0" />
            </Method>
            <Method visited="false" cyclomaticComplexity="1" nPathComplexity="0" sequenceCoverage="0" branchCoverage="0" isConstructor="false" isStatic="false" isGetter="false" isSetter="true">
              <Summary numSequencePoints="0" visitedSequencePoints="0" numBranchPoints="0" visitedBranchPoints="0" sequenceCoverage="0" branchCoverage="0" maxCyclomaticComplexity="1" minCyclomaticComplexity="1" visitedClasses="0" numClasses="0" visitedMethods="0" numMethods="0" />
              <MetadataToken>100663316</MetadataToken>
              <Name>System.Void TSQLLINT_LIB.Config.LintConfigRules::set_SchemaQualify(TSQLLINT_LIB.Rules.RuleViolations.RuleViolationSeverity)</Name>
              <SequencePoints />
              <BranchPoints />
              <MethodPoint vc="0" uspid="270" ordinal="0" offset="0" />
            </Method>
            <Method visited="true" cyclomaticComplexity="1" nPathComplexity="0" sequenceCoverage="0" branchCoverage="0" isConstructor="true" isStatic="false" isGetter="false" isSetter="false">
              <Summary numSequencePoints="0" visitedSequencePoints="0" numBranchPoints="0" visitedBranchPoints="0" sequenceCoverage="0" branchCoverage="0" maxCyclomaticComplexity="1" minCyclomaticComplexity="1" visitedClasses="0" numClasses="0" visitedMethods="0" numMethods="0" />
              <MetadataToken>100663317</MetadataToken>
              <Name>System.Void TSQLLINT_LIB.Config.LintConfigRules::.ctor()</Name>
              <SequencePoints />
              <BranchPoints />
              <MethodPoint vc="5" uspid="271" ordinal="0" offset="0" />
            </Method>
          </Methods>
        </Class>
        <Class>
          <Summary numSequencePoints="40" visitedSequencePoints="40" numBranchPoints="9" visitedBranchPoints="9" sequenceCoverage="100" branchCoverage="100" maxCyclomaticComplexity="6" minCyclomaticComplexity="1" visitedClasses="1" numClasses="1" visitedMethods="3" numMethods="3" />
          <FullName>TSQLLINT_LIB.Parser.SqlFileProcessor</FullName>
          <Methods>
            <Method visited="true" cyclomaticComplexity="1" nPathComplexity="0" sequenceCoverage="100" branchCoverage="100" isConstructor="true" isStatic="false" isGetter="false" isSetter="false">
              <Summary numSequencePoints="5" visitedSequencePoints="5" numBranchPoints="1" visitedBranchPoints="1" sequenceCoverage="100" branchCoverage="100" maxCyclomaticComplexity="1" minCyclomaticComplexity="1" visitedClasses="0" numClasses="0" visitedMethods="1" numMethods="1" />
              <MetadataToken>100663325</MetadataToken>
              <Name>System.Void TSQLLINT_LIB.Parser.SqlFileProcessor::.ctor(TSQLLINT_LIB.Parser.Interfaces.IRuleVisitor,TSQLLINT_LIB.Config.ILintConfigReader)</Name>
              <FileRef uid="38" />
              <SequencePoints>
                <SequencePoint vc="4" uspid="272" ordinal="0" offset="0" sl="13" sc="9" el="13" ec="90" bec="0" bev="0" fileid="38" />
                <SequencePoint vc="4" uspid="273" ordinal="1" offset="7" sl="14" sc="9" el="14" ec="10" bec="0" bev="0" fileid="38" />
                <SequencePoint vc="4" uspid="274" ordinal="2" offset="8" sl="15" sc="13" el="15" ec="39" bec="0" bev="0" fileid="38" />
                <SequencePoint vc="4" uspid="275" ordinal="3" offset="15" sl="16" sc="13" el="16" ec="41" bec="0" bev="0" fileid="38" />
                <SequencePoint vc="4" uspid="276" ordinal="4" offset="22" sl="17" sc="9" el="17" ec="10" bec="0" bev="0" fileid="38" />
              </SequencePoints>
              <BranchPoints />
              <MethodPoint xsi:type="SequencePoint" vc="4" uspid="272" ordinal="0" offset="0" sl="13" sc="9" el="13" ec="90" bec="0" bev="0" fileid="38" />
            </Method>
            <Method visited="true" cyclomaticComplexity="6" nPathComplexity="8" sequenceCoverage="100" branchCoverage="100" isConstructor="false" isStatic="false" isGetter="false" isSetter="false">
              <Summary numSequencePoints="31" visitedSequencePoints="31" numBranchPoints="7" visitedBranchPoints="7" sequenceCoverage="100" branchCoverage="100" maxCyclomaticComplexity="6" minCyclomaticComplexity="6" visitedClasses="0" numClasses="0" visitedMethods="1" numMethods="1" />
              <MetadataToken>100663326</MetadataToken>
              <Name>System.Void TSQLLINT_LIB.Parser.SqlFileProcessor::ProcessPath(System.String)</Name>
              <FileRef uid="38" />
              <SequencePoints>
                <SequencePoint vc="5" uspid="277" ordinal="0" offset="0" sl="20" sc="9" el="20" ec="10" bec="0" bev="0" fileid="38" />
                <SequencePoint vc="5" uspid="278" ordinal="1" offset="1" sl="21" sc="13" el="21" ec="35" bec="2" bev="2" fileid="38" />
                <SequencePoint vc="1" uspid="279" ordinal="2" offset="16" sl="22" sc="13" el="22" ec="14" bec="0" bev="0" fileid="38" />
                <SequencePoint vc="1" uspid="280" ordinal="3" offset="17" sl="23" sc="17" el="23" ec="66" bec="0" bev="0" fileid="38" />
                <SequencePoint vc="1" uspid="281" ordinal="4" offset="31" sl="24" sc="17" el="24" ec="24" bec="0" bev="0" fileid="38" />
                <SequencePoint vc="4" uspid="282" ordinal="5" offset="36" sl="27" sc="13" el="27" ec="40" bec="2" bev="2" fileid="38" />
                <SequencePoint vc="3" uspid="283" ordinal="6" offset="51" sl="28" sc="13" el="28" ec="14" bec="0" bev="0" fileid="38" />
                <SequencePoint vc="3" uspid="284" ordinal="7" offset="52" sl="29" sc="17" el="29" ec="74" bec="0" bev="0" fileid="38" />
                <SequencePoint vc="3" uspid="285" ordinal="8" offset="59" sl="30" sc="17" el="30" ec="24" bec="0" bev="0" fileid="38" />
                <SequencePoint vc="3" uspid="286" ordinal="9" offset="60" sl="30" sc="46" el="30" ec="65" bec="0" bev="0" fileid="38" />
                <SequencePoint vc="1" uspid="287" ordinal="10" offset="68" sl="30" sc="26" el="30" ec="42" bec="0" bev="0" fileid="38" />
                <SequencePoint vc="1" uspid="288" ordinal="11" offset="74" sl="31" sc="17" el="31" ec="18" bec="0" bev="0" fileid="38" />
                <SequencePoint vc="1" uspid="289" ordinal="12" offset="75" sl="32" sc="21" el="32" ec="47" bec="0" bev="0" fileid="38" />
                <SequencePoint vc="1" uspid="290" ordinal="13" offset="83" sl="33" sc="17" el="33" ec="18" bec="0" bev="0" fileid="38" />
                <SequencePoint vc="4" uspid="291" ordinal="14" offset="90" sl="30" sc="43" el="30" ec="45" bec="0" bev="0" fileid="38" />
                <SequencePoint vc="3" uspid="292" ordinal="15" offset="104" sl="34" sc="13" el="34" ec="14" bec="0" bev="0" fileid="38" />
                <SequencePoint vc="1" uspid="293" ordinal="16" offset="107" sl="36" sc="13" el="36" ec="14" bec="0" bev="0" fileid="38" />
                <SequencePoint vc="1" uspid="294" ordinal="17" offset="108" sl="37" sc="17" el="37" ec="69" bec="0" bev="0" fileid="38" />
                <SequencePoint vc="1" uspid="295" ordinal="18" offset="120" sl="38" sc="17" el="38" ec="24" bec="0" bev="0" fileid="38" />
                <SequencePoint vc="3" uspid="296" ordinal="19" offset="122" sl="41" sc="13" el="41" ec="56" bec="0" bev="0" fileid="38" />
                <SequencePoint vc="3" uspid="297" ordinal="20" offset="129" sl="42" sc="13" el="42" ec="20" bec="0" bev="0" fileid="38" />
                <SequencePoint vc="3" uspid="298" ordinal="21" offset="130" sl="42" sc="38" el="42" ec="49" bec="0" bev="0" fileid="38" />
                <SequencePoint vc="7" uspid="299" ordinal="22" offset="138" sl="42" sc="22" el="42" ec="34" bec="0" bev="0" fileid="38" />
                <SequencePoint vc="7" uspid="300" ordinal="23" offset="144" sl="43" sc="13" el="43" ec="14" bec="0" bev="0" fileid="38" />
                <SequencePoint vc="7" uspid="301" ordinal="24" offset="145" sl="44" sc="17" el="44" ec="59" bec="2" bev="2" fileid="38" />
                <SequencePoint vc="4" uspid="302" ordinal="25" offset="170" sl="44" sc="60" el="44" ec="69" bec="0" bev="0" fileid="38" />
                <SequencePoint vc="3" uspid="303" ordinal="26" offset="172" sl="45" sc="17" el="45" ec="70" bec="0" bev="0" fileid="38" />
                <SequencePoint vc="3" uspid="304" ordinal="27" offset="180" sl="46" sc="17" el="46" ec="53" bec="0" bev="0" fileid="38" />
                <SequencePoint vc="2" uspid="305" ordinal="28" offset="190" sl="47" sc="13" el="47" ec="14" bec="0" bev="0" fileid="38" />
                <SequencePoint vc="9" uspid="306" ordinal="29" offset="197" sl="42" sc="35" el="42" ec="37" bec="0" bev="0" fileid="38" />
                <SequencePoint vc="4" uspid="307" ordinal="30" offset="211" sl="48" sc="9" el="48" ec="10" bec="0" bev="0" fileid="38" />
              </SequencePoints>
              <BranchPoints>
                <BranchPoint vc="1" uspid="308" ordinal="0" offset="14" sl="21" path="0" offsetend="16" fileid="38" />
                <BranchPoint vc="4" uspid="309" ordinal="1" offset="14" sl="21" path="1" offsetend="36" fileid="38" />
                <BranchPoint vc="3" uspid="310" ordinal="2" offset="49" sl="27" path="0" offsetend="51" fileid="38" />
                <BranchPoint vc="1" uspid="311" ordinal="3" offset="49" sl="27" path="1" offsetend="107" fileid="38" />
                <BranchPoint vc="4" uspid="314" ordinal="6" offset="168" sl="44" path="0" offsetchain="170" offsetend="191" fileid="38" />
                <BranchPoint vc="3" uspid="315" ordinal="7" offset="168" sl="44" path="1" offsetend="172" fileid="38" />
              </BranchPoints>
              <MethodPoint xsi:type="SequencePoint" vc="5" uspid="277" ordinal="0" offset="0" sl="20" sc="9" el="20" ec="10" bec="0" bev="0" fileid="38" />
            </Method>
            <Method visited="true" cyclomaticComplexity="1" nPathComplexity="0" sequenceCoverage="100" branchCoverage="100" isConstructor="false" isStatic="false" isGetter="false" isSetter="false">
              <Summary numSequencePoints="4" visitedSequencePoints="4" numBranchPoints="1" visitedBranchPoints="1" sequenceCoverage="100" branchCoverage="100" maxCyclomaticComplexity="1" minCyclomaticComplexity="1" visitedClasses="0" numClasses="0" visitedMethods="1" numMethods="1" />
              <MetadataToken>100663327</MetadataToken>
              <Name>System.Void TSQLLINT_LIB.Parser.SqlFileProcessor::ProcessFile(System.String,System.String)</Name>
              <FileRef uid="38" />
              <SequencePoints>
                <SequencePoint vc="4" uspid="318" ordinal="0" offset="0" sl="51" sc="9" el="51" ec="10" bec="0" bev="0" fileid="38" />
                <SequencePoint vc="4" uspid="319" ordinal="1" offset="1" sl="52" sc="13" el="52" ec="75" bec="0" bev="0" fileid="38" />
                <SequencePoint vc="4" uspid="320" ordinal="2" offset="8" sl="53" sc="13" el="53" ec="68" bec="0" bev="0" fileid="38" />
                <SequencePoint vc="3" uspid="321" ordinal="3" offset="28" sl="54" sc="9" el="54" ec="10" bec="0" bev="0" fileid="38" />
              </SequencePoints>
              <BranchPoints />
              <MethodPoint xsi:type="SequencePoint" vc="4" uspid="318" ordinal="0" offset="0" sl="51" sc="9" el="51" ec="10" bec="0" bev="0" fileid="38" />
            </Method>
          </Methods>
        </Class>
        <Class>
          <Summary numSequencePoints="43" visitedSequencePoints="43" numBranchPoints="11" visitedBranchPoints="11" sequenceCoverage="100" branchCoverage="100" maxCyclomaticComplexity="6" minCyclomaticComplexity="1" visitedClasses="1" numClasses="1" visitedMethods="5" numMethods="5" />
          <FullName>TSQLLINT_LIB.Parser.SqlRuleVisitor</FullName>
          <Methods>
            <Method visited="true" cyclomaticComplexity="1" nPathComplexity="0" sequenceCoverage="0" branchCoverage="0" isConstructor="false" isStatic="false" isGetter="true" isSetter="false">
              <Summary numSequencePoints="0" visitedSequencePoints="0" numBranchPoints="0" visitedBranchPoints="0" sequenceCoverage="0" branchCoverage="0" maxCyclomaticComplexity="1" minCyclomaticComplexity="1" visitedClasses="0" numClasses="0" visitedMethods="0" numMethods="0" />
              <MetadataToken>100663328</MetadataToken>
              <Name>System.Collections.Generic.List`1&lt;TSQLLINT_LIB.Rules.RuleViolations.RuleViolation&gt; TSQLLINT_LIB.Parser.SqlRuleVisitor::get_Violations()</Name>
              <SequencePoints />
              <BranchPoints />
              <MethodPoint vc="9" uspid="322" ordinal="0" offset="0" />
            </Method>
            <Method visited="true" cyclomaticComplexity="1" nPathComplexity="0" sequenceCoverage="0" branchCoverage="0" isConstructor="false" isStatic="false" isGetter="false" isSetter="true">
              <Summary numSequencePoints="0" visitedSequencePoints="0" numBranchPoints="0" visitedBranchPoints="0" sequenceCoverage="0" branchCoverage="0" maxCyclomaticComplexity="1" minCyclomaticComplexity="1" visitedClasses="0" numClasses="0" visitedMethods="0" numMethods="0" />
              <MetadataToken>100663329</MetadataToken>
              <Name>System.Void TSQLLINT_LIB.Parser.SqlRuleVisitor::set_Violations(System.Collections.Generic.List`1&lt;TSQLLINT_LIB.Rules.RuleViolations.RuleViolation&gt;)</Name>
              <SequencePoints />
              <BranchPoints />
              <MethodPoint vc="22" uspid="323" ordinal="0" offset="0" />
            </Method>
            <Method visited="true" cyclomaticComplexity="2" nPathComplexity="0" sequenceCoverage="100" branchCoverage="100" isConstructor="true" isStatic="false" isGetter="false" isSetter="false">
              <Summary numSequencePoints="7" visitedSequencePoints="7" numBranchPoints="1" visitedBranchPoints="1" sequenceCoverage="100" branchCoverage="100" maxCyclomaticComplexity="2" minCyclomaticComplexity="2" visitedClasses="0" numClasses="0" visitedMethods="1" numMethods="1" />
              <MetadataToken>100663330</MetadataToken>
              <Name>System.Void TSQLLINT_LIB.Parser.SqlRuleVisitor::.ctor()</Name>
              <FileRef uid="39" />
              <SequencePoints>
                <SequencePoint vc="22" uspid="324" ordinal="0" offset="0" sl="22" sc="9" el="22" ec="32" bec="0" bev="0" fileid="39" />
                <SequencePoint vc="22" uspid="325" ordinal="1" offset="13" sl="23" sc="9" el="23" ec="10" bec="0" bev="0" fileid="39" />
                <SequencePoint vc="22" uspid="326" ordinal="2" offset="14" sl="24" sc="13" el="24" ec="46" bec="0" bev="0" fileid="39" />
                <SequencePoint vc="22" uspid="327" ordinal="3" offset="26" sl="25" sc="13" el="25" ec="52" bec="0" bev="0" fileid="39" />
                <SequencePoint vc="22" uspid="328" ordinal="4" offset="38" sl="28" sc="13" el="28" ec="41" bec="0" bev="0" fileid="39" />
                <SequencePoint vc="22" uspid="329" ordinal="5" offset="54" sl="29" sc="13" el="31" ec="82" bec="0" bev="0" fileid="39" />
                <SequencePoint vc="22" uspid="330" ordinal="6" offset="128" sl="32" sc="9" el="32" ec="10" bec="0" bev="0" fileid="39" />
              </SequencePoints>
              <BranchPoints />
              <MethodPoint xsi:type="SequencePoint" vc="22" uspid="324" ordinal="0" offset="0" sl="22" sc="9" el="22" ec="32" bec="0" bev="0" fileid="39" />
            </Method>
            <Method visited="true" cyclomaticComplexity="6" nPathComplexity="4" sequenceCoverage="100" branchCoverage="100" isConstructor="false" isStatic="false" isGetter="false" isSetter="false">
              <Summary numSequencePoints="24" visitedSequencePoints="24" numBranchPoints="5" visitedBranchPoints="5" sequenceCoverage="100" branchCoverage="100" maxCyclomaticComplexity="6" minCyclomaticComplexity="6" visitedClasses="0" numClasses="0" visitedMethods="1" numMethods="1" />
              <MetadataToken>100663331</MetadataToken>
              <Name>System.Void TSQLLINT_LIB.Parser.SqlRuleVisitor::VisitRules(TSQLLINT_LIB.Config.ILintConfigReader,System.String,System.IO.TextReader)</Name>
              <FileRef uid="39" />
              <SequencePoints>
                <SequencePoint vc="4" uspid="333" ordinal="0" offset="34" sl="35" sc="9" el="35" ec="10" bec="0" bev="0" fileid="39" />
                <SequencePoint vc="4" uspid="334" ordinal="1" offset="35" sl="36" sc="13" el="36" ec="70" bec="0" bev="0" fileid="39" />
                <SequencePoint vc="4" uspid="335" ordinal="2" offset="41" sl="38" sc="18" el="38" ec="32" bec="0" bev="0" fileid="39" />
                <SequencePoint vc="20" uspid="336" ordinal="3" offset="48" sl="39" sc="13" el="39" ec="14" bec="0" bev="0" fileid="39" />
                <SequencePoint vc="20" uspid="337" ordinal="4" offset="49" sl="40" sc="17" el="40" ec="51" bec="0" bev="0" fileid="39" />
                <SequencePoint vc="20" uspid="338" ordinal="5" offset="62" sl="42" sc="17" el="51" ec="23" bec="0" bev="0" fileid="39" />
                <SequencePoint vc="20" uspid="339" ordinal="6" offset="86" sl="53" sc="17" el="53" ec="99" bec="0" bev="0" fileid="39" />
                <SequencePoint vc="20" uspid="340" ordinal="7" offset="114" sl="54" sc="17" el="54" ec="88" bec="0" bev="0" fileid="39" />
                <SequencePoint vc="20" uspid="341" ordinal="8" offset="135" sl="56" sc="17" el="56" ec="106" bec="2" bev="2" fileid="39" />
                <SequencePoint vc="12" uspid="342" ordinal="9" offset="158" sl="57" sc="17" el="57" ec="18" bec="0" bev="0" fileid="39" />
                <SequencePoint vc="12" uspid="343" ordinal="10" offset="159" sl="58" sc="21" el="58" ec="83" bec="0" bev="0" fileid="39" />
                <SequencePoint vc="12" uspid="344" ordinal="11" offset="173" sl="59" sc="17" el="59" ec="18" bec="0" bev="0" fileid="39" />
                <SequencePoint vc="20" uspid="345" ordinal="12" offset="174" sl="60" sc="13" el="60" ec="14" bec="0" bev="0" fileid="39" />
                <SequencePoint vc="20" uspid="346" ordinal="13" offset="175" sl="38" sc="61" el="38" ec="68" bec="0" bev="0" fileid="39" />
                <SequencePoint vc="24" uspid="347" ordinal="14" offset="179" sl="38" sc="33" el="38" ec="59" bec="2" bev="2" fileid="39" />
                <SequencePoint vc="4" uspid="348" ordinal="15" offset="202" sl="62" sc="13" el="62" ec="58" bec="0" bev="0" fileid="39" />
                <SequencePoint vc="3" uspid="349" ordinal="16" offset="211" sl="63" sc="13" el="63" ec="20" bec="0" bev="0" fileid="39" />
                <SequencePoint vc="3" uspid="350" ordinal="17" offset="212" sl="63" sc="37" el="63" ec="55" bec="0" bev="0" fileid="39" />
                <SequencePoint vc="9" uspid="351" ordinal="18" offset="222" sl="63" sc="22" el="63" ec="33" bec="0" bev="0" fileid="39" />
                <SequencePoint vc="9" uspid="352" ordinal="19" offset="231" sl="64" sc="13" el="64" ec="14" bec="0" bev="0" fileid="39" />
                <SequencePoint vc="9" uspid="353" ordinal="20" offset="232" sl="65" sc="17" el="65" ec="45" bec="0" bev="0" fileid="39" />
                <SequencePoint vc="9" uspid="354" ordinal="21" offset="242" sl="66" sc="13" el="66" ec="14" bec="0" bev="0" fileid="39" />
                <SequencePoint vc="12" uspid="355" ordinal="22" offset="243" sl="63" sc="34" el="63" ec="36" bec="0" bev="0" fileid="39" />
                <SequencePoint vc="3" uspid="356" ordinal="23" offset="274" sl="67" sc="9" el="67" ec="10" bec="0" bev="0" fileid="39" />
              </SequencePoints>
              <BranchPoints>
                <BranchPoint vc="12" uspid="361" ordinal="4" offset="156" sl="56" path="0" offsetend="158" fileid="39" />
                <BranchPoint vc="8" uspid="362" ordinal="5" offset="156" sl="56" path="1" offsetend="174" fileid="39" />
                <BranchPoint vc="4" uspid="363" ordinal="6" offset="197" sl="38" path="0" offsetend="202" fileid="39" />
                <BranchPoint vc="20" uspid="364" ordinal="7" offset="197" sl="38" path="1" offsetend="48" fileid="39" />
              </BranchPoints>
              <MethodPoint vc="4" uspid="367" ordinal="0" offset="0" />
            </Method>
            <Method visited="true" cyclomaticComplexity="1" nPathComplexity="0" sequenceCoverage="100" branchCoverage="100" isConstructor="false" isStatic="false" isGetter="false" isSetter="false">
              <Summary numSequencePoints="4" visitedSequencePoints="4" numBranchPoints="1" visitedBranchPoints="1" sequenceCoverage="100" branchCoverage="100" maxCyclomaticComplexity="1" minCyclomaticComplexity="1" visitedClasses="0" numClasses="0" visitedMethods="1" numMethods="1" />
              <MetadataToken>100663332</MetadataToken>
              <Name>System.Void TSQLLINT_LIB.Parser.SqlRuleVisitor::VisistRule(System.IO.TextReader,Microsoft.SqlServer.TransactSql.ScriptDom.TSqlFragmentVisitor)</Name>
              <FileRef uid="39" />
              <SequencePoints>
                <SequencePoint vc="18" uspid="368" ordinal="0" offset="0" sl="70" sc="9" el="70" ec="10" bec="0" bev="0" fileid="39" />
                <SequencePoint vc="18" uspid="369" ordinal="1" offset="1" sl="71" sc="13" el="71" ec="51" bec="0" bev="0" fileid="39" />
                <SequencePoint vc="18" uspid="370" ordinal="2" offset="9" sl="72" sc="13" el="72" ec="41" bec="0" bev="0" fileid="39" />
                <SequencePoint vc="18" uspid="371" ordinal="3" offset="17" sl="73" sc="9" el="73" ec="10" bec="0" bev="0" fileid="39" />
              </SequencePoints>
              <BranchPoints />
              <MethodPoint xsi:type="SequencePoint" vc="18" uspid="368" ordinal="0" offset="0" sl="70" sc="9" el="70" ec="10" bec="0" bev="0" fileid="39" />
            </Method>
            <Method visited="true" cyclomaticComplexity="2" nPathComplexity="2" sequenceCoverage="100" branchCoverage="100" isConstructor="false" isStatic="false" isGetter="false" isSetter="false">
              <Summary numSequencePoints="7" visitedSequencePoints="7" numBranchPoints="3" visitedBranchPoints="3" sequenceCoverage="100" branchCoverage="100" maxCyclomaticComplexity="2" minCyclomaticComplexity="2" visitedClasses="0" numClasses="0" visitedMethods="1" numMethods="1" />
              <MetadataToken>100663333</MetadataToken>
              <Name>Microsoft.SqlServer.TransactSql.ScriptDom.TSqlFragment TSQLLINT_LIB.Parser.SqlRuleVisitor::GetFragment(System.IO.TextReader)</Name>
              <FileRef uid="39" />
              <SequencePoints>
                <SequencePoint vc="22" uspid="372" ordinal="0" offset="0" sl="76" sc="9" el="76" ec="10" bec="0" bev="0" fileid="39" />
                <SequencePoint vc="22" uspid="373" ordinal="1" offset="1" sl="78" sc="13" el="78" ec="61" bec="0" bev="0" fileid="39" />
                <SequencePoint vc="22" uspid="374" ordinal="2" offset="16" sl="80" sc="13" el="80" ec="34" bec="2" bev="2" fileid="39" />
                <SequencePoint vc="1" uspid="375" ordinal="3" offset="32" sl="81" sc="13" el="81" ec="14" bec="0" bev="0" fileid="39" />
                <SequencePoint vc="1" uspid="376" ordinal="4" offset="33" sl="82" sc="17" el="82" ec="125" bec="0" bev="0" fileid="39" />
                <SequencePoint vc="21" uspid="377" ordinal="5" offset="60" sl="85" sc="13" el="85" ec="29" bec="0" bev="0" fileid="39" />
                <SequencePoint vc="21" uspid="378" ordinal="6" offset="64" sl="86" sc="9" el="86" ec="10" bec="0" bev="0" fileid="39" />
              </SequencePoints>
              <BranchPoints>
                <BranchPoint vc="1" uspid="379" ordinal="0" offset="30" sl="80" path="0" offsetend="32" fileid="39" />
                <BranchPoint vc="21" uspid="380" ordinal="1" offset="30" sl="80" path="1" offsetend="60" fileid="39" />
              </BranchPoints>
              <MethodPoint xsi:type="SequencePoint" vc="22" uspid="372" ordinal="0" offset="0" sl="76" sc="9" el="76" ec="10" bec="0" bev="0" fileid="39" />
            </Method>
            <Method visited="true" cyclomaticComplexity="1" nPathComplexity="0" sequenceCoverage="100" branchCoverage="100" isConstructor="false" isStatic="true" isGetter="false" isSetter="false">
              <Summary numSequencePoints="1" visitedSequencePoints="1" numBranchPoints="1" visitedBranchPoints="1" sequenceCoverage="100" branchCoverage="100" maxCyclomaticComplexity="1" minCyclomaticComplexity="1" visitedClasses="0" numClasses="0" visitedMethods="1" numMethods="1" />
              <MetadataToken>100663334</MetadataToken>
              <Name>System.Collections.Generic.IEnumerable`1&lt;System.Type&gt; TSQLLINT_LIB.Parser.SqlRuleVisitor::&lt;.ctor&gt;b__0(System.Reflection.Assembly)</Name>
              <FileRef uid="39" />
              <SequencePoints>
                <SequencePoint vc="538" uspid="381" ordinal="0" offset="0" sl="30" sc="34" el="30" ec="46" bec="0" bev="0" fileid="39" />
              </SequencePoints>
              <BranchPoints />
              <MethodPoint xsi:type="SequencePoint" vc="538" uspid="381" ordinal="0" offset="0" sl="30" sc="34" el="30" ec="46" bec="0" bev="0" fileid="39" />
            </Method>
          </Methods>
        </Class>
        <Class>
          <Summary numSequencePoints="1" visitedSequencePoints="1" numBranchPoints="1" visitedBranchPoints="1" sequenceCoverage="100" branchCoverage="100" maxCyclomaticComplexity="2" minCyclomaticComplexity="1" visitedClasses="1" numClasses="1" visitedMethods="1" numMethods="1" />
          <FullName>TSQLLINT_LIB.Parser.SqlRuleVisitor/&lt;&gt;c__DisplayClass3</FullName>
          <Methods>
            <Method visited="true" cyclomaticComplexity="1" nPathComplexity="0" sequenceCoverage="0" branchCoverage="0" isConstructor="true" isStatic="false" isGetter="false" isSetter="false">
              <Summary numSequencePoints="0" visitedSequencePoints="0" numBranchPoints="0" visitedBranchPoints="0" sequenceCoverage="0" branchCoverage="0" maxCyclomaticComplexity="1" minCyclomaticComplexity="1" visitedClasses="0" numClasses="0" visitedMethods="0" numMethods="0" />
              <MetadataToken>100663374</MetadataToken>
              <Name>System.Void TSQLLINT_LIB.Parser.SqlRuleVisitor/&lt;&gt;c__DisplayClass3::.ctor()</Name>
              <SequencePoints />
              <BranchPoints />
              <MethodPoint vc="22" uspid="382" ordinal="0" offset="0" />
            </Method>
            <Method visited="true" cyclomaticComplexity="2" nPathComplexity="0" sequenceCoverage="100" branchCoverage="100" isConstructor="false" isStatic="false" isGetter="false" isSetter="false">
              <Summary numSequencePoints="1" visitedSequencePoints="1" numBranchPoints="1" visitedBranchPoints="1" sequenceCoverage="100" branchCoverage="100" maxCyclomaticComplexity="2" minCyclomaticComplexity="2" visitedClasses="0" numClasses="0" visitedMethods="1" numMethods="1" />
              <MetadataToken>100663375</MetadataToken>
              <Name>System.Boolean TSQLLINT_LIB.Parser.SqlRuleVisitor/&lt;&gt;c__DisplayClass3::&lt;.ctor&gt;b__1(System.Type)</Name>
              <FileRef uid="39" />
              <SequencePoints>
                <SequencePoint vc="363176" uspid="383" ordinal="0" offset="0" sl="31" sc="29" el="31" ec="71" bec="0" bev="0" fileid="39" />
              </SequencePoints>
              <BranchPoints />
              <MethodPoint xsi:type="SequencePoint" vc="363176" uspid="383" ordinal="0" offset="0" sl="31" sc="29" el="31" ec="71" bec="0" bev="0" fileid="39" />
            </Method>
          </Methods>
        </Class>
        <Class>
          <Summary numSequencePoints="2" visitedSequencePoints="2" numBranchPoints="1" visitedBranchPoints="1" sequenceCoverage="100" branchCoverage="100" maxCyclomaticComplexity="1" minCyclomaticComplexity="1" visitedClasses="1" numClasses="1" visitedMethods="1" numMethods="1" />
          <FullName>TSQLLINT_LIB.Parser.SqlRuleVisitor/&lt;&gt;c__DisplayClass7</FullName>
          <Methods>
            <Method visited="true" cyclomaticComplexity="1" nPathComplexity="0" sequenceCoverage="0" branchCoverage="0" isConstructor="true" isStatic="false" isGetter="false" isSetter="false">
              <Summary numSequencePoints="0" visitedSequencePoints="0" numBranchPoints="0" visitedBranchPoints="0" sequenceCoverage="0" branchCoverage="0" maxCyclomaticComplexity="1" minCyclomaticComplexity="1" visitedClasses="0" numClasses="0" visitedMethods="0" numMethods="0" />
              <MetadataToken>100663376</MetadataToken>
              <Name>System.Void TSQLLINT_LIB.Parser.SqlRuleVisitor/&lt;&gt;c__DisplayClass7::.ctor()</Name>
              <SequencePoints />
              <BranchPoints />
              <MethodPoint vc="4" uspid="386" ordinal="0" offset="0" />
            </Method>
            <Method visited="true" cyclomaticComplexity="1" nPathComplexity="0" sequenceCoverage="100" branchCoverage="100" isConstructor="false" isStatic="false" isGetter="false" isSetter="false">
              <Summary numSequencePoints="2" visitedSequencePoints="2" numBranchPoints="1" visitedBranchPoints="1" sequenceCoverage="100" branchCoverage="100" maxCyclomaticComplexity="1" minCyclomaticComplexity="1" visitedClasses="0" numClasses="0" visitedMethods="1" numMethods="1" />
              <MetadataToken>100663377</MetadataToken>
              <Name>System.Void TSQLLINT_LIB.Parser.SqlRuleVisitor/&lt;&gt;c__DisplayClass7::&lt;VisitRules&gt;b__5(System.String,System.String,Microsoft.SqlServer.TransactSql.ScriptDom.TSqlFragment)</Name>
              <FileRef uid="39" />
              <SequencePoints>
                <SequencePoint vc="7" uspid="387" ordinal="0" offset="0" sl="44" sc="21" el="44" ec="22" bec="0" bev="0" fileid="39" />
                <SequencePoint vc="7" uspid="388" ordinal="1" offset="1" sl="45" sc="25" el="50" ec="70" bec="0" bev="0" fileid="39" />
              </SequencePoints>
              <BranchPoints />
              <MethodPoint xsi:type="SequencePoint" vc="7" uspid="387" ordinal="0" offset="0" sl="44" sc="21" el="44" ec="22" bec="0" bev="0" fileid="39" />
            </Method>
          </Methods>
        </Class>
        <Class>
          <Summary numSequencePoints="9" visitedSequencePoints="9" numBranchPoints="1" visitedBranchPoints="1" sequenceCoverage="100" branchCoverage="100" maxCyclomaticComplexity="1" minCyclomaticComplexity="1" visitedClasses="1" numClasses="1" visitedMethods="1" numMethods="1" />
          <FullName>TSQLLINT_LIB.Rules.RuleViolations.RuleViolation</FullName>
          <Methods>
            <Method visited="false" cyclomaticComplexity="1" nPathComplexity="0" sequenceCoverage="0" branchCoverage="0" isConstructor="false" isStatic="false" isGetter="true" isSetter="false">
              <Summary numSequencePoints="0" visitedSequencePoints="0" numBranchPoints="0" visitedBranchPoints="0" sequenceCoverage="0" branchCoverage="0" maxCyclomaticComplexity="1" minCyclomaticComplexity="1" visitedClasses="0" numClasses="0" visitedMethods="0" numMethods="0" />
              <MetadataToken>100663337</MetadataToken>
              <Name>System.Int32 TSQLLINT_LIB.Rules.RuleViolations.RuleViolation::get_Column()</Name>
              <SequencePoints />
              <BranchPoints />
              <MethodPoint vc="0" uspid="389" ordinal="0" offset="0" />
            </Method>
            <Method visited="true" cyclomaticComplexity="1" nPathComplexity="0" sequenceCoverage="0" branchCoverage="0" isConstructor="false" isStatic="false" isGetter="false" isSetter="true">
              <Summary numSequencePoints="0" visitedSequencePoints="0" numBranchPoints="0" visitedBranchPoints="0" sequenceCoverage="0" branchCoverage="0" maxCyclomaticComplexity="1" minCyclomaticComplexity="1" visitedClasses="0" numClasses="0" visitedMethods="0" numMethods="0" />
              <MetadataToken>100663338</MetadataToken>
              <Name>System.Void TSQLLINT_LIB.Rules.RuleViolations.RuleViolation::set_Column(System.Int32)</Name>
              <SequencePoints />
              <BranchPoints />
              <MethodPoint vc="23" uspid="390" ordinal="0" offset="0" />
            </Method>
            <Method visited="false" cyclomaticComplexity="1" nPathComplexity="0" sequenceCoverage="0" branchCoverage="0" isConstructor="false" isStatic="false" isGetter="true" isSetter="false">
              <Summary numSequencePoints="0" visitedSequencePoints="0" numBranchPoints="0" visitedBranchPoints="0" sequenceCoverage="0" branchCoverage="0" maxCyclomaticComplexity="1" minCyclomaticComplexity="1" visitedClasses="0" numClasses="0" visitedMethods="0" numMethods="0" />
              <MetadataToken>100663339</MetadataToken>
              <Name>System.String TSQLLINT_LIB.Rules.RuleViolations.RuleViolation::get_FileName()</Name>
              <SequencePoints />
              <BranchPoints />
              <MethodPoint vc="0" uspid="391" ordinal="0" offset="0" />
            </Method>
            <Method visited="true" cyclomaticComplexity="1" nPathComplexity="0" sequenceCoverage="0" branchCoverage="0" isConstructor="false" isStatic="false" isGetter="false" isSetter="true">
              <Summary numSequencePoints="0" visitedSequencePoints="0" numBranchPoints="0" visitedBranchPoints="0" sequenceCoverage="0" branchCoverage="0" maxCyclomaticComplexity="1" minCyclomaticComplexity="1" visitedClasses="0" numClasses="0" visitedMethods="0" numMethods="0" />
              <MetadataToken>100663340</MetadataToken>
              <Name>System.Void TSQLLINT_LIB.Rules.RuleViolations.RuleViolation::set_FileName(System.String)</Name>
              <SequencePoints />
              <BranchPoints />
              <MethodPoint vc="23" uspid="392" ordinal="0" offset="0" />
            </Method>
            <Method visited="false" cyclomaticComplexity="1" nPathComplexity="0" sequenceCoverage="0" branchCoverage="0" isConstructor="false" isStatic="false" isGetter="true" isSetter="false">
              <Summary numSequencePoints="0" visitedSequencePoints="0" numBranchPoints="0" visitedBranchPoints="0" sequenceCoverage="0" branchCoverage="0" maxCyclomaticComplexity="1" minCyclomaticComplexity="1" visitedClasses="0" numClasses="0" visitedMethods="0" numMethods="0" />
              <MetadataToken>100663341</MetadataToken>
              <Name>System.Int32 TSQLLINT_LIB.Rules.RuleViolations.RuleViolation::get_Line()</Name>
              <SequencePoints />
              <BranchPoints />
              <MethodPoint vc="0" uspid="393" ordinal="0" offset="0" />
            </Method>
            <Method visited="true" cyclomaticComplexity="1" nPathComplexity="0" sequenceCoverage="0" branchCoverage="0" isConstructor="false" isStatic="false" isGetter="false" isSetter="true">
              <Summary numSequencePoints="0" visitedSequencePoints="0" numBranchPoints="0" visitedBranchPoints="0" sequenceCoverage="0" branchCoverage="0" maxCyclomaticComplexity="1" minCyclomaticComplexity="1" visitedClasses="0" numClasses="0" visitedMethods="0" numMethods="0" />
              <MetadataToken>100663342</MetadataToken>
              <Name>System.Void TSQLLINT_LIB.Rules.RuleViolations.RuleViolation::set_Line(System.Int32)</Name>
              <SequencePoints />
              <BranchPoints />
              <MethodPoint vc="23" uspid="394" ordinal="0" offset="0" />
            </Method>
            <Method visited="true" cyclomaticComplexity="1" nPathComplexity="0" sequenceCoverage="0" branchCoverage="0" isConstructor="false" isStatic="false" isGetter="true" isSetter="false">
              <Summary numSequencePoints="0" visitedSequencePoints="0" numBranchPoints="0" visitedBranchPoints="0" sequenceCoverage="0" branchCoverage="0" maxCyclomaticComplexity="1" minCyclomaticComplexity="1" visitedClasses="0" numClasses="0" visitedMethods="0" numMethods="0" />
              <MetadataToken>100663343</MetadataToken>
              <Name>System.String TSQLLINT_LIB.Rules.RuleViolations.RuleViolation::get_RuleName()</Name>
              <SequencePoints />
              <BranchPoints />
              <MethodPoint vc="35" uspid="395" ordinal="0" offset="0" />
            </Method>
            <Method visited="true" cyclomaticComplexity="1" nPathComplexity="0" sequenceCoverage="0" branchCoverage="0" isConstructor="false" isStatic="false" isGetter="false" isSetter="true">
              <Summary numSequencePoints="0" visitedSequencePoints="0" numBranchPoints="0" visitedBranchPoints="0" sequenceCoverage="0" branchCoverage="0" maxCyclomaticComplexity="1" minCyclomaticComplexity="1" visitedClasses="0" numClasses="0" visitedMethods="0" numMethods="0" />
              <MetadataToken>100663344</MetadataToken>
              <Name>System.Void TSQLLINT_LIB.Rules.RuleViolations.RuleViolation::set_RuleName(System.String)</Name>
              <SequencePoints />
              <BranchPoints />
              <MethodPoint vc="23" uspid="396" ordinal="0" offset="0" />
            </Method>
            <Method visited="false" cyclomaticComplexity="1" nPathComplexity="0" sequenceCoverage="0" branchCoverage="0" isConstructor="false" isStatic="false" isGetter="true" isSetter="false">
              <Summary numSequencePoints="0" visitedSequencePoints="0" numBranchPoints="0" visitedBranchPoints="0" sequenceCoverage="0" branchCoverage="0" maxCyclomaticComplexity="1" minCyclomaticComplexity="1" visitedClasses="0" numClasses="0" visitedMethods="0" numMethods="0" />
              <MetadataToken>100663345</MetadataToken>
              <Name>TSQLLINT_LIB.Rules.RuleViolations.RuleViolationSeverity TSQLLINT_LIB.Rules.RuleViolations.RuleViolation::get_Severity()</Name>
              <SequencePoints />
              <BranchPoints />
              <MethodPoint vc="0" uspid="397" ordinal="0" offset="0" />
            </Method>
            <Method visited="true" cyclomaticComplexity="1" nPathComplexity="0" sequenceCoverage="0" branchCoverage="0" isConstructor="false" isStatic="false" isGetter="false" isSetter="true">
              <Summary numSequencePoints="0" visitedSequencePoints="0" numBranchPoints="0" visitedBranchPoints="0" sequenceCoverage="0" branchCoverage="0" maxCyclomaticComplexity="1" minCyclomaticComplexity="1" visitedClasses="0" numClasses="0" visitedMethods="0" numMethods="0" />
              <MetadataToken>100663346</MetadataToken>
              <Name>System.Void TSQLLINT_LIB.Rules.RuleViolations.RuleViolation::set_Severity(TSQLLINT_LIB.Rules.RuleViolations.RuleViolationSeverity)</Name>
              <SequencePoints />
              <BranchPoints />
              <MethodPoint vc="23" uspid="398" ordinal="0" offset="0" />
            </Method>
            <Method visited="true" cyclomaticComplexity="1" nPathComplexity="0" sequenceCoverage="0" branchCoverage="0" isConstructor="false" isStatic="false" isGetter="true" isSetter="false">
              <Summary numSequencePoints="0" visitedSequencePoints="0" numBranchPoints="0" visitedBranchPoints="0" sequenceCoverage="0" branchCoverage="0" maxCyclomaticComplexity="1" minCyclomaticComplexity="1" visitedClasses="0" numClasses="0" visitedMethods="0" numMethods="0" />
              <MetadataToken>100663347</MetadataToken>
              <Name>System.String TSQLLINT_LIB.Rules.RuleViolations.RuleViolation::get_Text()</Name>
              <SequencePoints />
              <BranchPoints />
              <MethodPoint vc="16" uspid="399" ordinal="0" offset="0" />
            </Method>
            <Method visited="true" cyclomaticComplexity="1" nPathComplexity="0" sequenceCoverage="0" branchCoverage="0" isConstructor="false" isStatic="false" isGetter="false" isSetter="true">
              <Summary numSequencePoints="0" visitedSequencePoints="0" numBranchPoints="0" visitedBranchPoints="0" sequenceCoverage="0" branchCoverage="0" maxCyclomaticComplexity="1" minCyclomaticComplexity="1" visitedClasses="0" numClasses="0" visitedMethods="0" numMethods="0" />
              <MetadataToken>100663348</MetadataToken>
              <Name>System.Void TSQLLINT_LIB.Rules.RuleViolations.RuleViolation::set_Text(System.String)</Name>
              <SequencePoints />
              <BranchPoints />
              <MethodPoint vc="23" uspid="400" ordinal="0" offset="0" />
            </Method>
            <Method visited="true" cyclomaticComplexity="1" nPathComplexity="0" sequenceCoverage="100" branchCoverage="100" isConstructor="true" isStatic="false" isGetter="false" isSetter="false">
              <Summary numSequencePoints="9" visitedSequencePoints="9" numBranchPoints="1" visitedBranchPoints="1" sequenceCoverage="100" branchCoverage="100" maxCyclomaticComplexity="1" minCyclomaticComplexity="1" visitedClasses="0" numClasses="0" visitedMethods="1" numMethods="1" />
              <MetadataToken>100663349</MetadataToken>
              <Name>System.Void TSQLLINT_LIB.Rules.RuleViolations.RuleViolation::.ctor(System.String,System.String,System.String,Microsoft.SqlServer.TransactSql.ScriptDom.TSqlFragment,TSQLLINT_LIB.Rules.RuleViolations.RuleViolationSeverity)</Name>
              <FileRef uid="42" />
              <SequencePoints>
                <SequencePoint vc="23" uspid="401" ordinal="0" offset="0" sl="14" sc="9" el="14" ec="131" bec="0" bev="0" fileid="42" />
                <SequencePoint vc="23" uspid="402" ordinal="1" offset="7" sl="15" sc="9" el="15" ec="10" bec="0" bev="0" fileid="42" />
                <SequencePoint vc="23" uspid="403" ordinal="2" offset="8" sl="16" sc="13" el="16" ec="33" bec="0" bev="0" fileid="42" />
                <SequencePoint vc="23" uspid="404" ordinal="3" offset="16" sl="17" sc="13" el="17" ec="43" bec="0" bev="0" fileid="42" />
                <SequencePoint vc="23" uspid="405" ordinal="4" offset="30" sl="18" sc="13" el="18" ec="39" bec="0" bev="0" fileid="42" />
                <SequencePoint vc="23" uspid="406" ordinal="5" offset="44" sl="19" sc="13" el="19" ec="33" bec="0" bev="0" fileid="42" />
                <SequencePoint vc="23" uspid="407" ordinal="6" offset="52" sl="20" sc="13" el="20" ec="33" bec="0" bev="0" fileid="42" />
                <SequencePoint vc="23" uspid="408" ordinal="7" offset="61" sl="21" sc="13" el="21" ec="25" bec="0" bev="0" fileid="42" />
                <SequencePoint vc="23" uspid="409" ordinal="8" offset="69" sl="22" sc="9" el="22" ec="10" bec="0" bev="0" fileid="42" />
              </SequencePoints>
              <BranchPoints />
              <MethodPoint xsi:type="SequencePoint" vc="23" uspid="401" ordinal="0" offset="0" sl="14" sc="9" el="14" ec="131" bec="0" bev="0" fileid="42" />
            </Method>
          </Methods>
        </Class>
        <Class>
          <Summary numSequencePoints="16" visitedSequencePoints="16" numBranchPoints="6" visitedBranchPoints="6" sequenceCoverage="100" branchCoverage="100" maxCyclomaticComplexity="2" minCyclomaticComplexity="1" visitedClasses="1" numClasses="1" visitedMethods="4" numMethods="4" />
          <FullName>TSQLLINT_LIB.Rules.SchemaQualifyRule</FullName>
          <Methods>
            <Method visited="true" cyclomaticComplexity="1" nPathComplexity="0" sequenceCoverage="100" branchCoverage="100" isConstructor="false" isStatic="false" isGetter="true" isSetter="false">
              <Summary numSequencePoints="3" visitedSequencePoints="3" numBranchPoints="1" visitedBranchPoints="1" sequenceCoverage="100" branchCoverage="100" maxCyclomaticComplexity="1" minCyclomaticComplexity="1" visitedClasses="0" numClasses="0" visitedMethods="1" numMethods="1" />
              <MetadataToken>100663350</MetadataToken>
              <Name>System.String TSQLLINT_LIB.Rules.SchemaQualifyRule::get_RULE_NAME()</Name>
              <FileRef uid="43" />
              <SequencePoints>
                <SequencePoint vc="8" uspid="410" ordinal="0" offset="0" sl="9" sc="39" el="9" ec="40" bec="0" bev="0" fileid="43" />
                <SequencePoint vc="8" uspid="411" ordinal="1" offset="1" sl="9" sc="41" el="9" ec="65" bec="0" bev="0" fileid="43" />
                <SequencePoint vc="8" uspid="412" ordinal="2" offset="9" sl="9" sc="66" el="9" ec="67" bec="0" bev="0" fileid="43" />
              </SequencePoints>
              <BranchPoints />
              <MethodPoint xsi:type="SequencePoint" vc="8" uspid="410" ordinal="0" offset="0" sl="9" sc="39" el="9" ec="40" bec="0" bev="0" fileid="43" />
            </Method>
            <Method visited="true" cyclomaticComplexity="1" nPathComplexity="0" sequenceCoverage="100" branchCoverage="100" isConstructor="false" isStatic="false" isGetter="true" isSetter="false">
              <Summary numSequencePoints="3" visitedSequencePoints="3" numBranchPoints="1" visitedBranchPoints="1" sequenceCoverage="100" branchCoverage="100" maxCyclomaticComplexity="1" minCyclomaticComplexity="1" visitedClasses="0" numClasses="0" visitedMethods="1" numMethods="1" />
              <MetadataToken>100663351</MetadataToken>
              <Name>System.String TSQLLINT_LIB.Rules.SchemaQualifyRule::get_RULE_TEXT()</Name>
              <FileRef uid="43" />
              <SequencePoints>
                <SequencePoint vc="4" uspid="413" ordinal="0" offset="0" sl="10" sc="39" el="10" ec="40" bec="0" bev="0" fileid="43" />
                <SequencePoint vc="4" uspid="414" ordinal="1" offset="1" sl="10" sc="41" el="10" ec="82" bec="0" bev="0" fileid="43" />
                <SequencePoint vc="4" uspid="415" ordinal="2" offset="9" sl="10" sc="83" el="10" ec="84" bec="0" bev="0" fileid="43" />
              </SequencePoints>
              <BranchPoints />
              <MethodPoint xsi:type="SequencePoint" vc="4" uspid="413" ordinal="0" offset="0" sl="10" sc="39" el="10" ec="40" bec="0" bev="0" fileid="43" />
            </Method>
            <Method visited="true" cyclomaticComplexity="1" nPathComplexity="0" sequenceCoverage="100" branchCoverage="100" isConstructor="true" isStatic="false" isGetter="false" isSetter="false">
              <Summary numSequencePoints="4" visitedSequencePoints="4" numBranchPoints="1" visitedBranchPoints="1" sequenceCoverage="100" branchCoverage="100" maxCyclomaticComplexity="1" minCyclomaticComplexity="1" visitedClasses="0" numClasses="0" visitedMethods="1" numMethods="1" />
              <MetadataToken>100663352</MetadataToken>
              <Name>System.Void TSQLLINT_LIB.Rules.SchemaQualifyRule::.ctor(System.Action`3&lt;System.String,System.String,Microsoft.SqlServer.TransactSql.ScriptDom.TSqlFragment&gt;)</Name>
              <FileRef uid="43" />
              <SequencePoints>
                <SequencePoint vc="8" uspid="416" ordinal="0" offset="0" sl="13" sc="9" el="13" ec="85" bec="0" bev="0" fileid="43" />
                <SequencePoint vc="8" uspid="417" ordinal="1" offset="7" sl="14" sc="9" el="14" ec="10" bec="0" bev="0" fileid="43" />
                <SequencePoint vc="8" uspid="418" ordinal="2" offset="8" sl="15" sc="13" el="15" ec="43" bec="0" bev="0" fileid="43" />
                <SequencePoint vc="8" uspid="419" ordinal="3" offset="15" sl="16" sc="9" el="16" ec="10" bec="0" bev="0" fileid="43" />
              </SequencePoints>
              <BranchPoints />
              <MethodPoint xsi:type="SequencePoint" vc="8" uspid="416" ordinal="0" offset="0" sl="13" sc="9" el="13" ec="85" bec="0" bev="0" fileid="43" />
            </Method>
            <Method visited="true" cyclomaticComplexity="2" nPathComplexity="2" sequenceCoverage="100" branchCoverage="100" isConstructor="false" isStatic="false" isGetter="false" isSetter="false">
              <Summary numSequencePoints="6" visitedSequencePoints="6" numBranchPoints="3" visitedBranchPoints="3" sequenceCoverage="100" branchCoverage="100" maxCyclomaticComplexity="2" minCyclomaticComplexity="2" visitedClasses="0" numClasses="0" visitedMethods="1" numMethods="1" />
              <MetadataToken>100663353</MetadataToken>
              <Name>System.Void TSQLLINT_LIB.Rules.SchemaQualifyRule::Visit(Microsoft.SqlServer.TransactSql.ScriptDom.SchemaObjectName)</Name>
              <FileRef uid="43" />
              <SequencePoints>
                <SequencePoint vc="6" uspid="420" ordinal="0" offset="0" sl="19" sc="9" el="19" ec="10" bec="0" bev="0" fileid="43" />
                <SequencePoint vc="6" uspid="421" ordinal="1" offset="1" sl="20" sc="13" el="20" ec="47" bec="2" bev="2" fileid="43" />
                <SequencePoint vc="4" uspid="422" ordinal="2" offset="17" sl="21" sc="13" el="21" ec="14" bec="0" bev="0" fileid="43" />
                <SequencePoint vc="4" uspid="423" ordinal="3" offset="18" sl="22" sc="17" el="22" ec="59" bec="0" bev="0" fileid="43" />
                <SequencePoint vc="4" uspid="424" ordinal="4" offset="43" sl="23" sc="13" el="23" ec="14" bec="0" bev="0" fileid="43" />
                <SequencePoint vc="6" uspid="425" ordinal="5" offset="44" sl="24" sc="9" el="24" ec="10" bec="0" bev="0" fileid="43" />
              </SequencePoints>
              <BranchPoints>
                <BranchPoint vc="4" uspid="426" ordinal="0" offset="15" sl="20" path="0" offsetend="17" fileid="43" />
                <BranchPoint vc="2" uspid="427" ordinal="1" offset="15" sl="20" path="1" offsetend="44" fileid="43" />
              </BranchPoints>
              <MethodPoint xsi:type="SequencePoint" vc="6" uspid="420" ordinal="0" offset="0" sl="19" sc="9" el="19" ec="10" bec="0" bev="0" fileid="43" />
            </Method>
          </Methods>
        </Class>
        <Class>
          <Summary numSequencePoints="13" visitedSequencePoints="13" numBranchPoints="4" visitedBranchPoints="4" sequenceCoverage="100" branchCoverage="100" maxCyclomaticComplexity="1" minCyclomaticComplexity="1" visitedClasses="1" numClasses="1" visitedMethods="4" numMethods="4" />
          <FullName>TSQLLINT_LIB.Rules.SelectStarRule</FullName>
          <Methods>
            <Method visited="true" cyclomaticComplexity="1" nPathComplexity="0" sequenceCoverage="100" branchCoverage="100" isConstructor="false" isStatic="false" isGetter="true" isSetter="false">
              <Summary numSequencePoints="3" visitedSequencePoints="3" numBranchPoints="1" visitedBranchPoints="1" sequenceCoverage="100" branchCoverage="100" maxCyclomaticComplexity="1" minCyclomaticComplexity="1" visitedClasses="0" numClasses="0" visitedMethods="1" numMethods="1" />
              <MetadataToken>100663354</MetadataToken>
              <Name>System.String TSQLLINT_LIB.Rules.SelectStarRule::get_RULE_NAME()</Name>
              <FileRef uid="44" />
              <SequencePoints>
                <SequencePoint vc="9" uspid="428" ordinal="0" offset="0" sl="9" sc="39" el="9" ec="40" bec="0" bev="0" fileid="44" />
                <SequencePoint vc="9" uspid="429" ordinal="1" offset="1" sl="9" sc="41" el="9" ec="62" bec="0" bev="0" fileid="44" />
                <SequencePoint vc="9" uspid="430" ordinal="2" offset="9" sl="9" sc="63" el="9" ec="64" bec="0" bev="0" fileid="44" />
              </SequencePoints>
              <BranchPoints />
              <MethodPoint xsi:type="SequencePoint" vc="9" uspid="428" ordinal="0" offset="0" sl="9" sc="39" el="9" ec="40" bec="0" bev="0" fileid="44" />
            </Method>
            <Method visited="true" cyclomaticComplexity="1" nPathComplexity="0" sequenceCoverage="100" branchCoverage="100" isConstructor="false" isStatic="false" isGetter="true" isSetter="false">
              <Summary numSequencePoints="3" visitedSequencePoints="3" numBranchPoints="1" visitedBranchPoints="1" sequenceCoverage="100" branchCoverage="100" maxCyclomaticComplexity="1" minCyclomaticComplexity="1" visitedClasses="0" numClasses="0" visitedMethods="1" numMethods="1" />
              <MetadataToken>100663355</MetadataToken>
              <Name>System.String TSQLLINT_LIB.Rules.SelectStarRule::get_RULE_TEXT()</Name>
              <FileRef uid="44" />
              <SequencePoints>
                <SequencePoint vc="5" uspid="431" ordinal="0" offset="0" sl="10" sc="39" el="10" ec="40" bec="0" bev="0" fileid="44" />
                <SequencePoint vc="5" uspid="432" ordinal="1" offset="1" sl="10" sc="41" el="10" ec="81" bec="0" bev="0" fileid="44" />
                <SequencePoint vc="5" uspid="433" ordinal="2" offset="9" sl="10" sc="82" el="10" ec="83" bec="0" bev="0" fileid="44" />
              </SequencePoints>
              <BranchPoints />
              <MethodPoint xsi:type="SequencePoint" vc="5" uspid="431" ordinal="0" offset="0" sl="10" sc="39" el="10" ec="40" bec="0" bev="0" fileid="44" />
            </Method>
            <Method visited="true" cyclomaticComplexity="1" nPathComplexity="0" sequenceCoverage="100" branchCoverage="100" isConstructor="true" isStatic="false" isGetter="false" isSetter="false">
              <Summary numSequencePoints="4" visitedSequencePoints="4" numBranchPoints="1" visitedBranchPoints="1" sequenceCoverage="100" branchCoverage="100" maxCyclomaticComplexity="1" minCyclomaticComplexity="1" visitedClasses="0" numClasses="0" visitedMethods="1" numMethods="1" />
              <MetadataToken>100663356</MetadataToken>
              <Name>System.Void TSQLLINT_LIB.Rules.SelectStarRule::.ctor(System.Action`3&lt;System.String,System.String,Microsoft.SqlServer.TransactSql.ScriptDom.TSqlFragment&gt;)</Name>
              <FileRef uid="44" />
              <SequencePoints>
                <SequencePoint vc="8" uspid="434" ordinal="0" offset="0" sl="13" sc="9" el="13" ec="82" bec="0" bev="0" fileid="44" />
                <SequencePoint vc="8" uspid="435" ordinal="1" offset="7" sl="14" sc="9" el="14" ec="10" bec="0" bev="0" fileid="44" />
                <SequencePoint vc="8" uspid="436" ordinal="2" offset="8" sl="15" sc="13" el="15" ec="43" bec="0" bev="0" fileid="44" />
                <SequencePoint vc="8" uspid="437" ordinal="3" offset="15" sl="16" sc="9" el="16" ec="10" bec="0" bev="0" fileid="44" />
              </SequencePoints>
              <BranchPoints />
              <MethodPoint xsi:type="SequencePoint" vc="8" uspid="434" ordinal="0" offset="0" sl="13" sc="9" el="13" ec="82" bec="0" bev="0" fileid="44" />
            </Method>
            <Method visited="true" cyclomaticComplexity="1" nPathComplexity="0" sequenceCoverage="100" branchCoverage="100" isConstructor="false" isStatic="false" isGetter="false" isSetter="false">
              <Summary numSequencePoints="3" visitedSequencePoints="3" numBranchPoints="1" visitedBranchPoints="1" sequenceCoverage="100" branchCoverage="100" maxCyclomaticComplexity="1" minCyclomaticComplexity="1" visitedClasses="0" numClasses="0" visitedMethods="1" numMethods="1" />
              <MetadataToken>100663357</MetadataToken>
              <Name>System.Void TSQLLINT_LIB.Rules.SelectStarRule::Visit(Microsoft.SqlServer.TransactSql.ScriptDom.SelectStarExpression)</Name>
              <FileRef uid="44" />
              <SequencePoints>
                <SequencePoint vc="5" uspid="438" ordinal="0" offset="0" sl="19" sc="9" el="19" ec="10" bec="0" bev="0" fileid="44" />
                <SequencePoint vc="5" uspid="439" ordinal="1" offset="1" sl="20" sc="13" el="20" ec="55" bec="0" bev="0" fileid="44" />
                <SequencePoint vc="5" uspid="440" ordinal="2" offset="26" sl="21" sc="9" el="21" ec="10" bec="0" bev="0" fileid="44" />
              </SequencePoints>
              <BranchPoints />
              <MethodPoint xsi:type="SequencePoint" vc="5" uspid="438" ordinal="0" offset="0" sl="19" sc="9" el="19" ec="10" bec="0" bev="0" fileid="44" />
            </Method>
          </Methods>
        </Class>
        <Class>
          <Summary numSequencePoints="35" visitedSequencePoints="35" numBranchPoints="17" visitedBranchPoints="17" sequenceCoverage="100" branchCoverage="100" maxCyclomaticComplexity="8" minCyclomaticComplexity="1" visitedClasses="1" numClasses="1" visitedMethods="5" numMethods="5" />
          <FullName>TSQLLINT_LIB.Rules.SetNoCountRule</FullName>
          <Methods>
            <Method visited="true" cyclomaticComplexity="1" nPathComplexity="0" sequenceCoverage="100" branchCoverage="100" isConstructor="false" isStatic="false" isGetter="true" isSetter="false">
              <Summary numSequencePoints="3" visitedSequencePoints="3" numBranchPoints="1" visitedBranchPoints="1" sequenceCoverage="100" branchCoverage="100" maxCyclomaticComplexity="1" minCyclomaticComplexity="1" visitedClasses="0" numClasses="0" visitedMethods="1" numMethods="1" />
              <MetadataToken>100663358</MetadataToken>
              <Name>System.String TSQLLINT_LIB.Rules.SetNoCountRule::get_RULE_NAME()</Name>
              <FileRef uid="45" />
              <SequencePoints>
                <SequencePoint vc="6" uspid="441" ordinal="0" offset="0" sl="9" sc="39" el="9" ec="40" bec="0" bev="0" fileid="45" />
                <SequencePoint vc="6" uspid="442" ordinal="1" offset="1" sl="9" sc="41" el="9" ec="62" bec="0" bev="0" fileid="45" />
                <SequencePoint vc="6" uspid="443" ordinal="2" offset="9" sl="9" sc="63" el="9" ec="64" bec="0" bev="0" fileid="45" />
              </SequencePoints>
              <BranchPoints />
              <MethodPoint xsi:type="SequencePoint" vc="6" uspid="441" ordinal="0" offset="0" sl="9" sc="39" el="9" ec="40" bec="0" bev="0" fileid="45" />
            </Method>
            <Method visited="true" cyclomaticComplexity="1" nPathComplexity="0" sequenceCoverage="100" branchCoverage="100" isConstructor="false" isStatic="false" isGetter="true" isSetter="false">
              <Summary numSequencePoints="3" visitedSequencePoints="3" numBranchPoints="1" visitedBranchPoints="1" sequenceCoverage="100" branchCoverage="100" maxCyclomaticComplexity="1" minCyclomaticComplexity="1" visitedClasses="0" numClasses="0" visitedMethods="1" numMethods="1" />
              <MetadataToken>100663359</MetadataToken>
              <Name>System.String TSQLLINT_LIB.Rules.SetNoCountRule::get_RULE_TEXT()</Name>
              <FileRef uid="45" />
              <SequencePoints>
                <SequencePoint vc="2" uspid="444" ordinal="0" offset="0" sl="10" sc="39" el="10" ec="40" bec="0" bev="0" fileid="45" />
                <SequencePoint vc="2" uspid="445" ordinal="1" offset="1" sl="10" sc="41" el="10" ec="80" bec="0" bev="0" fileid="45" />
                <SequencePoint vc="2" uspid="446" ordinal="2" offset="9" sl="10" sc="81" el="10" ec="82" bec="0" bev="0" fileid="45" />
              </SequencePoints>
              <BranchPoints />
              <MethodPoint xsi:type="SequencePoint" vc="2" uspid="444" ordinal="0" offset="0" sl="10" sc="39" el="10" ec="40" bec="0" bev="0" fileid="45" />
            </Method>
            <Method visited="true" cyclomaticComplexity="1" nPathComplexity="0" sequenceCoverage="100" branchCoverage="100" isConstructor="true" isStatic="false" isGetter="false" isSetter="false">
              <Summary numSequencePoints="4" visitedSequencePoints="4" numBranchPoints="1" visitedBranchPoints="1" sequenceCoverage="100" branchCoverage="100" maxCyclomaticComplexity="1" minCyclomaticComplexity="1" visitedClasses="0" numClasses="0" visitedMethods="1" numMethods="1" />
              <MetadataToken>100663360</MetadataToken>
              <Name>System.Void TSQLLINT_LIB.Rules.SetNoCountRule::.ctor(System.Action`3&lt;System.String,System.String,Microsoft.SqlServer.TransactSql.ScriptDom.TSqlFragment&gt;)</Name>
              <FileRef uid="45" />
              <SequencePoints>
                <SequencePoint vc="7" uspid="447" ordinal="0" offset="0" sl="16" sc="9" el="16" ec="82" bec="0" bev="0" fileid="45" />
                <SequencePoint vc="7" uspid="448" ordinal="1" offset="7" sl="17" sc="9" el="17" ec="10" bec="0" bev="0" fileid="45" />
                <SequencePoint vc="7" uspid="449" ordinal="2" offset="8" sl="18" sc="13" el="18" ec="43" bec="0" bev="0" fileid="45" />
                <SequencePoint vc="7" uspid="450" ordinal="3" offset="15" sl="19" sc="9" el="19" ec="10" bec="0" bev="0" fileid="45" />
              </SequencePoints>
              <BranchPoints />
              <MethodPoint xsi:type="SequencePoint" vc="7" uspid="447" ordinal="0" offset="0" sl="16" sc="9" el="16" ec="82" bec="0" bev="0" fileid="45" />
            </Method>
            <Method visited="true" cyclomaticComplexity="2" nPathComplexity="2" sequenceCoverage="100" branchCoverage="100" isConstructor="false" isStatic="false" isGetter="false" isSetter="false">
              <Summary numSequencePoints="7" visitedSequencePoints="7" numBranchPoints="3" visitedBranchPoints="3" sequenceCoverage="100" branchCoverage="100" maxCyclomaticComplexity="2" minCyclomaticComplexity="2" visitedClasses="0" numClasses="0" visitedMethods="1" numMethods="1" />
              <MetadataToken>100663361</MetadataToken>
              <Name>System.Void TSQLLINT_LIB.Rules.SetNoCountRule::Visit(Microsoft.SqlServer.TransactSql.ScriptDom.SetOnOffStatement)</Name>
              <FileRef uid="45" />
              <SequencePoints>
                <SequencePoint vc="4" uspid="451" ordinal="0" offset="0" sl="22" sc="9" el="22" ec="10" bec="0" bev="0" fileid="45" />
                <SequencePoint vc="4" uspid="452" ordinal="1" offset="1" sl="23" sc="13" el="23" ec="59" bec="0" bev="0" fileid="45" />
                <SequencePoint vc="4" uspid="453" ordinal="2" offset="8" sl="24" sc="13" el="24" ec="57" bec="2" bev="2" fileid="45" />
                <SequencePoint vc="2" uspid="454" ordinal="3" offset="25" sl="25" sc="13" el="25" ec="14" bec="0" bev="0" fileid="45" />
                <SequencePoint vc="2" uspid="455" ordinal="4" offset="26" sl="26" sc="17" el="26" ec="40" bec="0" bev="0" fileid="45" />
                <SequencePoint vc="2" uspid="456" ordinal="5" offset="33" sl="27" sc="13" el="27" ec="14" bec="0" bev="0" fileid="45" />
                <SequencePoint vc="4" uspid="457" ordinal="6" offset="34" sl="28" sc="9" el="28" ec="10" bec="0" bev="0" fileid="45" />
              </SequencePoints>
              <BranchPoints>
                <BranchPoint vc="2" uspid="458" ordinal="0" offset="23" sl="24" path="0" offsetend="25" fileid="45" />
                <BranchPoint vc="2" uspid="459" ordinal="1" offset="23" sl="24" path="1" offsetend="34" fileid="45" />
              </BranchPoints>
              <MethodPoint xsi:type="SequencePoint" vc="4" uspid="451" ordinal="0" offset="0" sl="22" sc="9" el="22" ec="10" bec="0" bev="0" fileid="45" />
            </Method>
            <Method visited="true" cyclomaticComplexity="8" nPathComplexity="32" sequenceCoverage="100" branchCoverage="100" isConstructor="false" isStatic="false" isGetter="false" isSetter="false">
              <Summary numSequencePoints="18" visitedSequencePoints="18" numBranchPoints="11" visitedBranchPoints="11" sequenceCoverage="100" branchCoverage="100" maxCyclomaticComplexity="8" minCyclomaticComplexity="8" visitedClasses="0" numClasses="0" visitedMethods="1" numMethods="1" />
              <MetadataToken>100663362</MetadataToken>
              <Name>System.Void TSQLLINT_LIB.Rules.SetNoCountRule::Visit(Microsoft.SqlServer.TransactSql.ScriptDom.TSqlStatement)</Name>
              <FileRef uid="45" />
              <SequencePoints>
                <SequencePoint vc="8" uspid="460" ordinal="0" offset="0" sl="31" sc="9" el="31" ec="10" bec="0" bev="0" fileid="45" />
                <SequencePoint vc="8" uspid="461" ordinal="1" offset="1" sl="32" sc="13" el="32" ec="43" bec="0" bev="0" fileid="45" />
                <SequencePoint vc="8" uspid="462" ordinal="2" offset="8" sl="34" sc="13" el="34" ec="75" bec="2" bev="2" fileid="45" />
                <SequencePoint vc="1" uspid="463" ordinal="3" offset="31" sl="35" sc="13" el="35" ec="14" bec="0" bev="0" fileid="45" />
                <SequencePoint vc="1" uspid="464" ordinal="4" offset="32" sl="36" sc="17" el="36" ec="24" bec="0" bev="0" fileid="45" />
                <SequencePoint vc="7" uspid="465" ordinal="5" offset="34" sl="39" sc="13" el="39" ec="59" bec="2" bev="2" fileid="45" />
                <SequencePoint vc="4" uspid="466" ordinal="6" offset="57" sl="40" sc="13" el="40" ec="14" bec="0" bev="0" fileid="45" />
                <SequencePoint vc="4" uspid="467" ordinal="7" offset="58" sl="41" sc="17" el="41" ec="63" bec="0" bev="0" fileid="45" />
                <SequencePoint vc="4" uspid="468" ordinal="8" offset="65" sl="42" sc="17" el="43" ec="70" bec="2" bev="2" fileid="45" />
                <SequencePoint vc="2" uspid="469" ordinal="9" offset="98" sl="44" sc="17" el="44" ec="18" bec="0" bev="0" fileid="45" />
                <SequencePoint vc="2" uspid="470" ordinal="10" offset="99" sl="45" sc="21" el="45" ec="28" bec="0" bev="0" fileid="45" />
                <SequencePoint vc="2" uspid="471" ordinal="11" offset="101" sl="47" sc="13" el="47" ec="14" bec="0" bev="0" fileid="45" />
                <SequencePoint vc="5" uspid="472" ordinal="12" offset="102" sl="49" sc="13" el="49" ec="50" bec="4" bev="4" fileid="45" />
                <SequencePoint vc="2" uspid="473" ordinal="13" offset="124" sl="50" sc="13" el="50" ec="14" bec="0" bev="0" fileid="45" />
                <SequencePoint vc="2" uspid="474" ordinal="14" offset="125" sl="51" sc="17" el="51" ec="59" bec="0" bev="0" fileid="45" />
                <SequencePoint vc="2" uspid="475" ordinal="15" offset="150" sl="52" sc="17" el="52" ec="36" bec="0" bev="0" fileid="45" />
                <SequencePoint vc="2" uspid="476" ordinal="16" offset="157" sl="53" sc="13" el="53" ec="14" bec="0" bev="0" fileid="45" />
                <SequencePoint vc="8" uspid="477" ordinal="17" offset="158" sl="54" sc="9" el="54" ec="10" bec="0" bev="0" fileid="45" />
              </SequencePoints>
              <BranchPoints>
                <BranchPoint vc="1" uspid="478" ordinal="0" offset="29" sl="34" path="0" offsetend="31" fileid="45" />
                <BranchPoint vc="7" uspid="479" ordinal="1" offset="29" sl="34" path="1" offsetend="34" fileid="45" />
                <BranchPoint vc="4" uspid="480" ordinal="2" offset="55" sl="39" path="0" offsetend="57" fileid="45" />
                <BranchPoint vc="3" uspid="481" ordinal="3" offset="55" sl="39" path="1" offsetend="102" fileid="45" />
                <BranchPoint vc="2" uspid="484" ordinal="6" offset="96" sl="42" path="0" offsetend="98" fileid="45" />
                <BranchPoint vc="2" uspid="485" ordinal="7" offset="96" sl="42" path="1" offsetend="101" fileid="45" />
                <BranchPoint vc="2" uspid="486" ordinal="8" offset="108" sl="49" path="0" offsetend="110" fileid="45" />
                <BranchPoint vc="3" uspid="487" ordinal="9" offset="108" sl="49" path="1" offsetend="118" fileid="45" />
                <BranchPoint vc="2" uspid="488" ordinal="10" offset="122" sl="49" path="0" offsetend="124" fileid="45" />
                <BranchPoint vc="3" uspid="489" ordinal="11" offset="122" sl="49" path="1" offsetend="158" fileid="45" />
              </BranchPoints>
              <MethodPoint xsi:type="SequencePoint" vc="8" uspid="460" ordinal="0" offset="0" sl="31" sc="9" el="31" ec="10" bec="0" bev="0" fileid="45" />
            </Method>
          </Methods>
        </Class>
        <Class>
          <Summary numSequencePoints="24" visitedSequencePoints="24" numBranchPoints="11" visitedBranchPoints="11" sequenceCoverage="100" branchCoverage="100" maxCyclomaticComplexity="5" minCyclomaticComplexity="1" visitedClasses="1" numClasses="1" visitedMethods="5" numMethods="5" />
          <FullName>TSQLLINT_LIB.Rules.SetTransactionIsolationLevelRule</FullName>
          <Methods>
            <Method visited="true" cyclomaticComplexity="1" nPathComplexity="0" sequenceCoverage="100" branchCoverage="100" isConstructor="false" isStatic="false" isGetter="true" isSetter="false">
              <Summary numSequencePoints="3" visitedSequencePoints="3" numBranchPoints="1" visitedBranchPoints="1" sequenceCoverage="100" branchCoverage="100" maxCyclomaticComplexity="1" minCyclomaticComplexity="1" visitedClasses="0" numClasses="0" visitedMethods="1" numMethods="1" />
              <MetadataToken>100663363</MetadataToken>
              <Name>System.String TSQLLINT_LIB.Rules.SetTransactionIsolationLevelRule::get_RULE_NAME()</Name>
              <FileRef uid="46" />
              <SequencePoints>
                <SequencePoint vc="9" uspid="490" ordinal="0" offset="0" sl="9" sc="39" el="9" ec="40" bec="0" bev="0" fileid="46" />
                <SequencePoint vc="9" uspid="491" ordinal="1" offset="1" sl="9" sc="41" el="9" ec="82" bec="0" bev="0" fileid="46" />
                <SequencePoint vc="9" uspid="492" ordinal="2" offset="9" sl="9" sc="83" el="9" ec="84" bec="0" bev="0" fileid="46" />
              </SequencePoints>
              <BranchPoints />
              <MethodPoint xsi:type="SequencePoint" vc="9" uspid="490" ordinal="0" offset="0" sl="9" sc="39" el="9" ec="40" bec="0" bev="0" fileid="46" />
            </Method>
            <Method visited="true" cyclomaticComplexity="1" nPathComplexity="0" sequenceCoverage="100" branchCoverage="100" isConstructor="false" isStatic="false" isGetter="true" isSetter="false">
              <Summary numSequencePoints="3" visitedSequencePoints="3" numBranchPoints="1" visitedBranchPoints="1" sequenceCoverage="100" branchCoverage="100" maxCyclomaticComplexity="1" minCyclomaticComplexity="1" visitedClasses="0" numClasses="0" visitedMethods="1" numMethods="1" />
              <MetadataToken>100663364</MetadataToken>
              <Name>System.String TSQLLINT_LIB.Rules.SetTransactionIsolationLevelRule::get_RULE_TEXT()</Name>
              <FileRef uid="46" />
              <SequencePoints>
                <SequencePoint vc="5" uspid="493" ordinal="0" offset="0" sl="10" sc="39" el="10" ec="40" bec="0" bev="0" fileid="46" />
                <SequencePoint vc="5" uspid="494" ordinal="1" offset="1" sl="10" sc="41" el="10" ec="137" bec="0" bev="0" fileid="46" />
                <SequencePoint vc="5" uspid="495" ordinal="2" offset="9" sl="10" sc="138" el="10" ec="139" bec="0" bev="0" fileid="46" />
              </SequencePoints>
              <BranchPoints />
              <MethodPoint xsi:type="SequencePoint" vc="5" uspid="493" ordinal="0" offset="0" sl="10" sc="39" el="10" ec="40" bec="0" bev="0" fileid="46" />
            </Method>
            <Method visited="true" cyclomaticComplexity="1" nPathComplexity="0" sequenceCoverage="100" branchCoverage="100" isConstructor="true" isStatic="false" isGetter="false" isSetter="false">
              <Summary numSequencePoints="4" visitedSequencePoints="4" numBranchPoints="1" visitedBranchPoints="1" sequenceCoverage="100" branchCoverage="100" maxCyclomaticComplexity="1" minCyclomaticComplexity="1" visitedClasses="0" numClasses="0" visitedMethods="1" numMethods="1" />
              <MetadataToken>100663365</MetadataToken>
              <Name>System.Void TSQLLINT_LIB.Rules.SetTransactionIsolationLevelRule::.ctor(System.Action`3&lt;System.String,System.String,Microsoft.SqlServer.TransactSql.ScriptDom.TSqlFragment&gt;)</Name>
              <FileRef uid="46" />
              <SequencePoints>
                <SequencePoint vc="7" uspid="496" ordinal="0" offset="0" sl="16" sc="9" el="16" ec="100" bec="0" bev="0" fileid="46" />
                <SequencePoint vc="7" uspid="497" ordinal="1" offset="7" sl="17" sc="9" el="17" ec="10" bec="0" bev="0" fileid="46" />
                <SequencePoint vc="7" uspid="498" ordinal="2" offset="8" sl="18" sc="13" el="18" ec="43" bec="0" bev="0" fileid="46" />
                <SequencePoint vc="7" uspid="499" ordinal="3" offset="15" sl="19" sc="9" el="19" ec="10" bec="0" bev="0" fileid="46" />
              </SequencePoints>
              <BranchPoints />
              <MethodPoint xsi:type="SequencePoint" vc="7" uspid="496" ordinal="0" offset="0" sl="16" sc="9" el="16" ec="100" bec="0" bev="0" fileid="46" />
            </Method>
            <Method visited="true" cyclomaticComplexity="5" nPathComplexity="8" sequenceCoverage="100" branchCoverage="100" isConstructor="false" isStatic="false" isGetter="false" isSetter="false">
              <Summary numSequencePoints="11" visitedSequencePoints="11" numBranchPoints="7" visitedBranchPoints="7" sequenceCoverage="100" branchCoverage="100" maxCyclomaticComplexity="5" minCyclomaticComplexity="5" visitedClasses="0" numClasses="0" visitedMethods="1" numMethods="1" />
              <MetadataToken>100663366</MetadataToken>
              <Name>System.Void TSQLLINT_LIB.Rules.SetTransactionIsolationLevelRule::Visit(Microsoft.SqlServer.TransactSql.ScriptDom.TSqlStatement)</Name>
              <FileRef uid="46" />
              <SequencePoints>
                <SequencePoint vc="12" uspid="500" ordinal="0" offset="0" sl="22" sc="9" el="22" ec="10" bec="0" bev="0" fileid="46" />
                <SequencePoint vc="12" uspid="501" ordinal="1" offset="1" sl="23" sc="13" el="23" ec="43" bec="0" bev="0" fileid="46" />
                <SequencePoint vc="12" uspid="502" ordinal="2" offset="8" sl="27" sc="13" el="27" ec="59" bec="2" bev="2" fileid="46" />
                <SequencePoint vc="3" uspid="503" ordinal="3" offset="31" sl="28" sc="13" el="28" ec="14" bec="0" bev="0" fileid="46" />
                <SequencePoint vc="3" uspid="504" ordinal="4" offset="32" sl="29" sc="17" el="29" ec="24" bec="0" bev="0" fileid="46" />
                <SequencePoint vc="9" uspid="505" ordinal="5" offset="34" sl="32" sc="13" el="32" ec="73" bec="4" bev="4" fileid="46" />
                <SequencePoint vc="5" uspid="506" ordinal="6" offset="56" sl="33" sc="13" el="33" ec="14" bec="0" bev="0" fileid="46" />
                <SequencePoint vc="5" uspid="507" ordinal="7" offset="57" sl="34" sc="17" el="34" ec="59" bec="0" bev="0" fileid="46" />
                <SequencePoint vc="5" uspid="508" ordinal="8" offset="82" sl="35" sc="17" el="35" ec="36" bec="0" bev="0" fileid="46" />
                <SequencePoint vc="5" uspid="509" ordinal="9" offset="89" sl="36" sc="13" el="36" ec="14" bec="0" bev="0" fileid="46" />
                <SequencePoint vc="12" uspid="510" ordinal="10" offset="90" sl="37" sc="9" el="37" ec="10" bec="0" bev="0" fileid="46" />
              </SequencePoints>
              <BranchPoints>
                <BranchPoint vc="3" uspid="511" ordinal="0" offset="29" sl="27" path="0" offsetend="31" fileid="46" />
                <BranchPoint vc="9" uspid="512" ordinal="1" offset="29" sl="27" path="1" offsetend="34" fileid="46" />
                <BranchPoint vc="8" uspid="513" ordinal="2" offset="40" sl="32" path="0" offsetend="42" fileid="46" />
                <BranchPoint vc="1" uspid="514" ordinal="3" offset="40" sl="32" path="1" offsetend="50" fileid="46" />
                <BranchPoint vc="5" uspid="515" ordinal="4" offset="54" sl="32" path="0" offsetend="56" fileid="46" />
                <BranchPoint vc="4" uspid="516" ordinal="5" offset="54" sl="32" path="1" offsetend="90" fileid="46" />
              </BranchPoints>
              <MethodPoint xsi:type="SequencePoint" vc="12" uspid="500" ordinal="0" offset="0" sl="22" sc="9" el="22" ec="10" bec="0" bev="0" fileid="46" />
            </Method>
            <Method visited="true" cyclomaticComplexity="1" nPathComplexity="0" sequenceCoverage="100" branchCoverage="100" isConstructor="false" isStatic="false" isGetter="false" isSetter="false">
              <Summary numSequencePoints="3" visitedSequencePoints="3" numBranchPoints="1" visitedBranchPoints="1" sequenceCoverage="100" branchCoverage="100" maxCyclomaticComplexity="1" minCyclomaticComplexity="1" visitedClasses="0" numClasses="0" visitedMethods="1" numMethods="1" />
              <MetadataToken>100663367</MetadataToken>
              <Name>System.Void TSQLLINT_LIB.Rules.SetTransactionIsolationLevelRule::ExplicitVisit(Microsoft.SqlServer.TransactSql.ScriptDom.SetTransactionIsolationLevelStatement)</Name>
              <FileRef uid="46" />
              <SequencePoints>
                <SequencePoint vc="2" uspid="517" ordinal="0" offset="0" sl="40" sc="9" el="40" ec="10" bec="0" bev="0" fileid="46" />
                <SequencePoint vc="2" uspid="518" ordinal="1" offset="1" sl="41" sc="13" el="41" ec="60" bec="0" bev="0" fileid="46" />
                <SequencePoint vc="2" uspid="519" ordinal="2" offset="8" sl="42" sc="9" el="42" ec="10" bec="0" bev="0" fileid="46" />
              </SequencePoints>
              <BranchPoints />
              <MethodPoint xsi:type="SequencePoint" vc="2" uspid="517" ordinal="0" offset="0" sl="40" sc="9" el="40" ec="10" bec="0" bev="0" fileid="46" />
            </Method>
          </Methods>
        </Class>
        <Class>
          <Summary numSequencePoints="17" visitedSequencePoints="17" numBranchPoints="6" visitedBranchPoints="6" sequenceCoverage="100" branchCoverage="100" maxCyclomaticComplexity="2" minCyclomaticComplexity="1" visitedClasses="1" numClasses="1" visitedMethods="4" numMethods="4" />
          <FullName>TSQLLINT_LIB.Rules.TerminateStatementsWithSemicolonRule</FullName>
          <Methods>
            <Method visited="true" cyclomaticComplexity="1" nPathComplexity="0" sequenceCoverage="100" branchCoverage="100" isConstructor="false" isStatic="false" isGetter="true" isSetter="false">
              <Summary numSequencePoints="3" visitedSequencePoints="3" numBranchPoints="1" visitedBranchPoints="1" sequenceCoverage="100" branchCoverage="100" maxCyclomaticComplexity="1" minCyclomaticComplexity="1" visitedClasses="0" numClasses="0" visitedMethods="1" numMethods="1" />
              <MetadataToken>100663368</MetadataToken>
              <Name>System.String TSQLLINT_LIB.Rules.TerminateStatementsWithSemicolonRule::get_RULE_NAME()</Name>
              <FileRef uid="47" />
              <SequencePoints>
                <SequencePoint vc="11" uspid="520" ordinal="0" offset="0" sl="9" sc="38" el="9" ec="39" bec="0" bev="0" fileid="47" />
                <SequencePoint vc="11" uspid="521" ordinal="1" offset="1" sl="9" sc="40" el="9" ec="81" bec="0" bev="0" fileid="47" />
                <SequencePoint vc="11" uspid="522" ordinal="2" offset="9" sl="9" sc="81" el="9" ec="82" bec="0" bev="0" fileid="47" />
              </SequencePoints>
              <BranchPoints />
              <MethodPoint xsi:type="SequencePoint" vc="11" uspid="520" ordinal="0" offset="0" sl="9" sc="38" el="9" ec="39" bec="0" bev="0" fileid="47" />
            </Method>
            <Method visited="true" cyclomaticComplexity="1" nPathComplexity="0" sequenceCoverage="100" branchCoverage="100" isConstructor="false" isStatic="false" isGetter="true" isSetter="false">
              <Summary numSequencePoints="3" visitedSequencePoints="3" numBranchPoints="1" visitedBranchPoints="1" sequenceCoverage="100" branchCoverage="100" maxCyclomaticComplexity="1" minCyclomaticComplexity="1" visitedClasses="0" numClasses="0" visitedMethods="1" numMethods="1" />
              <MetadataToken>100663369</MetadataToken>
              <Name>System.String TSQLLINT_LIB.Rules.TerminateStatementsWithSemicolonRule::get_RULE_TEXT()</Name>
              <FileRef uid="47" />
              <SequencePoints>
                <SequencePoint vc="7" uspid="523" ordinal="0" offset="0" sl="10" sc="39" el="10" ec="40" bec="0" bev="0" fileid="47" />
                <SequencePoint vc="7" uspid="524" ordinal="1" offset="1" sl="10" sc="41" el="10" ec="86" bec="0" bev="0" fileid="47" />
                <SequencePoint vc="7" uspid="525" ordinal="2" offset="9" sl="10" sc="87" el="10" ec="88" bec="0" bev="0" fileid="47" />
              </SequencePoints>
              <BranchPoints />
              <MethodPoint xsi:type="SequencePoint" vc="7" uspid="523" ordinal="0" offset="0" sl="10" sc="39" el="10" ec="40" bec="0" bev="0" fileid="47" />
            </Method>
            <Method visited="true" cyclomaticComplexity="1" nPathComplexity="0" sequenceCoverage="100" branchCoverage="100" isConstructor="true" isStatic="false" isGetter="false" isSetter="false">
              <Summary numSequencePoints="4" visitedSequencePoints="4" numBranchPoints="1" visitedBranchPoints="1" sequenceCoverage="100" branchCoverage="100" maxCyclomaticComplexity="1" minCyclomaticComplexity="1" visitedClasses="0" numClasses="0" visitedMethods="1" numMethods="1" />
              <MetadataToken>100663370</MetadataToken>
              <Name>System.Void TSQLLINT_LIB.Rules.TerminateStatementsWithSemicolonRule::.ctor(System.Action`3&lt;System.String,System.String,Microsoft.SqlServer.TransactSql.ScriptDom.TSqlFragment&gt;)</Name>
              <FileRef uid="47" />
              <SequencePoints>
                <SequencePoint vc="8" uspid="526" ordinal="0" offset="0" sl="13" sc="9" el="13" ec="104" bec="0" bev="0" fileid="47" />
                <SequencePoint vc="8" uspid="527" ordinal="1" offset="7" sl="14" sc="9" el="14" ec="10" bec="0" bev="0" fileid="47" />
                <SequencePoint vc="8" uspid="528" ordinal="2" offset="8" sl="15" sc="13" el="15" ec="43" bec="0" bev="0" fileid="47" />
                <SequencePoint vc="8" uspid="529" ordinal="3" offset="15" sl="16" sc="9" el="16" ec="10" bec="0" bev="0" fileid="47" />
              </SequencePoints>
              <BranchPoints />
              <MethodPoint xsi:type="SequencePoint" vc="8" uspid="526" ordinal="0" offset="0" sl="13" sc="9" el="13" ec="104" bec="0" bev="0" fileid="47" />
            </Method>
            <Method visited="true" cyclomaticComplexity="2" nPathComplexity="2" sequenceCoverage="100" branchCoverage="100" isConstructor="false" isStatic="false" isGetter="false" isSetter="false">
              <Summary numSequencePoints="7" visitedSequencePoints="7" numBranchPoints="3" visitedBranchPoints="3" sequenceCoverage="100" branchCoverage="100" maxCyclomaticComplexity="2" minCyclomaticComplexity="2" visitedClasses="0" numClasses="0" visitedMethods="1" numMethods="1" />
              <MetadataToken>100663371</MetadataToken>
              <Name>System.Void TSQLLINT_LIB.Rules.TerminateStatementsWithSemicolonRule::Visit(Microsoft.SqlServer.TransactSql.ScriptDom.TSqlStatement)</Name>
              <FileRef uid="47" />
              <SequencePoints>
                <SequencePoint vc="12" uspid="530" ordinal="0" offset="0" sl="19" sc="9" el="19" ec="10" bec="0" bev="0" fileid="47" />
                <SequencePoint vc="12" uspid="531" ordinal="1" offset="1" sl="20" sc="13" el="20" ec="83" bec="0" bev="0" fileid="47" />
                <SequencePoint vc="12" uspid="532" ordinal="2" offset="24" sl="21" sc="13" el="21" ec="54" bec="2" bev="2" fileid="47" />
                <SequencePoint vc="7" uspid="533" ordinal="3" offset="36" sl="22" sc="13" el="22" ec="14" bec="0" bev="0" fileid="47" />
                <SequencePoint vc="7" uspid="534" ordinal="4" offset="37" sl="23" sc="17" el="23" ec="59" bec="0" bev="0" fileid="47" />
                <SequencePoint vc="7" uspid="535" ordinal="5" offset="62" sl="24" sc="13" el="24" ec="14" bec="0" bev="0" fileid="47" />
                <SequencePoint vc="12" uspid="536" ordinal="6" offset="63" sl="25" sc="9" el="25" ec="10" bec="0" bev="0" fileid="47" />
              </SequencePoints>
              <BranchPoints>
                <BranchPoint vc="7" uspid="537" ordinal="0" offset="34" sl="21" path="0" offsetend="36" fileid="47" />
                <BranchPoint vc="5" uspid="538" ordinal="1" offset="34" sl="21" path="1" offsetend="63" fileid="47" />
              </BranchPoints>
              <MethodPoint xsi:type="SequencePoint" vc="12" uspid="530" ordinal="0" offset="0" sl="19" sc="9" el="19" ec="10" bec="0" bev="0" fileid="47" />
            </Method>
          </Methods>
        </Class>
        <Class>
          <Summary numSequencePoints="8" visitedSequencePoints="8" numBranchPoints="2" visitedBranchPoints="2" sequenceCoverage="100" branchCoverage="100" maxCyclomaticComplexity="1" minCyclomaticComplexity="1" visitedClasses="1" numClasses="1" visitedMethods="2" numMethods="2" />
          <FullName>TSQLLINT_LIB.Utility</FullName>
          <Methods>
            <Method visited="true" cyclomaticComplexity="1" nPathComplexity="0" sequenceCoverage="100" branchCoverage="100" isConstructor="false" isStatic="true" isGetter="false" isSetter="false">
              <Summary numSequencePoints="5" visitedSequencePoints="5" numBranchPoints="1" visitedBranchPoints="1" sequenceCoverage="100" branchCoverage="100" maxCyclomaticComplexity="1" minCyclomaticComplexity="1" visitedClasses="0" numClasses="0" visitedMethods="1" numMethods="1" />
              <MetadataToken>100663372</MetadataToken>
              <Name>System.IO.TextReader TSQLLINT_LIB.Utility::CreateTextReaderFromString(System.String)</Name>
              <FileRef uid="48" />
              <SequencePoints>
                <SequencePoint vc="22" uspid="539" ordinal="0" offset="0" sl="9" sc="9" el="9" ec="10" bec="0" bev="0" fileid="48" />
                <SequencePoint vc="22" uspid="540" ordinal="1" offset="1" sl="10" sc="13" el="10" ec="53" bec="0" bev="0" fileid="48" />
                <SequencePoint vc="22" uspid="541" ordinal="2" offset="13" sl="11" sc="13" el="11" ec="56" bec="0" bev="0" fileid="48" />
                <SequencePoint vc="22" uspid="542" ordinal="3" offset="20" sl="13" sc="13" el="13" ec="51" bec="0" bev="0" fileid="48" />
                <SequencePoint vc="22" uspid="543" ordinal="4" offset="29" sl="14" sc="9" el="14" ec="10" bec="0" bev="0" fileid="48" />
              </SequencePoints>
              <BranchPoints />
              <MethodPoint xsi:type="SequencePoint" vc="22" uspid="539" ordinal="0" offset="0" sl="9" sc="9" el="9" ec="10" bec="0" bev="0" fileid="48" />
            </Method>
            <Method visited="true" cyclomaticComplexity="1" nPathComplexity="0" sequenceCoverage="100" branchCoverage="100" isConstructor="false" isStatic="true" isGetter="false" isSetter="false">
              <Summary numSequencePoints="3" visitedSequencePoints="3" numBranchPoints="1" visitedBranchPoints="1" sequenceCoverage="100" branchCoverage="100" maxCyclomaticComplexity="1" minCyclomaticComplexity="1" visitedClasses="0" numClasses="0" visitedMethods="1" numMethods="1" />
              <MetadataToken>100663373</MetadataToken>
              <Name>System.String TSQLLINT_LIB.Utility::GetFileContents(System.String)</Name>
              <FileRef uid="48" />
              <SequencePoints>
                <SequencePoint vc="4" uspid="544" ordinal="0" offset="0" sl="17" sc="9" el="17" ec="10" bec="0" bev="0" fileid="48" />
                <SequencePoint vc="4" uspid="545" ordinal="1" offset="1" sl="18" sc="13" el="18" ec="47" bec="0" bev="0" fileid="48" />
                <SequencePoint vc="4" uspid="546" ordinal="2" offset="10" sl="19" sc="9" el="19" ec="10" bec="0" bev="0" fileid="48" />
              </SequencePoints>
              <BranchPoints />
              <MethodPoint xsi:type="SequencePoint" vc="4" uspid="544" ordinal="0" offset="0" sl="17" sc="9" el="17" ec="10" bec="0" bev="0" fileid="48" />
            </Method>
          </Methods>
        </Class>
      </Classes>
    </Module>
    <Module skippedDueTo="Filter" hash="1A-0D-72-44-61-32-2D-54-98-83-81-C0-BD-43-07-DA-2F-35-5E-35">
      <ModulePath>C:\Windows\Microsoft.Net\assembly\GAC_MSIL\System.Xml\v4.0_4.0.0.0__b77a5c561934e089\System.Xml.dll</ModulePath>
      <ModuleTime>2016-11-30T06:34:16Z</ModuleTime>
      <ModuleName>System.Xml</ModuleName>
      <Classes />
    </Module>
    <Module skippedDueTo="MissingPdb" hash="2F-B0-BE-10-0D-E0-36-80-FC-43-09-C9-FA-5A-29-E6-93-97-A9-80">
      <ModulePath>D:\git\tsqllint\TSQLLINT_TESTS\bin\Debug\Newtonsoft.Json.dll</ModulePath>
      <ModuleTime>2017-06-29T21:19:14.8588656Z</ModuleTime>
      <ModuleName>Newtonsoft.Json</ModuleName>
      <Classes />
    </Module>
    <Module skippedDueTo="Filter" hash="32-D9-DF-2C-29-8A-18-FB-40-A4-6E-59-47-D2-1A-75-A6-CE-21-F9">
      <ModulePath>C:\Windows\Microsoft.Net\assembly\GAC_MSIL\System.Numerics\v4.0_4.0.0.0__b77a5c561934e089\System.Numerics.dll</ModulePath>
      <ModuleTime>2016-11-30T06:34:16Z</ModuleTime>
      <ModuleName>System.Numerics</ModuleName>
      <Classes />
    </Module>
    <Module skippedDueTo="Filter" hash="74-32-13-3E-D7-F2-F9-81-14-26-C5-50-D2-D1-61-C7-4E-3F-49-C1">
      <ModulePath>C:\Windows\Microsoft.Net\assembly\GAC_MSIL\System.Runtime.Serialization\v4.0_4.0.0.0__b77a5c561934e089\System.Runtime.Serialization.dll</ModulePath>
      <ModuleTime>2016-11-30T06:34:16Z</ModuleTime>
      <ModuleName>System.Runtime.Serialization</ModuleName>
      <Classes />
    </Module>
    <Module skippedDueTo="Filter" hash="56-B8-4B-40-EF-80-27-FA-29-40-35-90-06-39-87-FC-49-A4-25-34">
      <ModulePath>C:\Windows\Microsoft.Net\assembly\GAC_64\System.Data\v4.0_4.0.0.0__b77a5c561934e089\System.Data.dll</ModulePath>
      <ModuleTime>2016-11-30T06:27:46.5894255Z</ModuleTime>
      <ModuleName>System.Data</ModuleName>
      <Classes />
    </Module>
    <Module skippedDueTo="MissingPdb" hash="0D-C4-35-02-0A-D7-F3-8C-62-B2-CD-6F-0B-68-48-96-53-4D-A7-78">
      <ModulePath>C:\Windows\Microsoft.Net\assembly\GAC_MSIL\Microsoft.SqlServer.TransactSql.ScriptDom\v4.0_12.0.0.0__89845dcd8080cc91\Microsoft.SqlServer.TransactSql.ScriptDom.dll</ModulePath>
      <ModuleTime>2015-03-19T17:25:52.540356Z</ModuleTime>
      <ModuleName>Microsoft.SqlServer.TransactSql.ScriptDom</ModuleName>
      <Classes />
    </Module>
    <Module skippedDueTo="Filter" hash="E6-43-68-4E-1F-39-56-94-26-B3-14-DF-37-27-49-5B-21-24-D7-42">
      <ModulePath>C:\Windows\Microsoft.Net\assembly\GAC_MSIL\System.Configuration\v4.0_4.0.0.0__b03f5f7f11d50a3a\System.Configuration.dll</ModulePath>
      <ModuleTime>2016-11-30T06:34:16Z</ModuleTime>
      <ModuleName>System.Configuration</ModuleName>
      <Classes />
    </Module>
    <Module skippedDueTo="Filter" hash="29-9F-8D-00-E7-59-B3-C4-21-A7-1D-3A-32-20-C7-3B-8A-01-45-DC">
      <ModulePath>C:\Windows\Microsoft.Net\assembly\GAC_MSIL\System.Security\v4.0_4.0.0.0__b03f5f7f11d50a3a\System.Security.dll</ModulePath>
      <ModuleTime>2017-03-27T03:33:36Z</ModuleTime>
      <ModuleName>System.Security</ModuleName>
      <Classes />
    </Module>
    <Module skippedDueTo="Filter" hash="20-6D-69-B6-24-2B-2D-93-90-DA-61-A0-E5-43-AA-AC-C4-BF-6B-4F">
      <ModulePath>C:\Windows\Microsoft.Net\assembly\GAC_MSIL\System.Drawing\v4.0_4.0.0.0__b03f5f7f11d50a3a\System.Drawing.dll</ModulePath>
      <ModuleTime>2016-11-30T06:34:16Z</ModuleTime>
      <ModuleName>System.Drawing</ModuleName>
      <Classes />
    </Module>
    <Module skippedDueTo="Filter" hash="37-60-C4-05-09-4C-0A-0C-11-F6-D4-25-F0-F3-0B-20-3D-02-16-80">
      <ModulePath>C:\Windows\Microsoft.Net\assembly\GAC_MSIL\System.Web.ApplicationServices\v4.0_4.0.0.0__31bf3856ad364e35\System.Web.ApplicationServices.dll</ModulePath>
      <ModuleTime>2016-11-30T06:34:16Z</ModuleTime>
      <ModuleName>System.Web.ApplicationServices</ModuleName>
      <Classes />
    </Module>
    <Module skippedDueTo="Filter" hash="AD-6E-E7-8E-4E-EA-34-3A-18-CF-63-86-C2-67-1D-44-96-32-F2-73">
      <ModulePath>C:\Windows\Microsoft.Net\assembly\GAC_MSIL\System.ComponentModel.DataAnnotations\v4.0_4.0.0.0__31bf3856ad364e35\System.ComponentModel.DataAnnotations.dll</ModulePath>
      <ModuleTime>2016-11-30T06:34:16Z</ModuleTime>
      <ModuleName>System.ComponentModel.DataAnnotations</ModuleName>
      <Classes />
    </Module>
    <Module skippedDueTo="Filter" hash="91-4C-22-08-4D-2D-F5-A8-D2-26-C5-B4-4C-DA-46-87-D6-63-F8-AC">
      <ModulePath>C:\Windows\Microsoft.Net\assembly\GAC_MSIL\System.DirectoryServices.Protocols\v4.0_4.0.0.0__b03f5f7f11d50a3a\System.DirectoryServices.Protocols.dll</ModulePath>
      <ModuleTime>2016-11-30T06:34:16Z</ModuleTime>
      <ModuleName>System.DirectoryServices.Protocols</ModuleName>
      <Classes />
    </Module>
    <Module skippedDueTo="Filter" hash="E2-29-BE-DC-85-74-55-2A-A4-4F-9C-8B-E0-F2-1A-4A-6F-5E-02-A0">
      <ModulePath>C:\Windows\Microsoft.Net\assembly\GAC_MSIL\System.DirectoryServices\v4.0_4.0.0.0__b03f5f7f11d50a3a\System.DirectoryServices.dll</ModulePath>
      <ModuleTime>2016-11-30T06:34:16Z</ModuleTime>
      <ModuleName>System.DirectoryServices</ModuleName>
      <Classes />
    </Module>
    <Module skippedDueTo="Filter" hash="D9-D5-13-BE-78-0E-89-2F-51-F7-A3-BF-ED-3F-19-F7-0D-96-11-54">
      <ModulePath>C:\Windows\Microsoft.Net\assembly\GAC_MSIL\System.Runtime.Caching\v4.0_4.0.0.0__b03f5f7f11d50a3a\System.Runtime.Caching.dll</ModulePath>
      <ModuleTime>2016-11-30T06:34:16Z</ModuleTime>
      <ModuleName>System.Runtime.Caching</ModuleName>
      <Classes />
    </Module>
    <Module skippedDueTo="MissingPdb" hash="DF-94-19-13-F9-6C-64-40-35-C4-21-7E-E9-E5-6D-AA-D8-07-01-A6">
      <ModulePath>C:\Windows\Microsoft.Net\assembly\GAC_MSIL\Microsoft.Build.Framework\v4.0_4.0.0.0__b03f5f7f11d50a3a\Microsoft.Build.Framework.dll</ModulePath>
      <ModuleTime>2013-08-10T00:53:17.7590805Z</ModuleTime>
      <ModuleName>Microsoft.Build.Framework</ModuleName>
      <Classes />
    </Module>
    <Module skippedDueTo="Filter" hash="48-7C-E0-EB-9E-72-94-13-5C-9C-4A-68-49-35-73-E5-74-0A-87-22">
      <ModulePath>C:\Windows\Microsoft.Net\assembly\GAC_MSIL\System.Data.SqlXml\v4.0_4.0.0.0__b77a5c561934e089\System.Data.SqlXml.dll</ModulePath>
      <ModuleTime>2016-11-30T06:34:16Z</ModuleTime>
      <ModuleName>System.Data.SqlXml</ModuleName>
      <Classes />
    </Module>
    <Module skippedDueTo="Filter" hash="44-3A-9F-13-79-B3-B1-8F-82-F1-71-D2-3E-D5-C6-98-93-19-96-AD">
      <ModulePath>C:\Windows\Microsoft.Net\assembly\GAC_MSIL\System.ServiceModel.Internals\v4.0_4.0.0.0__31bf3856ad364e35\System.ServiceModel.Internals.dll</ModulePath>
      <ModuleTime>2016-11-30T06:34:16Z</ModuleTime>
      <ModuleName>System.ServiceModel.Internals</ModuleName>
      <Classes />
    </Module>
    <Module skippedDueTo="Filter" hash="36-C9-4B-A8-7F-9B-8B-18-13-FD-9E-A0-F2-70-69-B6-CD-67-47-D7">
      <ModulePath>C:\Windows\Microsoft.Net\assembly\GAC_64\System.Transactions\v4.0_4.0.0.0__b77a5c561934e089\System.Transactions.dll</ModulePath>
      <ModuleTime>2016-11-30T06:27:46.5894255Z</ModuleTime>
      <ModuleName>System.Transactions</ModuleName>
      <Classes />
    </Module>
  </Modules>
</CoverageSession>